<html>
<body>
<pre>
<h1>µVision Build Log</h1>
<h2>Tool Versions:</h2>
IDE-Version: ¦ÌVision V5.38.0.0
Copyright (C) 2022 ARM Ltd and ARM Germany GmbH. All rights reserved.
License Information: 1 Administrator, 1, LIC=IK1BF-6GKEV-56VQ2-9X9QS-IGF9C-KS7JR
 
Tool Versions:
Toolchain:       MDK-ARM Plus  Version: 5.38.0.0
Toolchain Path:  D:\Keil_v5\ARM\ARMCC\Bin
C Compiler:      Armcc.exe V5.06 update 7 (build 960)
Assembler:       Armasm.exe V5.06 update 7 (build 960)
Linker/Locator:  ArmLink.exe V5.06 update 7 (build 960)
Library Manager: ArmAr.exe V5.06 update 7 (build 960)
Hex Converter:   FromElf.exe V5.06 update 7 (build 960)
CPU DLL:         SARMCM3.DLL V5.38.0.0
Dialog DLL:      DCM.DLL V1.17.5.0
Target DLL:      STLink\ST-LINKIII-KEIL_SWO.dll V3.1.0.0
Dialog DLL:      TCM.DLL V1.56.4.0
 
<h2>Project:</h2>
g:\stm32f103zet6_standard\LVGLÂã»úÒÆÖ²\project.uvprojx
Project File Date:  01/02/2025

<h2>Output:</h2>
*** Using Compiler 'V5.06 update 7 (build 960)', folder: 'D:\Keil_v5\ARM\ARMCC\Bin'
Build target 'LVGL'
compiling lv_port_disp_template.c...
.\LVGL\GUI\lvgl/src/misc/lv_printf.h(81): warning:  #1362-D: unrecognized format function type "gnu_printf" ignored
  int  lv_snprintf(char * buffer, size_t count, const char * format, ...) LV_FORMAT_ATTRIBUTE(3, 4);
.\LVGL\GUI\lvgl/src/misc/lv_printf.h(82): warning:  #1362-D: unrecognized format function type "gnu_printf" ignored
  int lv_vsnprintf(char * buffer, size_t count, const char * format, va_list va) LV_FORMAT_ATTRIBUTE(3, 0);
.\LVGL\GUI\lvgl/src/hal/../draw/../misc/lv_txt.h(147): warning:  #1362-D: unrecognized format function type "gnu_printf" ignored
  char * _lv_txt_set_text_vfmt(const char * fmt, va_list ap) LV_FORMAT_ATTRIBUTE(1, 0);
.\LVGL\GUI\lvgl/src/widgets/lv_label.h(109): warning:  #1362-D: unrecognized format function type "gnu_printf" ignored
  void lv_label_set_text_fmt(lv_obj_t * obj, const char * fmt, ...) LV_FORMAT_ATTRIBUTE(2, 3);
LVGL\GUI\lvgl\examples\porting\lv_port_disp_template.c: 4 warnings, 0 errors
compiling main.c...
.\LVGL\GUI\lvgl\src/misc/lv_printf.h(81): warning:  #1362-D: unrecognized format function type "gnu_printf" ignored
  int  lv_snprintf(char * buffer, size_t count, const char * format, ...) LV_FORMAT_ATTRIBUTE(3, 4);
.\LVGL\GUI\lvgl\src/misc/lv_printf.h(82): warning:  #1362-D: unrecognized format function type "gnu_printf" ignored
  int lv_vsnprintf(char * buffer, size_t count, const char * format, va_list va) LV_FORMAT_ATTRIBUTE(3, 0);
.\LVGL\GUI\lvgl\src/hal/../draw/../misc/lv_txt.h(147): warning:  #1362-D: unrecognized format function type "gnu_printf" ignored
  char * _lv_txt_set_text_vfmt(const char * fmt, va_list ap) LV_FORMAT_ATTRIBUTE(1, 0);
.\LVGL\GUI\lvgl\src/widgets/lv_label.h(109): warning:  #1362-D: unrecognized format function type "gnu_printf" ignored
  void lv_label_set_text_fmt(lv_obj_t * obj, const char * fmt, ...) LV_FORMAT_ATTRIBUTE(2, 3);
User\main.c: 4 warnings, 0 errors
linking...
Program Size: Code=198654 RO-data=30462 RW-data=604 ZI-data=59620  
FromELF: creating hex file...
".\Objects\LVGL.axf" - 0 Error(s), 8 Warning(s).

<h2>Software Packages used:</h2>

Package Vendor: Keil
                http://www.keil.com/pack/Keil.STM32F1xx_DFP.2.4.0.pack
                Keil.STM32F1xx_DFP.2.4.0
                STMicroelectronics STM32F1 Series Device Support, Drivers and Examples

<h2>Collection of Component include folders:</h2>
  D:/Keil_v5/ARM/Packs/Keil/STM32F1xx_DFP/2.4.0/Device/Include

<h2>Collection of Component Files used:</h2>
Build Time Elapsed:  00:00:13
</pre>
</body>
</html>
