Archive member included to satisfy reference by file (symbol)

D:/toolchain/gcc/xpack-arm-none-eabi-gcc-13.2.1-1.1-win32-x64/xpack-arm-none-eabi-gcc-13.2.1-1.1/bin/../lib/gcc/arm-none-eabi/13.2.1/../../../../arm-none-eabi/lib/thumb/v7-m/nofp\libc_nano.a(libc_a-atexit.o)
                              D:/toolchain/gcc/xpack-arm-none-eabi-gcc-13.2.1-1.1-win32-x64/xpack-arm-none-eabi-gcc-13.2.1-1.1/bin/../lib/gcc/arm-none-eabi/13.2.1/../../../../arm-none-eabi/lib/thumb/v7-m/nofp/crt0.o (atexit)
D:/toolchain/gcc/xpack-arm-none-eabi-gcc-13.2.1-1.1-win32-x64/xpack-arm-none-eabi-gcc-13.2.1-1.1/bin/../lib/gcc/arm-none-eabi/13.2.1/../../../../arm-none-eabi/lib/thumb/v7-m/nofp\libc_nano.a(libc_a-exit.o)
                              D:/toolchain/gcc/xpack-arm-none-eabi-gcc-13.2.1-1.1-win32-x64/xpack-arm-none-eabi-gcc-13.2.1-1.1/bin/../lib/gcc/arm-none-eabi/13.2.1/../../../../arm-none-eabi/lib/thumb/v7-m/nofp/crt0.o (exit)
D:/toolchain/gcc/xpack-arm-none-eabi-gcc-13.2.1-1.1-win32-x64/xpack-arm-none-eabi-gcc-13.2.1-1.1/bin/../lib/gcc/arm-none-eabi/13.2.1/../../../../arm-none-eabi/lib/thumb/v7-m/nofp\libc_nano.a(libc_a-findfp.o)
                              D:/toolchain/gcc/xpack-arm-none-eabi-gcc-13.2.1-1.1-win32-x64/xpack-arm-none-eabi-gcc-13.2.1-1.1/bin/../lib/gcc/arm-none-eabi/13.2.1/../../../../arm-none-eabi/lib/thumb/v7-m/nofp\libc_nano.a(libc_a-exit.o) (__stdio_exit_handler)
D:/toolchain/gcc/xpack-arm-none-eabi-gcc-13.2.1-1.1-win32-x64/xpack-arm-none-eabi-gcc-13.2.1-1.1/bin/../lib/gcc/arm-none-eabi/13.2.1/../../../../arm-none-eabi/lib/thumb/v7-m/nofp\libc_nano.a(libc_a-fwalk.o)
                              D:/toolchain/gcc/xpack-arm-none-eabi-gcc-13.2.1-1.1-win32-x64/xpack-arm-none-eabi-gcc-13.2.1-1.1/bin/../lib/gcc/arm-none-eabi/13.2.1/../../../../arm-none-eabi/lib/thumb/v7-m/nofp\libc_nano.a(libc_a-findfp.o) (_fwalk_sglue)
D:/toolchain/gcc/xpack-arm-none-eabi-gcc-13.2.1-1.1-win32-x64/xpack-arm-none-eabi-gcc-13.2.1-1.1/bin/../lib/gcc/arm-none-eabi/13.2.1/../../../../arm-none-eabi/lib/thumb/v7-m/nofp\libc_nano.a(libc_a-sprintf.o)
                              build/touch.o (sprintf)
D:/toolchain/gcc/xpack-arm-none-eabi-gcc-13.2.1-1.1-win32-x64/xpack-arm-none-eabi-gcc-13.2.1-1.1/bin/../lib/gcc/arm-none-eabi/13.2.1/../../../../arm-none-eabi/lib/thumb/v7-m/nofp\libc_nano.a(libc_a-stdio.o)
                              D:/toolchain/gcc/xpack-arm-none-eabi-gcc-13.2.1-1.1-win32-x64/xpack-arm-none-eabi-gcc-13.2.1-1.1/bin/../lib/gcc/arm-none-eabi/13.2.1/../../../../arm-none-eabi/lib/thumb/v7-m/nofp\libc_nano.a(libc_a-findfp.o) (__sread)
D:/toolchain/gcc/xpack-arm-none-eabi-gcc-13.2.1-1.1-win32-x64/xpack-arm-none-eabi-gcc-13.2.1-1.1/bin/../lib/gcc/arm-none-eabi/13.2.1/../../../../arm-none-eabi/lib/thumb/v7-m/nofp\libc_nano.a(libc_a-memset.o)
                              D:/toolchain/gcc/xpack-arm-none-eabi-gcc-13.2.1-1.1-win32-x64/xpack-arm-none-eabi-gcc-13.2.1-1.1/bin/../lib/gcc/arm-none-eabi/13.2.1/../../../../arm-none-eabi/lib/thumb/v7-m/nofp/crt0.o (memset)
D:/toolchain/gcc/xpack-arm-none-eabi-gcc-13.2.1-1.1-win32-x64/xpack-arm-none-eabi-gcc-13.2.1-1.1/bin/../lib/gcc/arm-none-eabi/13.2.1/../../../../arm-none-eabi/lib/thumb/v7-m/nofp\libc_nano.a(libc_a-closer.o)
                              D:/toolchain/gcc/xpack-arm-none-eabi-gcc-13.2.1-1.1-win32-x64/xpack-arm-none-eabi-gcc-13.2.1-1.1/bin/../lib/gcc/arm-none-eabi/13.2.1/../../../../arm-none-eabi/lib/thumb/v7-m/nofp\libc_nano.a(libc_a-stdio.o) (_close_r)
D:/toolchain/gcc/xpack-arm-none-eabi-gcc-13.2.1-1.1-win32-x64/xpack-arm-none-eabi-gcc-13.2.1-1.1/bin/../lib/gcc/arm-none-eabi/13.2.1/../../../../arm-none-eabi/lib/thumb/v7-m/nofp\libc_nano.a(libc_a-reent.o)
                              D:/toolchain/gcc/xpack-arm-none-eabi-gcc-13.2.1-1.1-win32-x64/xpack-arm-none-eabi-gcc-13.2.1-1.1/bin/../lib/gcc/arm-none-eabi/13.2.1/../../../../arm-none-eabi/lib/thumb/v7-m/nofp\libc_nano.a(libc_a-closer.o) (errno)
D:/toolchain/gcc/xpack-arm-none-eabi-gcc-13.2.1-1.1-win32-x64/xpack-arm-none-eabi-gcc-13.2.1-1.1/bin/../lib/gcc/arm-none-eabi/13.2.1/../../../../arm-none-eabi/lib/thumb/v7-m/nofp\libc_nano.a(libc_a-impure.o)
                              D:/toolchain/gcc/xpack-arm-none-eabi-gcc-13.2.1-1.1-win32-x64/xpack-arm-none-eabi-gcc-13.2.1-1.1/bin/../lib/gcc/arm-none-eabi/13.2.1/../../../../arm-none-eabi/lib/thumb/v7-m/nofp\libc_nano.a(libc_a-sprintf.o) (_impure_ptr)
D:/toolchain/gcc/xpack-arm-none-eabi-gcc-13.2.1-1.1-win32-x64/xpack-arm-none-eabi-gcc-13.2.1-1.1/bin/../lib/gcc/arm-none-eabi/13.2.1/../../../../arm-none-eabi/lib/thumb/v7-m/nofp\libc_nano.a(libc_a-lseekr.o)
                              D:/toolchain/gcc/xpack-arm-none-eabi-gcc-13.2.1-1.1-win32-x64/xpack-arm-none-eabi-gcc-13.2.1-1.1/bin/../lib/gcc/arm-none-eabi/13.2.1/../../../../arm-none-eabi/lib/thumb/v7-m/nofp\libc_nano.a(libc_a-stdio.o) (_lseek_r)
[...]
Memory Configuration

Name             Origin             Length             Attributes
RAM              0x20000000         0x00010000         xrw
FLASH            0x08000000         0x00080000         xr
*default*        0x00000000         0xffffffff

Linker script and memory map

LOAD D:/toolchain/gcc/xpack-arm-none-eabi-gcc-13.2.1-1.1-win32-x64/xpack-arm-none-eabi-gcc-13.2.1-1.1/bin/../lib/gcc/arm-none-eabi/13.2.1/thumb/v7-m/nofp/crti.o
LOAD D:/toolchain/gcc/xpack-arm-none-eabi-gcc-13.2.1-1.1-win32-x64/xpack-arm-none-eabi-gcc-13.2.1-1.1/bin/../lib/gcc/arm-none-eabi/13.2.1/thumb/v7-m/nofp/crtbegin.o
LOAD D:/toolchain/gcc/xpack-arm-none-eabi-gcc-13.2.1-1.1-win32-x64/xpack-arm-none-eabi-gcc-13.2.1-1.1/bin/../lib/gcc/arm-none-eabi/13.2.1/../../../../arm-none-eabi/lib/thumb/v7-m/nofp/crt0.o
LOAD build/main.o
LOAD build/touch.o
LOAD build/lcd.o
LOAD build/I2C.o
LOAD build/delay.o
LOAD build/sys.o
LOAD build/AT24C02.o
LOAD build/led.o
LOAD build/key.o
LOAD build/stm32f1xx_it.o
LOAD build/stm32f1xx_hal_msp.o
LOAD build/stm32f1xx_hal_sram.o
LOAD build/stm32f1xx_ll_fsmc.o
LOAD build/stm32f1xx_hal_gpio_ex.o
LOAD build/stm32f1xx_hal_tim.o
LOAD build/stm32f1xx_hal_tim_ex.o
LOAD build/stm32f1xx_hal.o
LOAD build/stm32f1xx_hal_rcc.o
LOAD build/stm32f1xx_hal_rcc_ex.o
LOAD build/stm32f1xx_hal_gpio.o
LOAD build/stm32f1xx_hal_dma.o
LOAD build/stm32f1xx_hal_cortex.o
LOAD build/stm32f1xx_hal_pwr.o
LOAD build/stm32f1xx_hal_flash.o
LOAD build/stm32f1xx_hal_flash_ex.o
LOAD build/stm32f1xx_hal_exti.o
LOAD build/system_stm32f1xx.o
LOAD build/startup_stm32f103xe.o
LOAD D:/toolchain/gcc/xpack-arm-none-eabi-gcc-13.2.1-1.1-win32-x64/xpack-arm-none-eabi-gcc-13.2.1-1.1/bin/../lib/gcc/arm-none-eabi/13.2.1/../../../../arm-none-eabi/lib/thumb/v7-m/nofp\libc_nano.a
LOAD D:/toolchain/gcc/xpack-arm-none-eabi-gcc-13.2.1-1.1-win32-x64/xpack-arm-none-eabi-gcc-13.2.1-1.1/bin/../lib/gcc/arm-none-eabi/13.2.1/../../../../arm-none-eabi/lib/thumb/v7-m/nofp\libm.a
LOAD D:/toolchain/gcc/xpack-arm-none-eabi-gcc-13.2.1-1.1-win32-x64/xpack-arm-none-eabi-gcc-13.2.1-1.1/bin/../lib/gcc/arm-none-eabi/13.2.1/../../../../arm-none-eabi/lib/thumb/v7-m/nofp\libnosys.a
START GROUP
LOAD D:/toolchain/gcc/xpack-arm-none-eabi-gcc-13.2.1-1.1-win32-x64/xpack-arm-none-eabi-gcc-13.2.1-1.1/bin/../lib/gcc/arm-none-eabi/13.2.1/thumb/v7-m/nofp\libgcc.a
LOAD D:/toolchain/gcc/xpack-arm-none-eabi-gcc-13.2.1-1.1-win32-x64/xpack-arm-none-eabi-gcc-13.2.1-1.1/bin/../lib/gcc/arm-none-eabi/13.2.1/../../../../arm-none-eabi/lib/thumb/v7-m/nofp\libc_nano.a
END GROUP
START GROUP
LOAD D:/toolchain/gcc/xpack-arm-none-eabi-gcc-13.2.1-1.1-win32-x64/xpack-arm-none-eabi-gcc-13.2.1-1.1/bin/../lib/gcc/arm-none-eabi/13.2.1/thumb/v7-m/nofp\libgcc.a
LOAD D:/toolchain/gcc/xpack-arm-none-eabi-gcc-13.2.1-1.1-win32-x64/xpack-arm-none-eabi-gcc-13.2.1-1.1/bin/../lib/gcc/arm-none-eabi/13.2.1/../../../../arm-none-eabi/lib/thumb/v7-m/nofp\libc_nano.a
END GROUP
LOAD D:/toolchain/gcc/xpack-arm-none-eabi-gcc-13.2.1-1.1-win32-x64/xpack-arm-none-eabi-gcc-13.2.1-1.1/bin/../lib/gcc/arm-none-eabi/13.2.1/thumb/v7-m/nofp/crtend.o
LOAD D:/toolchain/gcc/xpack-arm-none-eabi-gcc-13.2.1-1.1-win32-x64/xpack-arm-none-eabi-gcc-13.2.1-1.1/bin/../lib/gcc/arm-none-eabi/13.2.1/thumb/v7-m/nofp/crtn.o
                0x20010000                        _estack = 0x20010000
                0x00000200                        _Min_Heap_Size = 0x200
                0x00000400                        _Min_Stack_Size = 0x400

.isr_vector     0x08000000      0x1e4
                0x08000000                        . = ALIGN (0x4)
 *(.isr_vector)
 .isr_vector    0x08000000      0x1e4 build/startup_stm32f103xe.o
                0x08000000                g_pfnVectors
                0x080001e4                        . = ALIGN (0x4)

.text           0x080001e8     0x3d90
                0x080001e8                        . = ALIGN (0x4)
 *(.text)
 .text          0x080001e8      0x378 D:/toolchain/gcc/xpack-arm-none-eabi-gcc-13.2.1-1.1-win32-x64/xpack-arm-none-eabi-gcc-13.2.1-1.1/bin/../lib/gcc/arm-none-eabi/13.2.1/thumb/v7-m/nofp\libgcc.a(_arm_addsubdf3.o)
                0x080001e8                __aeabi_drsub
                0x080001f0                __aeabi_dsub
                0x080001f0                __subdf3
                0x080001f4                __aeabi_dadd
                0x080001f4                __adddf3
                0x0800046c                __floatunsidf
                0x0800046c                __aeabi_ui2d
                0x0800048c                __floatsidf
                0x0800048c                __aeabi_i2d
                0x080004b0                __aeabi_f2d
                0x080004b0                __extendsfdf2
                0x080004f4                __floatundidf
                0x080004f4                __aeabi_ul2d
                0x08000504                __floatdidf
                0x08000504                __aeabi_l2d
 .text          0x08000560      0x424 D:/toolchain/gcc/xpack-arm-none-eabi-gcc-13.2.1-1.1-win32-x64/xpack-arm-none-eabi-gcc-13.2.1-1.1/bin/../lib/gcc/arm-none-eabi/13.2.1/thumb/v7-m/nofp\libgcc.a(_arm_muldivdf3.o)
                0x08000560                __aeabi_dmul
                0x08000560                __muldf3
                0x080007b4                __divdf3
                0x080007b4                __aeabi_ddiv
 .text          0x08000984      0x110 D:/toolchain/gcc/xpack-arm-none-eabi-gcc-13.2.1-1.1-win32-x64/xpack-arm-none-eabi-gcc-13.2.1-1.1/bin/../lib/gcc/arm-none-eabi/13.2.1/thumb/v7-m/nofp\libgcc.a(_arm_cmpdf2.o)
                0x08000984                __gtdf2
                0x08000984                __gedf2
                0x0800098c                __ltdf2
                0x0800098c                __ledf2
                0x08000994                __nedf2
                0x08000994                __eqdf2
                0x08000994                __cmpdf2
                0x08000a10                __aeabi_cdrcmple
                0x08000a20                __aeabi_cdcmpeq
                0x08000a20                __aeabi_cdcmple
                0x08000a30                __aeabi_dcmpeq
                0x08000a44                __aeabi_dcmplt
                0x08000a58                __aeabi_dcmple
                0x08000a6c                __aeabi_dcmpge
                0x08000a80                __aeabi_dcmpgt
 .text          0x08000a94       0x50 D:/toolchain/gcc/xpack-arm-none-eabi-gcc-13.2.1-1.1-win32-x64/xpack-arm-none-eabi-gcc-13.2.1-1.1/bin/../lib/gcc/arm-none-eabi/13.2.1/thumb/v7-m/nofp\libgcc.a(_arm_fixdfsi.o)
                0x08000a94                __aeabi_d2iz
                0x08000a94                __fixdfsi
 .text          0x08000ae4       0x40 D:/toolchain/gcc/xpack-arm-none-eabi-gcc-13.2.1-1.1-win32-x64/xpack-arm-none-eabi-gcc-13.2.1-1.1/bin/../lib/gcc/arm-none-eabi/13.2.1/thumb/v7-m/nofp\libgcc.a(_arm_fixunsdfsi.o)
                0x08000ae4                __aeabi_d2uiz
                0x08000ae4                __fixunsdfsi
 .text          0x08000b24       0xa0 D:/toolchain/gcc/xpack-arm-none-eabi-gcc-13.2.1-1.1-win32-x64/xpack-arm-none-eabi-gcc-13.2.1-1.1/bin/../lib/gcc/arm-none-eabi/13.2.1/thumb/v7-m/nofp\libgcc.a(_arm_truncdfsf2.o)
                0x08000b24                __truncdfsf2
                0x08000b24                __aeabi_d2f
 .text          0x08000bc4      0x21c D:/toolchain/gcc/xpack-arm-none-eabi-gcc-13.2.1-1.1-win32-x64/xpack-arm-none-eabi-gcc-13.2.1-1.1/bin/../lib/gcc/arm-none-eabi/13.2.1/thumb/v7-m/nofp\libgcc.a(_arm_addsubsf3.o)
                0x08000bc4                __aeabi_frsub
                0x08000bcc                __subsf3
                0x08000bcc                __aeabi_fsub
                0x08000bd0                __aeabi_fadd
                0x08000bd0                __addsf3
                0x08000d30                __aeabi_ui2f
                0x08000d30                __floatunsisf
                0x08000d38                __aeabi_i2f
                0x08000d38                __floatsisf
                0x08000d54                __aeabi_ul2f
                0x08000d54                __floatundisf
                0x08000d64                __aeabi_l2f
                0x08000d64                __floatdisf
 .text          0x08000de0      0x2a0 D:/toolchain/gcc/xpack-arm-none-eabi-gcc-13.2.1-1.1-win32-x64/xpack-arm-none-eabi-gcc-13.2.1-1.1/bin/../lib/gcc/arm-none-eabi/13.2.1/thumb/v7-m/nofp\libgcc.a(_arm_muldivsf3.o)
                0x08000de0                __mulsf3
                0x08000de0                __aeabi_fmul
                0x08000f48                __aeabi_fdiv
                0x08000f48                __divsf3
 .text          0x08001080       0x40 D:/toolchain/gcc/xpack-arm-none-eabi-gcc-13.2.1-1.1-win32-x64/xpack-arm-none-eabi-gcc-13.2.1-1.1/bin/../lib/gcc/arm-none-eabi/13.2.1/thumb/v7-m/nofp\libgcc.a(_arm_fixunssfsi.o)
                0x08001080                __fixunssfsi
                0x08001080                __aeabi_f2uiz
 *(.text*)
 .text.__do_global_dtors_aux
                0x080010c0       0x24 D:/toolchain/gcc/xpack-arm-none-eabi-gcc-13.2.1-1.1-win32-x64/xpack-arm-none-eabi-gcc-13.2.1-1.1/bin/../lib/gcc/arm-none-eabi/13.2.1/thumb/v7-m/nofp/crtbegin.o
 .text.frame_dummy
                0x080010e4       0x1c D:/toolchain/gcc/xpack-arm-none-eabi-gcc-13.2.1-1.1-win32-x64/xpack-arm-none-eabi-gcc-13.2.1-1.1/bin/../lib/gcc/arm-none-eabi/13.2.1/thumb/v7-m/nofp/crtbegin.o
 .text.load_draw_dialog
                0x08001100       0x34 build/main.o
                0x08001100                load_draw_dialog
 .text.rtp_test
                0x08001134       0x90 build/main.o
                0x08001134                rtp_test
 .text.main     0x080011c4       0xb0 build/main.o
                0x080011c4                main
 .text.TOUCH_SCK
                0x08001274       0x20 build/touch.o
                0x08001274                TOUCH_SCK
 .text.TOUCH_MOSI
                0x08001294       0x24 build/touch.o
                0x08001294                TOUCH_MOSI
 .text.TOUCH_CS
                0x080012b8       0x24 build/touch.o
                0x080012b8                TOUCH_CS
 .text.touch_writeByte
                0x080012dc       0x3c build/touch.o
                0x080012dc                touch_writeByte
 .text.touch_readADC
                0x08001318       0x88 build/touch.o
                0x08001318                touch_readADC
 .text.touch_readXOY
                0x080013a0       0x98 build/touch.o
                0x080013a0                touch_readXOY
 .text.touch_readXY
                0x08001438       0x18 build/touch.o
                0x08001438                touch_readXY
 .text.touch_readXY2
                0x08001450       0x84 build/touch.o
                0x08001450                touch_readXY2
 .text.touchScan
                0x080014d4       0xd0 build/touch.o
                0x080014d4                touchScan
 .text.touch_drawPoint
                0x080015a4       0x8a build/touch.o
                0x080015a4                touch_drawPoint
 .text.touch_drawBigPoint
                0x0800162e       0x34 build/touch.o
                0x0800162e                touch_drawBigPoint
 *fill*         0x08001662        0x2 
 .text.touch_saveAdjustData
                0x08001664       0x1c build/touch.o
                0x08001664                touch_saveAdjustData
 .text.touch_getAdjustData
                0x08001680       0x24 build/touch.o
                0x08001680                touch_getAdjustData
 .text.touch_adjustInfoShow
                0x080016a4      0x110 build/touch.o
                0x080016a4                touch_adjustInfoShow
 *fill*         0x080017b4        0x4 
 .text.touchAdjust
                0x080017b8      0x440 build/touch.o
                0x080017b8                touchAdjust
 .text.touchInit
                0x08001bf8       0xd8 build/touch.o
                0x08001bf8                touchInit
 .text.LCD_writeRegNum
                0x08001cd0        0xc build/lcd.o
                0x08001cd0                LCD_writeRegNum
 .text.LCD_writeData
                0x08001cdc        0xc build/lcd.o
                0x08001cdc                LCD_writeData
 .text.LCD_writeReg
                0x08001ce8       0x10 build/lcd.o
                0x08001ce8                LCD_writeReg
 .text.LCD_setCursor
                0x08001cf8       0x2c build/lcd.o
                0x08001cf8                LCD_setCursor
 .text.LCD_prepareWriteRam
                0x08001d24       0x10 build/lcd.o
                0x08001d24                LCD_prepareWriteRam
 .text.LCD_drawPoint
                0x08001d34       0x1c build/lcd.o
                0x08001d34                LCD_drawPoint
 .text.LCD_clear
                0x08001d50       0x2c build/lcd.o
                0x08001d50                LCD_clear
 .text.LCD_Pow  0x08001d7c       0x16 build/lcd.o
                0x08001d7c                LCD_Pow
 *fill*         0x08001d92        0x2 
 .text.LCD_showChar
                0x08001d94      0x104 build/lcd.o
                0x08001d94                LCD_showChar
 .text.LCD_showNum
                0x08001e98       0xa4 build/lcd.o
                0x08001e98                LCD_showNum
 .text.LCD_showString
                0x08001f3c       0x66 build/lcd.o
                0x08001f3c                LCD_showString
 .text.lcd_ex_st7789_reginit
                0x08001fa2      0x1a8 build/lcd.o
                0x08001fa2                lcd_ex_st7789_reginit
 *fill*         0x0800214a        0x2 
 .text.LCD_Init
                0x0800214c      0x184 build/lcd.o
                0x0800214c                LCD_Init
 .text.LCD_fill
                0x080022d0       0x48 build/lcd.o
                0x080022d0                LCD_fill
 .text.LCD_drawLine
                0x08002318       0xa8 build/lcd.o
                0x08002318                LCD_drawLine
 .text.LCD_drawCircle
                0x080023c0       0xe2 build/lcd.o
                0x080023c0                LCD_drawCircle
 *fill*         0x080024a2        0x2 
 .text.SCL      0x080024a4       0x20 build/I2C.o
                0x080024a4                SCL
 .text.SDA      0x080024c4       0x20 build/I2C.o
                0x080024c4                SDA
 .text.I2C_delay
                0x080024e4        0xa build/I2C.o
                0x080024e4                I2C_delay
 .text.I2C_start
                0x080024ee       0x28 build/I2C.o
                0x080024ee                I2C_start
 .text.I2C_end  0x08002516       0x22 build/I2C.o
                0x08002516                I2C_end
 .text.I2C_Init
                0x08002538       0x50 build/I2C.o
                0x08002538                I2C_Init
 .text.I2C_sendByte
                0x08002588       0x3a build/I2C.o
                0x08002588                I2C_sendByte
 *fill*         0x080025c2        0x2 
 .text.I2C_receiveACK
                0x080025c4       0x44 build/I2C.o
                0x080025c4                I2C_receiveACK
 .text.I2C_sendACK
                0x08002608       0x2c build/I2C.o
                0x08002608                I2C_sendACK
 .text.I2C_sendNACK
                0x08002634       0x22 build/I2C.o
                0x08002634                I2C_sendNACK
 *fill*         0x08002656        0x2 
 .text.I2C_receiveByte
                0x08002658       0x50 build/I2C.o
                0x08002658                I2C_receiveByte
 .text.delay_init
                0x080026a8        0xc build/delay.o
                0x080026a8                delay_init
 .text.delay_us
                0x080026b4       0x3c build/delay.o
                0x080026b4                delay_us
 .text.delay_ms
                0x080026f0       0x10 build/delay.o
                0x080026f0                delay_ms
 .text.HAL_Delay
                0x08002700        0xa build/delay.o
                0x08002700                HAL_Delay
 .text.sys_stm32_clock_init
                0x0800270a       0x5a build/sys.o
                0x0800270a                sys_stm32_clock_init
 .text.AT24C02_Init
                0x08002764        0x8 build/AT24C02.o
                0x08002764                AT24C02_Init
 .text.AT24C02_receiveByte
                0x0800276c       0x48 build/AT24C02.o
                0x0800276c                AT24C02_receiveByte
 .text.AT24C02_writeByte
                0x080027b4       0x40 build/AT24C02.o
                0x080027b4                AT24C02_writeByte
 .text.AT24C02_read
                0x080027f4       0x22 build/AT24C02.o
                0x080027f4                AT24C02_read
 .text.AT24C02_write
                0x08002816       0x22 build/AT24C02.o
                0x08002816                AT24C02_write
 .text.LED_Init
                0x08002838       0x74 build/led.o
                0x08002838                LED_Init
 .text.LED_Toggle
                0x080028ac        0x8 build/led.o
                0x080028ac                LED_Toggle
 .text.Key_Init
                0x080028b4       0x98 build/key.o
                0x080028b4                Key_Init
 .text.getKeyNum
                0x0800294c       0xb4 build/key.o
                0x0800294c                getKeyNum
 .text.NMI_Handler
                0x08002a00        0x2 build/stm32f1xx_it.o
                0x08002a00                NMI_Handler
 .text.HardFault_Handler
                0x08002a02        0x2 build/stm32f1xx_it.o
                0x08002a02                HardFault_Handler
 .text.MemManage_Handler
                0x08002a04        0x2 build/stm32f1xx_it.o
                0x08002a04                MemManage_Handler
 .text.BusFault_Handler
                0x08002a06        0x2 build/stm32f1xx_it.o
                0x08002a06                BusFault_Handler
 .text.UsageFault_Handler
                0x08002a08        0x2 build/stm32f1xx_it.o
                0x08002a08                UsageFault_Handler
 .text.SVC_Handler
                0x08002a0a        0x2 build/stm32f1xx_it.o
                0x08002a0a                SVC_Handler
 .text.DebugMon_Handler
                0x08002a0c        0x2 build/stm32f1xx_it.o
                0x08002a0c                DebugMon_Handler
 .text.PendSV_Handler
                0x08002a0e        0x2 build/stm32f1xx_it.o
                0x08002a0e                PendSV_Handler
 .text.SysTick_Handler
                0x08002a10        0x8 build/stm32f1xx_it.o
                0x08002a10                SysTick_Handler
 .text.HAL_MspInit
                0x08002a18       0x44 build/stm32f1xx_hal_msp.o
                0x08002a18                HAL_MspInit
 .text.HAL_SRAM_MspInit
                0x08002a5c        0x2 build/stm32f1xx_hal_sram.o
                0x08002a5c                HAL_SRAM_MspInit
 .text.HAL_SRAM_Init
                0x08002a5e       0x64 build/stm32f1xx_hal_sram.o
                0x08002a5e                HAL_SRAM_Init
 *fill*         0x08002ac2        0x2 
 .text.FSMC_NORSRAM_Init
                0x08002ac4       0x68 build/stm32f1xx_ll_fsmc.o
                0x08002ac4                FSMC_NORSRAM_Init
 .text.FSMC_NORSRAM_Timing_Init
                0x08002b2c       0x50 build/stm32f1xx_ll_fsmc.o
                0x08002b2c                FSMC_NORSRAM_Timing_Init
 .text.FSMC_NORSRAM_Extended_Timing_Init
                0x08002b7c       0x44 build/stm32f1xx_ll_fsmc.o
                0x08002b7c                FSMC_NORSRAM_Extended_Timing_Init
 .text.HAL_InitTick
                0x08002bc0       0x4c build/stm32f1xx_hal.o
                0x08002bc0                HAL_InitTick
 .text.HAL_Init
                0x08002c0c       0x24 build/stm32f1xx_hal.o
                0x08002c0c                HAL_Init
 .text.HAL_IncTick
                0x08002c30       0x18 build/stm32f1xx_hal.o
                0x08002c30                HAL_IncTick
 .text.HAL_GetTick
                0x08002c48        0xc build/stm32f1xx_hal.o
                0x08002c48                HAL_GetTick
 .text.RCC_Delay
                0x08002c54       0x2c build/stm32f1xx_hal_rcc.o
 .text.HAL_RCC_OscConfig
                0x08002c80      0x410 build/stm32f1xx_hal_rcc.o
                0x08002c80                HAL_RCC_OscConfig
 .text.HAL_RCC_GetSysClockFreq
                0x08003090       0x70 build/stm32f1xx_hal_rcc.o
                0x08003090                HAL_RCC_GetSysClockFreq
 .text.HAL_RCC_ClockConfig
                0x08003100      0x16c build/stm32f1xx_hal_rcc.o
                0x08003100                HAL_RCC_ClockConfig
 .text.HAL_GPIO_Init
                0x0800326c      0x238 build/stm32f1xx_hal_gpio.o
                0x0800326c                HAL_GPIO_Init
 .text.HAL_GPIO_ReadPin
                0x080034a4        0xe build/stm32f1xx_hal_gpio.o
                0x080034a4                HAL_GPIO_ReadPin
 .text.HAL_GPIO_WritePin
                0x080034b2        0xc build/stm32f1xx_hal_gpio.o
                0x080034b2                HAL_GPIO_WritePin
 .text.HAL_GPIO_TogglePin
                0x080034be       0x12 build/stm32f1xx_hal_gpio.o
                0x080034be                HAL_GPIO_TogglePin
 .text.__NVIC_SetPriority
                0x080034d0       0x28 build/stm32f1xx_hal_cortex.o
 .text.NVIC_EncodePriority
                0x080034f8       0x3e build/stm32f1xx_hal_cortex.o
 *fill*         0x08003536        0x2 
 .text.HAL_NVIC_SetPriorityGrouping
                0x08003538       0x24 build/stm32f1xx_hal_cortex.o
                0x08003538                HAL_NVIC_SetPriorityGrouping
 .text.HAL_NVIC_SetPriority
                0x0800355c       0x20 build/stm32f1xx_hal_cortex.o
                0x0800355c                HAL_NVIC_SetPriority
 .text.HAL_SYSTICK_Config
                0x0800357c       0x28 build/stm32f1xx_hal_cortex.o
                0x0800357c                HAL_SYSTICK_Config
 .text.SystemInit
                0x080035a4        0x2 build/system_stm32f1xx.o
                0x080035a4                SystemInit
 *fill*         0x080035a6        0x2 
 .text.Reset_Handler
                0x080035a8       0x48 build/startup_stm32f103xe.o
                0x080035a8                Reset_Handler
 .text.Default_Handler
                0x080035f0        0x2 build/startup_stm32f103xe.o
                0x080035f0                RTC_Alarm_IRQHandler
                0x080035f0                EXTI2_IRQHandler
                0x080035f0                TIM8_TRG_COM_IRQHandler
                0x080035f0                TIM8_CC_IRQHandler
                0x080035f0                TIM1_CC_IRQHandler
                0x080035f0                TIM6_IRQHandler
                0x080035f0                PVD_IRQHandler
                0x080035f0                SDIO_IRQHandler
                0x080035f0                EXTI3_IRQHandler
                0x080035f0                EXTI0_IRQHandler
                0x080035f0                I2C2_EV_IRQHandler
                0x080035f0                ADC1_2_IRQHandler
                0x080035f0                SPI1_IRQHandler
                0x080035f0                TAMPER_IRQHandler
                0x080035f0                TIM8_UP_IRQHandler
                0x080035f0                DMA2_Channel2_IRQHandler
                0x080035f0                DMA1_Channel4_IRQHandler
                0x080035f0                USART3_IRQHandler
                0x080035f0                RTC_IRQHandler
                0x080035f0                DMA1_Channel7_IRQHandler
                0x080035f0                CAN1_RX1_IRQHandler
                0x080035f0                UART5_IRQHandler
                0x080035f0                ADC3_IRQHandler
                0x080035f0                TIM4_IRQHandler
                0x080035f0                DMA2_Channel1_IRQHandler
                0x080035f0                I2C1_EV_IRQHandler
                0x080035f0                DMA1_Channel6_IRQHandler
                0x080035f0                UART4_IRQHandler
                0x080035f0                TIM3_IRQHandler
                0x080035f0                RCC_IRQHandler
                0x080035f0                TIM1_TRG_COM_IRQHandler
                0x080035f0                DMA1_Channel1_IRQHandler
                0x080035f0                Default_Handler
                0x080035f0                EXTI15_10_IRQHandler
                0x080035f0                TIM7_IRQHandler
                0x080035f0                TIM5_IRQHandler
                0x080035f0                EXTI9_5_IRQHandler
                0x080035f0                SPI2_IRQHandler
                0x080035f0                DMA1_Channel5_IRQHandler
                0x080035f0                EXTI4_IRQHandler
                0x080035f0                USB_LP_CAN1_RX0_IRQHandler
                0x080035f0                USB_HP_CAN1_TX_IRQHandler
                0x080035f0                DMA1_Channel3_IRQHandler
                0x080035f0                FSMC_IRQHandler
                0x080035f0                TIM1_UP_IRQHandler
                0x080035f0                WWDG_IRQHandler
                0x080035f0                TIM2_IRQHandler
                0x080035f0                TIM1_BRK_IRQHandler
                0x080035f0                EXTI1_IRQHandler
                0x080035f0                DMA2_Channel4_5_IRQHandler
                0x080035f0                USART2_IRQHandler
                0x080035f0                I2C2_ER_IRQHandler
                0x080035f0                DMA1_Channel2_IRQHandler
                0x080035f0                TIM8_BRK_IRQHandler
                0x080035f0                CAN1_SCE_IRQHandler
                0x080035f0                FLASH_IRQHandler
                0x080035f0                USART1_IRQHandler
                0x080035f0                SPI3_IRQHandler
                0x080035f0                I2C1_ER_IRQHandler
                0x080035f0                USBWakeUp_IRQHandler
                0x080035f0                DMA2_Channel3_IRQHandler
 *fill*         0x080035f2        0x2 
 .text.sprintf  0x080035f4       0x40 D:/toolchain/gcc/xpack-arm-none-eabi-gcc-13.2.1-1.1-win32-x64/xpack-arm-none-eabi-gcc-13.2.1-1.1/bin/../lib/gcc/arm-none-eabi/13.2.1/../../../../arm-none-eabi/lib/thumb/v7-m/nofp\libc_nano.a(libc_a-sprintf.o)
                0x080035f4                siprintf
                0x080035f4                sprintf
 .text.memset   0x08003634       0x10 D:/toolchain/gcc/xpack-arm-none-eabi-gcc-13.2.1-1.1-win32-x64/xpack-arm-none-eabi-gcc-13.2.1-1.1/bin/../lib/gcc/arm-none-eabi/13.2.1/../../../../arm-none-eabi/lib/thumb/v7-m/nofp\libc_nano.a(libc_a-memset.o)
                0x08003634                memset
 .text.__libc_init_array
                0x08003644       0x48 D:/toolchain/gcc/xpack-arm-none-eabi-gcc-13.2.1-1.1-win32-x64/xpack-arm-none-eabi-gcc-13.2.1-1.1/bin/../lib/gcc/arm-none-eabi/13.2.1/../../../../arm-none-eabi/lib/thumb/v7-m/nofp\libc_nano.a(libc_a-init.o)
                0x08003644                __libc_init_array
 .text.__retarget_lock_acquire_recursive
                0x0800368c        0x2 D:/toolchain/gcc/xpack-arm-none-eabi-gcc-13.2.1-1.1-win32-x64/xpack-arm-none-eabi-gcc-13.2.1-1.1/bin/../lib/gcc/arm-none-eabi/13.2.1/../../../../arm-none-eabi/lib/thumb/v7-m/nofp\libc_nano.a(libc_a-lock.o)
                0x0800368c                __retarget_lock_acquire_recursive
 .text.__retarget_lock_release_recursive
                0x0800368e        0x2 D:/toolchain/gcc/xpack-arm-none-eabi-gcc-13.2.1-1.1-win32-x64/xpack-arm-none-eabi-gcc-13.2.1-1.1/bin/../lib/gcc/arm-none-eabi/13.2.1/../../../../arm-none-eabi/lib/thumb/v7-m/nofp\libc_nano.a(libc_a-lock.o)
                0x0800368e                __retarget_lock_release_recursive
 .text._free_r  0x08003690       0x90 D:/toolchain/gcc/xpack-arm-none-eabi-gcc-13.2.1-1.1-win32-x64/xpack-arm-none-eabi-gcc-13.2.1-1.1/bin/../lib/gcc/arm-none-eabi/13.2.1/../../../../arm-none-eabi/lib/thumb/v7-m/nofp\libc_nano.a(libc_a-freer.o)
                0x08003690                _free_r
 .text.sbrk_aligned
                0x08003720       0x44 D:/toolchain/gcc/xpack-arm-none-eabi-gcc-13.2.1-1.1-win32-x64/xpack-arm-none-eabi-gcc-13.2.1-1.1/bin/../lib/gcc/arm-none-eabi/13.2.1/../../../../arm-none-eabi/lib/thumb/v7-m/nofp\libc_nano.a(libc_a-mallocr.o)
 .text._malloc_r
                0x08003764      0x100 D:/toolchain/gcc/xpack-arm-none-eabi-gcc-13.2.1-1.1-win32-x64/xpack-arm-none-eabi-gcc-13.2.1-1.1/bin/../lib/gcc/arm-none-eabi/13.2.1/../../../../arm-none-eabi/lib/thumb/v7-m/nofp\libc_nano.a(libc_a-mallocr.o)
                0x08003764                _malloc_r
 .text.__malloc_lock
                0x08003864        0xc D:/toolchain/gcc/xpack-arm-none-eabi-gcc-13.2.1-1.1-win32-x64/xpack-arm-none-eabi-gcc-13.2.1-1.1/bin/../lib/gcc/arm-none-eabi/13.2.1/../../../../arm-none-eabi/lib/thumb/v7-m/nofp\libc_nano.a(libc_a-mlock.o)
                0x08003864                __malloc_lock
 .text.__malloc_unlock
                0x08003870        0xc D:/toolchain/gcc/xpack-arm-none-eabi-gcc-13.2.1-1.1-win32-x64/xpack-arm-none-eabi-gcc-13.2.1-1.1/bin/../lib/gcc/arm-none-eabi/13.2.1/../../../../arm-none-eabi/lib/thumb/v7-m/nofp\libc_nano.a(libc_a-mlock.o)
                0x08003870                __malloc_unlock
 .text.__ssputs_r
                0x0800387c       0xb6 D:/toolchain/gcc/xpack-arm-none-eabi-gcc-13.2.1-1.1-win32-x64/xpack-arm-none-eabi-gcc-13.2.1-1.1/bin/../lib/gcc/arm-none-eabi/13.2.1/../../../../arm-none-eabi/lib/thumb/v7-m/nofp\libc_nano.a(libc_a-nano-svfprintf.o)
                0x0800387c                __ssputs_r
 *fill*         0x08003932        0x2 
 .text._svfprintf_r
                0x08003934      0x1f8 D:/toolchain/gcc/xpack-arm-none-eabi-gcc-13.2.1-1.1-win32-x64/xpack-arm-none-eabi-gcc-13.2.1-1.1/bin/../lib/gcc/arm-none-eabi/13.2.1/../../../../arm-none-eabi/lib/thumb/v7-m/nofp\libc_nano.a(libc_a-nano-svfprintf.o)
                0x08003934                _svfiprintf_r
                0x08003934                _svfprintf_r
 .text._printf_common
                0x08003b2c       0xe4 D:/toolchain/gcc/xpack-arm-none-eabi-gcc-13.2.1-1.1-win32-x64/xpack-arm-none-eabi-gcc-13.2.1-1.1/bin/../lib/gcc/arm-none-eabi/13.2.1/../../../../arm-none-eabi/lib/thumb/v7-m/nofp\libc_nano.a(libc_a-nano-vfprintf_i.o)
                0x08003b2c                _printf_common
 .text._printf_i
                0x08003c10      0x23c D:/toolchain/gcc/xpack-arm-none-eabi-gcc-13.2.1-1.1-win32-x64/xpack-arm-none-eabi-gcc-13.2.1-1.1/bin/../lib/gcc/arm-none-eabi/13.2.1/../../../../arm-none-eabi/lib/thumb/v7-m/nofp\libc_nano.a(libc_a-nano-vfprintf_i.o)
                0x08003c10                _printf_i
 .text.memmove  0x08003e4c       0x34 D:/toolchain/gcc/xpack-arm-none-eabi-gcc-13.2.1-1.1-win32-x64/xpack-arm-none-eabi-gcc-13.2.1-1.1/bin/../lib/gcc/arm-none-eabi/13.2.1/../../../../arm-none-eabi/lib/thumb/v7-m/nofp\libc_nano.a(libc_a-memmove.o)
                0x08003e4c                memmove
 .text._sbrk_r  0x08003e80       0x20 D:/toolchain/gcc/xpack-arm-none-eabi-gcc-13.2.1-1.1-win32-x64/xpack-arm-none-eabi-gcc-13.2.1-1.1/bin/../lib/gcc/arm-none-eabi/13.2.1/../../../../arm-none-eabi/lib/thumb/v7-m/nofp\libc_nano.a(libc_a-sbrkr.o)
                0x08003e80                _sbrk_r
 .text.memchr   0x08003ea0       0x1c D:/toolchain/gcc/xpack-arm-none-eabi-gcc-13.2.1-1.1-win32-x64/xpack-arm-none-eabi-gcc-13.2.1-1.1/bin/../lib/gcc/arm-none-eabi/13.2.1/../../../../arm-none-eabi/lib/thumb/v7-m/nofp\libc_nano.a(libc_a-memchr-stub.o)
                0x08003ea0                memchr
 .text.memcpy   0x08003ebc       0x1c D:/toolchain/gcc/xpack-arm-none-eabi-gcc-13.2.1-1.1-win32-x64/xpack-arm-none-eabi-gcc-13.2.1-1.1/bin/../lib/gcc/arm-none-eabi/13.2.1/../../../../arm-none-eabi/lib/thumb/v7-m/nofp\libc_nano.a(libc_a-memcpy-stub.o)
                0x08003ebc                memcpy
 .text._realloc_r
                0x08003ed8       0x5c D:/toolchain/gcc/xpack-arm-none-eabi-gcc-13.2.1-1.1-win32-x64/xpack-arm-none-eabi-gcc-13.2.1-1.1/bin/../lib/gcc/arm-none-eabi/13.2.1/../../../../arm-none-eabi/lib/thumb/v7-m/nofp\libc_nano.a(libc_a-reallocr.o)
                0x08003ed8                _realloc_r
 .text._malloc_usable_size_r
                0x08003f34       0x10 D:/toolchain/gcc/xpack-arm-none-eabi-gcc-13.2.1-1.1-win32-x64/xpack-arm-none-eabi-gcc-13.2.1-1.1/bin/../lib/gcc/arm-none-eabi/13.2.1/../../../../arm-none-eabi/lib/thumb/v7-m/nofp\libc_nano.a(libc_a-msizer.o)
                0x08003f34                _malloc_usable_size_r
 .text._sbrk    0x08003f44       0x1c D:/toolchain/gcc/xpack-arm-none-eabi-gcc-13.2.1-1.1-win32-x64/xpack-arm-none-eabi-gcc-13.2.1-1.1/bin/../lib/gcc/arm-none-eabi/13.2.1/../../../../arm-none-eabi/lib/thumb/v7-m/nofp\libnosys.a(sbrk.o)
                0x08003f44                _sbrk
 *(.glue_7)
 .glue_7        0x08003f60        0x0 linker stubs
 *(.glue_7t)
 .glue_7t       0x08003f60        0x0 linker stubs
 *(.eh_frame)
 .eh_frame      0x08003f60        0x0 D:/toolchain/gcc/xpack-arm-none-eabi-gcc-13.2.1-1.1-win32-x64/xpack-arm-none-eabi-gcc-13.2.1-1.1/bin/../lib/gcc/arm-none-eabi/13.2.1/thumb/v7-m/nofp/crtbegin.o
 *(.init)
 .init          0x08003f60        0x4 D:/toolchain/gcc/xpack-arm-none-eabi-gcc-13.2.1-1.1-win32-x64/xpack-arm-none-eabi-gcc-13.2.1-1.1/bin/../lib/gcc/arm-none-eabi/13.2.1/thumb/v7-m/nofp/crti.o
                0x08003f60                _init
 .init          0x08003f64        0x8 D:/toolchain/gcc/xpack-arm-none-eabi-gcc-13.2.1-1.1-win32-x64/xpack-arm-none-eabi-gcc-13.2.1-1.1/bin/../lib/gcc/arm-none-eabi/13.2.1/thumb/v7-m/nofp/crtn.o
 *(.fini)
 .fini          0x08003f6c        0x4 D:/toolchain/gcc/xpack-arm-none-eabi-gcc-13.2.1-1.1-win32-x64/xpack-arm-none-eabi-gcc-13.2.1-1.1/bin/../lib/gcc/arm-none-eabi/13.2.1/thumb/v7-m/nofp/crti.o
                0x08003f6c                _fini
 .fini          0x08003f70        0x8 D:/toolchain/gcc/xpack-arm-none-eabi-gcc-13.2.1-1.1-win32-x64/xpack-arm-none-eabi-gcc-13.2.1-1.1/bin/../lib/gcc/arm-none-eabi/13.2.1/thumb/v7-m/nofp/crtn.o
                0x08003f78                        . = ALIGN (0x4)
                0x08003f78                        _etext = .

.vfp11_veneer   0x08003f78        0x0
 .vfp11_veneer  0x08003f78        0x0 linker stubs

.v4_bx          0x08003f78        0x0
 .v4_bx         0x08003f78        0x0 linker stubs

.iplt           0x08003f78        0x0
 .iplt          0x08003f78        0x0 D:/toolchain/gcc/xpack-arm-none-eabi-gcc-13.2.1-1.1-win32-x64/xpack-arm-none-eabi-gcc-13.2.1-1.1/bin/../lib/gcc/arm-none-eabi/13.2.1/thumb/v7-m/nofp/crtbegin.o

.rodata         0x08003f78     0x30d4
                0x08003f78                        . = ALIGN (0x4)
 *(.rodata)
 *(.rodata*)
 .rodata.load_draw_dialog.str1.4
                0x08003f78      0x10d build/main.o
                                  0x4 (size before relaxing)
 .rodata.main.str1.4
                0x08004085       0x39 build/main.o
 .rodata.touch_adjustInfoShow.str1.4
                0x08004085       0x25 build/touch.o
 .rodata.touchAdjust.str1.4
                0x08004085       0x94 build/touch.o
 *fill*         0x08004085        0x3 
 .rodata.asc2_3216
                0x08004088     0x17c0 build/lcd.o
                0x08004088                asc2_3216
 .rodata.asc2_2412
                0x08005848      0xd5c build/lcd.o
                0x08005848                asc2_2412
 .rodata.asc2_1608
                0x080065a4      0x5f0 build/lcd.o
                0x080065a4                asc2_1608
 .rodata.asc2_1206
                0x08006b94      0x474 build/lcd.o
                0x08006b94                asc2_1206
 .rodata.HAL_RCC_GetSysClockFreq.str1.4
                0x08007008       0x11 build/stm32f1xx_hal_rcc.o
 .rodata.AHBPrescTable
                0x08007008       0x10 build/system_stm32f1xx.o
                0x08007008                AHBPrescTable
 .rodata._svfprintf_r.str1.1
                0x08007018       0x33 D:/toolchain/gcc/xpack-arm-none-eabi-gcc-13.2.1-1.1-win32-x64/xpack-arm-none-eabi-gcc-13.2.1-1.1/bin/../lib/gcc/arm-none-eabi/13.2.1/../../../../arm-none-eabi/lib/thumb/v7-m/nofp\libc_nano.a(libc_a-nano-svfprintf.o)
                                 0x11 (size before relaxing)
 .rodata._printf_i.str1.1
                0x0800704b       0x22 D:/toolchain/gcc/xpack-arm-none-eabi-gcc-13.2.1-1.1-win32-x64/xpack-arm-none-eabi-gcc-13.2.1-1.1/bin/../lib/gcc/arm-none-eabi/13.2.1/../../../../arm-none-eabi/lib/thumb/v7-m/nofp\libc_nano.a(libc_a-nano-vfprintf_i.o)
                0x08007070                        . = ALIGN (0x4)
 *fill*         0x0800704b        0x1 

.rel.dyn        0x0800704c        0x0
 .rel.iplt      0x0800704c        0x0 D:/toolchain/gcc/xpack-arm-none-eabi-gcc-13.2.1-1.1-win32-x64/xpack-arm-none-eabi-gcc-13.2.1-1.1/bin/../lib/gcc/arm-none-eabi/13.2.1/thumb/v7-m/nofp/crtbegin.o

.ARM.extab
 *(.ARM.extab* .gnu.linkonce.armextab.*)

.ARM            0x0800704c        0x0
                0x0800704c                        __exidx_start = .
 *(.ARM.exidx*)
                0x0800704c                        __exidx_end = .

.preinit_array  0x0800704c        0x0
                0x0800704c                        PROVIDE (__preinit_array_start = .)
 *(.preinit_array*)
                0x0800704c                        PROVIDE (__preinit_array_end = .)

.init_array     0x0800704c        0x4
                0x0800704c                        PROVIDE (__init_array_start = .)
 *(SORT_BY_NAME(.init_array.*))
 *(.init_array*)
 .init_array    0x0800704c        0x4 D:/toolchain/gcc/xpack-arm-none-eabi-gcc-13.2.1-1.1-win32-x64/xpack-arm-none-eabi-gcc-13.2.1-1.1/bin/../lib/gcc/arm-none-eabi/13.2.1/thumb/v7-m/nofp/crtbegin.o
                0x08007050                        PROVIDE (__init_array_end = .)

.fini_array     0x08007050        0x4
                0x08007050                        PROVIDE (__fini_array_start = .)
 *(SORT_BY_NAME(.fini_array.*))
 *(.fini_array*)
 .fini_array    0x08007050        0x4 D:/toolchain/gcc/xpack-arm-none-eabi-gcc-13.2.1-1.1-win32-x64/xpack-arm-none-eabi-gcc-13.2.1-1.1/bin/../lib/gcc/arm-none-eabi/13.2.1/thumb/v7-m/nofp/crtbegin.o
                0x08007054                        PROVIDE (__fini_array_end = .)
                0x08007054                        _sidata = LOADADDR (.data)

.data           0x20000000       0xa4 load address 0x08007054
                0x20000000                        . = ALIGN (0x4)
                0x20000000                        _sdata = .
 *(.data)
 *(.data*)
 .data.touch_dev
                0x20000000       0x48 build/touch.o
                0x20000000                touch_dev
 .data.uwTickFreq
                0x20000048        0x1 build/stm32f1xx_hal.o
                0x20000048                uwTickFreq
 *fill*         0x20000049        0x3 
 .data.uwTickPrio
                0x2000004c        0x4 build/stm32f1xx_hal.o
                0x2000004c                uwTickPrio
 .data.SystemCoreClock
                0x20000050        0x4 build/system_stm32f1xx.o
                0x20000050                SystemCoreClock
 .data._impure_ptr
                0x20000054        0x4 D:/toolchain/gcc/xpack-arm-none-eabi-gcc-13.2.1-1.1-win32-x64/xpack-arm-none-eabi-gcc-13.2.1-1.1/bin/../lib/gcc/arm-none-eabi/13.2.1/../../../../arm-none-eabi/lib/thumb/v7-m/nofp\libc_nano.a(libc_a-impure.o)
                0x20000054                _impure_ptr
 .data._impure_data
                0x20000058       0x4c D:/toolchain/gcc/xpack-arm-none-eabi-gcc-13.2.1-1.1-win32-x64/xpack-arm-none-eabi-gcc-13.2.1-1.1/bin/../lib/gcc/arm-none-eabi/13.2.1/../../../../arm-none-eabi/lib/thumb/v7-m/nofp\libc_nano.a(libc_a-impure.o)
                0x20000058                _impure_data
                0x200000a4                        . = ALIGN (0x4)
                0x200000a4                        _edata = .

.igot.plt       0x200000a4        0x0 load address 0x080070f8
 .igot.plt      0x200000a4        0x0 D:/toolchain/gcc/xpack-arm-none-eabi-gcc-13.2.1-1.1-win32-x64/xpack-arm-none-eabi-gcc-13.2.1-1.1/bin/../lib/gcc/arm-none-eabi/13.2.1/thumb/v7-m/nofp/crtbegin.o
                0x200000a4                        . = ALIGN (0x4)

.bss            0x200000a4      0x1b8 load address 0x080070f8
                0x200000a4                        _sbss = .
                0x200000a4                        __bss_start__ = _sbss
 *(.bss)
 *(.bss*)
 .bss.completed.1
                0x200000a4        0x1 D:/toolchain/gcc/xpack-arm-none-eabi-gcc-13.2.1-1.1-win32-x64/xpack-arm-none-eabi-gcc-13.2.1-1.1/bin/../lib/gcc/arm-none-eabi/13.2.1/thumb/v7-m/nofp/crtbegin.o
 *fill*         0x200000a5        0x3 
 .bss.object.0  0x200000a8       0x18 D:/toolchain/gcc/xpack-arm-none-eabi-gcc-13.2.1-1.1-win32-x64/xpack-arm-none-eabi-gcc-13.2.1-1.1/bin/../lib/gcc/arm-none-eabi/13.2.1/thumb/v7-m/nofp/crtbegin.o
 .bss.SRAM_InitStruct
                0x200000c0       0x48 build/lcd.o
                0x200000c0                SRAM_InitStruct
 .bss.g_fac_us  0x20000108        0x4 build/delay.o
 .bss.uwTick    0x2000010c        0x4 build/stm32f1xx_hal.o
                0x2000010c                uwTick
 .bss.__sf      0x20000110      0x138 D:/toolchain/gcc/xpack-arm-none-eabi-gcc-13.2.1-1.1-win32-x64/xpack-arm-none-eabi-gcc-13.2.1-1.1/bin/../lib/gcc/arm-none-eabi/13.2.1/../../../../arm-none-eabi/lib/thumb/v7-m/nofp\libc_nano.a(libc_a-findfp.o)
                0x20000110                __sf
 .bss.errno     0x20000248        0x4 D:/toolchain/gcc/xpack-arm-none-eabi-gcc-13.2.1-1.1-win32-x64/xpack-arm-none-eabi-gcc-13.2.1-1.1/bin/../lib/gcc/arm-none-eabi/13.2.1/../../../../arm-none-eabi/lib/thumb/v7-m/nofp\libc_nano.a(libc_a-reent.o)
                0x20000248                errno
 .bss.__lock___malloc_recursive_mutex
                0x2000024c        0x1 D:/toolchain/gcc/xpack-arm-none-eabi-gcc-13.2.1-1.1-win32-x64/xpack-arm-none-eabi-gcc-13.2.1-1.1/bin/../lib/gcc/arm-none-eabi/13.2.1/../../../../arm-none-eabi/lib/thumb/v7-m/nofp\libc_nano.a(libc_a-lock.o)
                0x2000024c                __lock___malloc_recursive_mutex
 *fill*         0x2000024d        0x3 
 .bss.__malloc_sbrk_start
                0x20000250        0x4 D:/toolchain/gcc/xpack-arm-none-eabi-gcc-13.2.1-1.1-win32-x64/xpack-arm-none-eabi-gcc-13.2.1-1.1/bin/../lib/gcc/arm-none-eabi/13.2.1/../../../../arm-none-eabi/lib/thumb/v7-m/nofp\libc_nano.a(libc_a-mallocr.o)
                0x20000250                __malloc_sbrk_start
 .bss.__malloc_free_list
                0x20000254        0x4 D:/toolchain/gcc/xpack-arm-none-eabi-gcc-13.2.1-1.1-win32-x64/xpack-arm-none-eabi-gcc-13.2.1-1.1/bin/../lib/gcc/arm-none-eabi/13.2.1/../../../../arm-none-eabi/lib/thumb/v7-m/nofp\libc_nano.a(libc_a-mallocr.o)
                0x20000254                __malloc_free_list
 .bss.heap_end.0
                0x20000258        0x4 D:/toolchain/gcc/xpack-arm-none-eabi-gcc-13.2.1-1.1-win32-x64/xpack-arm-none-eabi-gcc-13.2.1-1.1/bin/../lib/gcc/arm-none-eabi/13.2.1/../../../../arm-none-eabi/lib/thumb/v7-m/nofp\libnosys.a(sbrk.o)
 *(COMMON)
                0x2000025c                        . = ALIGN (0x4)
                0x2000025c                        _ebss = .
                0x2000025c                        __bss_end__ = _ebss

._user_heap_stack
                0x2000025c      0x604 load address 0x080070f8
                0x20000260                        . = ALIGN (0x8)
 *fill*         0x2000025c        0x4 
                0x20000260                        PROVIDE (end = .)
                [!provide]                        PROVIDE (_end = .)
                0x20000460                        . = (. + _Min_Heap_Size)
 *fill*         0x20000260      0x200 
                0x20000860                        . = (. + _Min_Stack_Size)
 *fill*         0x20000460      0x400 
                0x20000860                        . = ALIGN (0x8)

/DISCARD/
 libc.a(*)
 libm.a(*)
 libgcc.a(*)

.ARM.attributes
                0x00000000       0x29
 *(.ARM.attributes)
 .ARM.attributes
                0x00000000       0x1d D:/toolchain/gcc/xpack-arm-none-eabi-gcc-13.2.1-1.1-win32-x64/xpack-arm-none-eabi-gcc-13.2.1-1.1/bin/../lib/gcc/arm-none-eabi/13.2.1/thumb/v7-m/nofp/crti.o
 .ARM.attributes
                0x0000001d       0x2d D:/toolchain/gcc/xpack-arm-none-eabi-gcc-13.2.1-1.1-win32-x64/xpack-arm-none-eabi-gcc-13.2.1-1.1/bin/../lib/gcc/arm-none-eabi/13.2.1/thumb/v7-m/nofp/crtbegin.o
 .ARM.attributes
                0x0000004a       0x2d build/main.o
 .ARM.attributes
                0x00000077       0x2d build/touch.o
 .ARM.attributes
                0x000000a4       0x2d build/lcd.o
 .ARM.attributes
                0x000000d1       0x2d build/I2C.o
 .ARM.attributes
                0x000000fe       0x2d build/delay.o
 .ARM.attributes
                0x0000012b       0x2d build/sys.o
 .ARM.attributes
                0x00000158       0x2d build/AT24C02.o
 .ARM.attributes
                0x00000185       0x2d build/led.o
 .ARM.attributes
                0x000001b2       0x2d build/key.o
 .ARM.attributes
                0x000001df       0x2d build/stm32f1xx_it.o
 .ARM.attributes
                0x0000020c       0x2d build/stm32f1xx_hal_msp.o
 .ARM.attributes
                0x00000239       0x2d build/stm32f1xx_hal_sram.o
 .ARM.attributes
                0x00000266       0x2d build/stm32f1xx_ll_fsmc.o
 .ARM.attributes
                0x00000293       0x2d build/stm32f1xx_hal.o
 .ARM.attributes
                0x000002c0       0x2d build/stm32f1xx_hal_rcc.o
 .ARM.attributes
                0x000002ed       0x2d build/stm32f1xx_hal_gpio.o
 .ARM.attributes
                0x0000031a       0x2d build/stm32f1xx_hal_cortex.o
 .ARM.attributes
                0x00000347       0x2d build/system_stm32f1xx.o
 .ARM.attributes
                0x00000374       0x21 build/startup_stm32f103xe.o
 .ARM.attributes
                0x00000395       0x2d D:/toolchain/gcc/xpack-arm-none-eabi-gcc-13.2.1-1.1-win32-x64/xpack-arm-none-eabi-gcc-13.2.1-1.1/bin/../lib/gcc/arm-none-eabi/13.2.1/../../../../arm-none-eabi/lib/thumb/v7-m/nofp\libc_nano.a(libc_a-findfp.o)
 .ARM.attributes
                0x000003c2       0x2d D:/toolchain/gcc/xpack-arm-none-eabi-gcc-13.2.1-1.1-win32-x64/xpack-arm-none-eabi-gcc-13.2.1-1.1/bin/../lib/gcc/arm-none-eabi/13.2.1/../../../../arm-none-eabi/lib/thumb/v7-m/nofp\libc_nano.a(libc_a-sprintf.o)
 .ARM.attributes
                0x000003ef       0x2d D:/toolchain/gcc/xpack-arm-none-eabi-gcc-13.2.1-1.1-win32-x64/xpack-arm-none-eabi-gcc-13.2.1-1.1/bin/../lib/gcc/arm-none-eabi/13.2.1/../../../../arm-none-eabi/lib/thumb/v7-m/nofp\libc_nano.a(libc_a-memset.o)
 .ARM.attributes
                0x0000041c       0x2d D:/toolchain/gcc/xpack-arm-none-eabi-gcc-13.2.1-1.1-win32-x64/xpack-arm-none-eabi-gcc-13.2.1-1.1/bin/../lib/gcc/arm-none-eabi/13.2.1/../../../../arm-none-eabi/lib/thumb/v7-m/nofp\libc_nano.a(libc_a-reent.o)
 .ARM.attributes
                0x00000449       0x2d D:/toolchain/gcc/xpack-arm-none-eabi-gcc-13.2.1-1.1-win32-x64/xpack-arm-none-eabi-gcc-13.2.1-1.1/bin/../lib/gcc/arm-none-eabi/13.2.1/../../../../arm-none-eabi/lib/thumb/v7-m/nofp\libc_nano.a(libc_a-impure.o)
 .ARM.attributes
                0x00000476       0x2d D:/toolchain/gcc/xpack-arm-none-eabi-gcc-13.2.1-1.1-win32-x64/xpack-arm-none-eabi-gcc-13.2.1-1.1/bin/../lib/gcc/arm-none-eabi/13.2.1/../../../../arm-none-eabi/lib/thumb/v7-m/nofp\libc_nano.a(libc_a-init.o)
 .ARM.attributes
                0x000004a3       0x2d D:/toolchain/gcc/xpack-arm-none-eabi-gcc-13.2.1-1.1-win32-x64/xpack-arm-none-eabi-gcc-13.2.1-1.1/bin/../lib/gcc/arm-none-eabi/13.2.1/../../../../arm-none-eabi/lib/thumb/v7-m/nofp\libc_nano.a(libc_a-lock.o)
 .ARM.attributes
                0x000004d0       0x2d D:/toolchain/gcc/xpack-arm-none-eabi-gcc-13.2.1-1.1-win32-x64/xpack-arm-none-eabi-gcc-13.2.1-1.1/bin/../lib/gcc/arm-none-eabi/13.2.1/../../../../arm-none-eabi/lib/thumb/v7-m/nofp\libc_nano.a(libc_a-freer.o)
 .ARM.attributes
                0x000004fd       0x2d D:/toolchain/gcc/xpack-arm-none-eabi-gcc-13.2.1-1.1-win32-x64/xpack-arm-none-eabi-gcc-13.2.1-1.1/bin/../lib/gcc/arm-none-eabi/13.2.1/../../../../arm-none-eabi/lib/thumb/v7-m/nofp\libc_nano.a(libc_a-mallocr.o)
 .ARM.attributes
                0x0000052a       0x2d D:/toolchain/gcc/xpack-arm-none-eabi-gcc-13.2.1-1.1-win32-x64/xpack-arm-none-eabi-gcc-13.2.1-1.1/bin/../lib/gcc/arm-none-eabi/13.2.1/../../../../arm-none-eabi/lib/thumb/v7-m/nofp\libc_nano.a(libc_a-mlock.o)
 .ARM.attributes
                0x00000557       0x2d D:/toolchain/gcc/xpack-arm-none-eabi-gcc-13.2.1-1.1-win32-x64/xpack-arm-none-eabi-gcc-13.2.1-1.1/bin/../lib/gcc/arm-none-eabi/13.2.1/../../../../arm-none-eabi/lib/thumb/v7-m/nofp\libc_nano.a(libc_a-nano-svfprintf.o)
 .ARM.attributes
                0x00000584       0x2d D:/toolchain/gcc/xpack-arm-none-eabi-gcc-13.2.1-1.1-win32-x64/xpack-arm-none-eabi-gcc-13.2.1-1.1/bin/../lib/gcc/arm-none-eabi/13.2.1/../../../../arm-none-eabi/lib/thumb/v7-m/nofp\libc_nano.a(libc_a-nano-vfprintf_i.o)
 .ARM.attributes
                0x000005b1       0x2d D:/toolchain/gcc/xpack-arm-none-eabi-gcc-13.2.1-1.1-win32-x64/xpack-arm-none-eabi-gcc-13.2.1-1.1/bin/../lib/gcc/arm-none-eabi/13.2.1/../../../../arm-none-eabi/lib/thumb/v7-m/nofp\libc_nano.a(libc_a-memmove.o)
 .ARM.attributes
                0x000005de       0x2d D:/toolchain/gcc/xpack-arm-none-eabi-gcc-13.2.1-1.1-win32-x64/xpack-arm-none-eabi-gcc-13.2.1-1.1/bin/../lib/gcc/arm-none-eabi/13.2.1/../../../../arm-none-eabi/lib/thumb/v7-m/nofp\libc_nano.a(libc_a-sbrkr.o)
 .ARM.attributes
                0x0000060b       0x2d D:/toolchain/gcc/xpack-arm-none-eabi-gcc-13.2.1-1.1-win32-x64/xpack-arm-none-eabi-gcc-13.2.1-1.1/bin/../lib/gcc/arm-none-eabi/13.2.1/../../../../arm-none-eabi/lib/thumb/v7-m/nofp\libc_nano.a(libc_a-memchr-stub.o)
 .ARM.attributes
                0x00000638       0x2d D:/toolchain/gcc/xpack-arm-none-eabi-gcc-13.2.1-1.1-win32-x64/xpack-arm-none-eabi-gcc-13.2.1-1.1/bin/../lib/gcc/arm-none-eabi/13.2.1/../../../../arm-none-eabi/lib/thumb/v7-m/nofp\libc_nano.a(libc_a-memcpy-stub.o)
 .ARM.attributes
                0x00000665       0x2d D:/toolchain/gcc/xpack-arm-none-eabi-gcc-13.2.1-1.1-win32-x64/xpack-arm-none-eabi-gcc-13.2.1-1.1/bin/../lib/gcc/arm-none-eabi/13.2.1/../../../../arm-none-eabi/lib/thumb/v7-m/nofp\libc_nano.a(libc_a-reallocr.o)
 .ARM.attributes
                0x00000692       0x2d D:/toolchain/gcc/xpack-arm-none-eabi-gcc-13.2.1-1.1-win32-x64/xpack-arm-none-eabi-gcc-13.2.1-1.1/bin/../lib/gcc/arm-none-eabi/13.2.1/../../../../arm-none-eabi/lib/thumb/v7-m/nofp\libc_nano.a(libc_a-msizer.o)
 .ARM.attributes
                0x000006bf       0x2d D:/toolchain/gcc/xpack-arm-none-eabi-gcc-13.2.1-1.1-win32-x64/xpack-arm-none-eabi-gcc-13.2.1-1.1/bin/../lib/gcc/arm-none-eabi/13.2.1/../../../../arm-none-eabi/lib/thumb/v7-m/nofp\libnosys.a(sbrk.o)
 .ARM.attributes
                0x000006ec       0x1d D:/toolchain/gcc/xpack-arm-none-eabi-gcc-13.2.1-1.1-win32-x64/xpack-arm-none-eabi-gcc-13.2.1-1.1/bin/../lib/gcc/arm-none-eabi/13.2.1/thumb/v7-m/nofp\libgcc.a(_arm_addsubdf3.o)
 .ARM.attributes
                0x00000709       0x1d D:/toolchain/gcc/xpack-arm-none-eabi-gcc-13.2.1-1.1-win32-x64/xpack-arm-none-eabi-gcc-13.2.1-1.1/bin/../lib/gcc/arm-none-eabi/13.2.1/thumb/v7-m/nofp\libgcc.a(_arm_muldivdf3.o)
 .ARM.attributes
                0x00000726       0x1d D:/toolchain/gcc/xpack-arm-none-eabi-gcc-13.2.1-1.1-win32-x64/xpack-arm-none-eabi-gcc-13.2.1-1.1/bin/../lib/gcc/arm-none-eabi/13.2.1/thumb/v7-m/nofp\libgcc.a(_arm_cmpdf2.o)
 .ARM.attributes
                0x00000743       0x1d D:/toolchain/gcc/xpack-arm-none-eabi-gcc-13.2.1-1.1-win32-x64/xpack-arm-none-eabi-gcc-13.2.1-1.1/bin/../lib/gcc/arm-none-eabi/13.2.1/thumb/v7-m/nofp\libgcc.a(_arm_fixdfsi.o)
 .ARM.attributes
                0x00000760       0x1d D:/toolchain/gcc/xpack-arm-none-eabi-gcc-13.2.1-1.1-win32-x64/xpack-arm-none-eabi-gcc-13.2.1-1.1/bin/../lib/gcc/arm-none-eabi/13.2.1/thumb/v7-m/nofp\libgcc.a(_arm_fixunsdfsi.o)
 .ARM.attributes
                0x0000077d       0x1d D:/toolchain/gcc/xpack-arm-none-eabi-gcc-13.2.1-1.1-win32-x64/xpack-arm-none-eabi-gcc-13.2.1-1.1/bin/../lib/gcc/arm-none-eabi/13.2.1/thumb/v7-m/nofp\libgcc.a(_arm_truncdfsf2.o)
 .ARM.attributes
                0x0000079a       0x1d D:/toolchain/gcc/xpack-arm-none-eabi-gcc-13.2.1-1.1-win32-x64/xpack-arm-none-eabi-gcc-13.2.1-1.1/bin/../lib/gcc/arm-none-eabi/13.2.1/thumb/v7-m/nofp\libgcc.a(_arm_addsubsf3.o)
 .ARM.attributes
                0x000007b7       0x1d D:/toolchain/gcc/xpack-arm-none-eabi-gcc-13.2.1-1.1-win32-x64/xpack-arm-none-eabi-gcc-13.2.1-1.1/bin/../lib/gcc/arm-none-eabi/13.2.1/thumb/v7-m/nofp\libgcc.a(_arm_muldivsf3.o)
 .ARM.attributes
                0x000007d4       0x1d D:/toolchain/gcc/xpack-arm-none-eabi-gcc-13.2.1-1.1-win32-x64/xpack-arm-none-eabi-gcc-13.2.1-1.1/bin/../lib/gcc/arm-none-eabi/13.2.1/thumb/v7-m/nofp\libgcc.a(_arm_fixunssfsi.o)
 .ARM.attributes
                0x000007f1       0x1d D:/toolchain/gcc/xpack-arm-none-eabi-gcc-13.2.1-1.1-win32-x64/xpack-arm-none-eabi-gcc-13.2.1-1.1/bin/../lib/gcc/arm-none-eabi/13.2.1/thumb/v7-m/nofp/crtn.o
OUTPUT(build/touch.elf elf32-littlearm)
LOAD linker stubs
LOAD D:/toolchain/gcc/xpack-arm-none-eabi-gcc-13.2.1-1.1-win32-x64/xpack-arm-none-eabi-gcc-13.2.1-1.1/bin/../lib/gcc/arm-none-eabi/13.2.1/../../../../arm-none-eabi/lib/thumb/v7-m/nofp\libc.a
LOAD D:/toolchain/gcc/xpack-arm-none-eabi-gcc-13.2.1-1.1-win32-x64/xpack-arm-none-eabi-gcc-13.2.1-1.1/bin/../lib/gcc/arm-none-eabi/13.2.1/../../../../arm-none-eabi/lib/thumb/v7-m/nofp\libm.a
LOAD D:/toolchain/gcc/xpack-arm-none-eabi-gcc-13.2.1-1.1-win32-x64/xpack-arm-none-eabi-gcc-13.2.1-1.1/bin/../lib/gcc/arm-none-eabi/13.2.1/thumb/v7-m/nofp\libgcc.a

.comment        0x00000000       0x39
 .comment       0x00000000       0x39 D:/toolchain/gcc/xpack-arm-none-eabi-gcc-13.2.1-1.1-win32-x64/xpack-arm-none-eabi-gcc-13.2.1-1.1/bin/../lib/gcc/arm-none-eabi/13.2.1/thumb/v7-m/nofp/crtbegin.o
                                 0x3a (size before relaxing)
 .comment       0x00000039       0x3a build/main.o
 .comment       0x00000039       0x3a build/touch.o
 .comment       0x00000039       0x3a build/lcd.o
 .comment       0x00000039       0x3a build/I2C.o
 .comment       0x00000039       0x3a build/delay.o
 .comment       0x00000039       0x3a build/sys.o
 .comment       0x00000039       0x3a build/AT24C02.o
 .comment       0x00000039       0x3a build/led.o
 .comment       0x00000039       0x3a build/key.o
 .comment       0x00000039       0x3a build/stm32f1xx_it.o
 .comment       0x00000039       0x3a build/stm32f1xx_hal_msp.o
 .comment       0x00000039       0x3a build/stm32f1xx_hal_sram.o
 .comment       0x00000039       0x3a build/stm32f1xx_ll_fsmc.o
 .comment       0x00000039       0x3a build/stm32f1xx_hal.o
 .comment       0x00000039       0x3a build/stm32f1xx_hal_rcc.o
 .comment       0x00000039       0x3a build/stm32f1xx_hal_gpio.o
 .comment       0x00000039       0x3a build/stm32f1xx_hal_cortex.o
 .comment       0x00000039       0x3a build/system_stm32f1xx.o
 .comment       0x00000039       0x3a D:/toolchain/gcc/xpack-arm-none-eabi-gcc-13.2.1-1.1-win32-x64/xpack-arm-none-eabi-gcc-13.2.1-1.1/bin/../lib/gcc/arm-none-eabi/13.2.1/../../../../arm-none-eabi/lib/thumb/v7-m/nofp\libc_nano.a(libc_a-findfp.o)
 .comment       0x00000039       0x3a D:/toolchain/gcc/xpack-arm-none-eabi-gcc-13.2.1-1.1-win32-x64/xpack-arm-none-eabi-gcc-13.2.1-1.1/bin/../lib/gcc/arm-none-eabi/13.2.1/../../../../arm-none-eabi/lib/thumb/v7-m/nofp\libc_nano.a(libc_a-sprintf.o)
 .comment       0x00000039       0x3a D:/toolchain/gcc/xpack-arm-none-eabi-gcc-13.2.1-1.1-win32-x64/xpack-arm-none-eabi-gcc-13.2.1-1.1/bin/../lib/gcc/arm-none-eabi/13.2.1/../../../../arm-none-eabi/lib/thumb/v7-m/nofp\libc_nano.a(libc_a-memset.o)
 .comment       0x00000039       0x3a D:/toolchain/gcc/xpack-arm-none-eabi-gcc-13.2.1-1.1-win32-x64/xpack-arm-none-eabi-gcc-13.2.1-1.1/bin/../lib/gcc/arm-none-eabi/13.2.1/../../../../arm-none-eabi/lib/thumb/v7-m/nofp\libc_nano.a(libc_a-reent.o)
 .comment       0x00000039       0x3a D:/toolchain/gcc/xpack-arm-none-eabi-gcc-13.2.1-1.1-win32-x64/xpack-arm-none-eabi-gcc-13.2.1-1.1/bin/../lib/gcc/arm-none-eabi/13.2.1/../../../../arm-none-eabi/lib/thumb/v7-m/nofp\libc_nano.a(libc_a-impure.o)
 .comment       0x00000039       0x3a D:/toolchain/gcc/xpack-arm-none-eabi-gcc-13.2.1-1.1-win32-x64/xpack-arm-none-eabi-gcc-13.2.1-1.1/bin/../lib/gcc/arm-none-eabi/13.2.1/../../../../arm-none-eabi/lib/thumb/v7-m/nofp\libc_nano.a(libc_a-init.o)
 .comment       0x00000039       0x3a D:/toolchain/gcc/xpack-arm-none-eabi-gcc-13.2.1-1.1-win32-x64/xpack-arm-none-eabi-gcc-13.2.1-1.1/bin/../lib/gcc/arm-none-eabi/13.2.1/../../../../arm-none-eabi/lib/thumb/v7-m/nofp\libc_nano.a(libc_a-lock.o)
 .comment       0x00000039       0x3a D:/toolchain/gcc/xpack-arm-none-eabi-gcc-13.2.1-1.1-win32-x64/xpack-arm-none-eabi-gcc-13.2.1-1.1/bin/../lib/gcc/arm-none-eabi/13.2.1/../../../../arm-none-eabi/lib/thumb/v7-m/nofp\libc_nano.a(libc_a-freer.o)
 .comment       0x00000039       0x3a D:/toolchain/gcc/xpack-arm-none-eabi-gcc-13.2.1-1.1-win32-x64/xpack-arm-none-eabi-gcc-13.2.1-1.1/bin/../lib/gcc/arm-none-eabi/13.2.1/../../../../arm-none-eabi/lib/thumb/v7-m/nofp\libc_nano.a(libc_a-mallocr.o)
 .comment       0x00000039       0x3a D:/toolchain/gcc/xpack-arm-none-eabi-gcc-13.2.1-1.1-win32-x64/xpack-arm-none-eabi-gcc-13.2.1-1.1/bin/../lib/gcc/arm-none-eabi/13.2.1/../../../../arm-none-eabi/lib/thumb/v7-m/nofp\libc_nano.a(libc_a-mlock.o)
 .comment       0x00000039       0x3a D:/toolchain/gcc/xpack-arm-none-eabi-gcc-13.2.1-1.1-win32-x64/xpack-arm-none-eabi-gcc-13.2.1-1.1/bin/../lib/gcc/arm-none-eabi/13.2.1/../../../../arm-none-eabi/lib/thumb/v7-m/nofp\libc_nano.a(libc_a-nano-svfprintf.o)
 .comment       0x00000039       0x3a D:/toolchain/gcc/xpack-arm-none-eabi-gcc-13.2.1-1.1-win32-x64/xpack-arm-none-eabi-gcc-13.2.1-1.1/bin/../lib/gcc/arm-none-eabi/13.2.1/../../../../arm-none-eabi/lib/thumb/v7-m/nofp\libc_nano.a(libc_a-nano-vfprintf_i.o)
 .comment       0x00000039       0x3a D:/toolchain/gcc/xpack-arm-none-eabi-gcc-13.2.1-1.1-win32-x64/xpack-arm-none-eabi-gcc-13.2.1-1.1/bin/../lib/gcc/arm-none-eabi/13.2.1/../../../../arm-none-eabi/lib/thumb/v7-m/nofp\libc_nano.a(libc_a-memmove.o)
 .comment       0x00000039       0x3a D:/toolchain/gcc/xpack-arm-none-eabi-gcc-13.2.1-1.1-win32-x64/xpack-arm-none-eabi-gcc-13.2.1-1.1/bin/../lib/gcc/arm-none-eabi/13.2.1/../../../../arm-none-eabi/lib/thumb/v7-m/nofp\libc_nano.a(libc_a-sbrkr.o)
 .comment       0x00000039       0x3a D:/toolchain/gcc/xpack-arm-none-eabi-gcc-13.2.1-1.1-win32-x64/xpack-arm-none-eabi-gcc-13.2.1-1.1/bin/../lib/gcc/arm-none-eabi/13.2.1/../../../../arm-none-eabi/lib/thumb/v7-m/nofp\libc_nano.a(libc_a-memchr-stub.o)
 .comment       0x00000039       0x3a D:/toolchain/gcc/xpack-arm-none-eabi-gcc-13.2.1-1.1-win32-x64/xpack-arm-none-eabi-gcc-13.2.1-1.1/bin/../lib/gcc/arm-none-eabi/13.2.1/../../../../arm-none-eabi/lib/thumb/v7-m/nofp\libc_nano.a(libc_a-memcpy-stub.o)
 .comment       0x00000039       0x3a D:/toolchain/gcc/xpack-arm-none-eabi-gcc-13.2.1-1.1-win32-x64/xpack-arm-none-eabi-gcc-13.2.1-1.1/bin/../lib/gcc/arm-none-eabi/13.2.1/../../../../arm-none-eabi/lib/thumb/v7-m/nofp\libc_nano.a(libc_a-reallocr.o)
 .comment       0x00000039       0x3a D:/toolchain/gcc/xpack-arm-none-eabi-gcc-13.2.1-1.1-win32-x64/xpack-arm-none-eabi-gcc-13.2.1-1.1/bin/../lib/gcc/arm-none-eabi/13.2.1/../../../../arm-none-eabi/lib/thumb/v7-m/nofp\libc_nano.a(libc_a-msizer.o)
 .comment       0x00000039       0x3a D:/toolchain/gcc/xpack-arm-none-eabi-gcc-13.2.1-1.1-win32-x64/xpack-arm-none-eabi-gcc-13.2.1-1.1/bin/../lib/gcc/arm-none-eabi/13.2.1/../../../../arm-none-eabi/lib/thumb/v7-m/nofp\libnosys.a(sbrk.o)

.debug_info     0x00000000     0xb06f
 .debug_info    0x00000000      0x6d2 build/main.o
 .debug_info    0x000006d2     0x19aa build/touch.o
 .debug_info    0x0000207c     0x1ebf build/lcd.o
 .debug_info    0x00003f3b      0x8ae build/I2C.o
 .debug_info    0x000047e9      0x266 build/delay.o
 .debug_info    0x00004a4f      0x77a build/sys.o
 .debug_info    0x000051c9      0x440 build/AT24C02.o
 .debug_info    0x00005609      0x4f1 build/led.o
 .debug_info    0x00005afa      0x5c6 build/key.o
 .debug_info    0x000060c0      0x158 build/stm32f1xx_it.o
 .debug_info    0x00006218      0x238 build/stm32f1xx_hal_msp.o
 .debug_info    0x00006450     0x1084 build/stm32f1xx_hal_sram.o
 .debug_info    0x000074d4      0xb77 build/stm32f1xx_ll_fsmc.o
 .debug_info    0x0000804b      0x8e6 build/stm32f1xx_hal.o
 .debug_info    0x00008931      0xb07 build/stm32f1xx_hal_rcc.o
 .debug_info    0x00009438      0x6d7 build/stm32f1xx_hal_gpio.o
 .debug_info    0x00009b0f      0xea5 build/stm32f1xx_hal_cortex.o
 .debug_info    0x0000a9b4      0x26e build/system_stm32f1xx.o
 .debug_info    0x0000ac22       0x30 build/startup_stm32f103xe.o
 .debug_info    0x0000ac52       0xd3 D:/toolchain/gcc/xpack-arm-none-eabi-gcc-13.2.1-1.1-win32-x64/xpack-arm-none-eabi-gcc-13.2.1-1.1/bin/../lib/gcc/arm-none-eabi/13.2.1/thumb/v7-m/nofp\libgcc.a(_arm_addsubdf3.o)
 .debug_info    0x0000ad25       0x57 D:/toolchain/gcc/xpack-arm-none-eabi-gcc-13.2.1-1.1-win32-x64/xpack-arm-none-eabi-gcc-13.2.1-1.1/bin/../lib/gcc/arm-none-eabi/13.2.1/thumb/v7-m/nofp\libgcc.a(_arm_muldivdf3.o)
 .debug_info    0x0000ad7c       0xdf D:/toolchain/gcc/xpack-arm-none-eabi-gcc-13.2.1-1.1-win32-x64/xpack-arm-none-eabi-gcc-13.2.1-1.1/bin/../lib/gcc/arm-none-eabi/13.2.1/thumb/v7-m/nofp\libgcc.a(_arm_cmpdf2.o)
 .debug_info    0x0000ae5b       0x3c D:/toolchain/gcc/xpack-arm-none-eabi-gcc-13.2.1-1.1-win32-x64/xpack-arm-none-eabi-gcc-13.2.1-1.1/bin/../lib/gcc/arm-none-eabi/13.2.1/thumb/v7-m/nofp\libgcc.a(_arm_fixdfsi.o)
 .debug_info    0x0000ae97       0x3c D:/toolchain/gcc/xpack-arm-none-eabi-gcc-13.2.1-1.1-win32-x64/xpack-arm-none-eabi-gcc-13.2.1-1.1/bin/../lib/gcc/arm-none-eabi/13.2.1/thumb/v7-m/nofp\libgcc.a(_arm_fixunsdfsi.o)
 .debug_info    0x0000aed3       0x3f D:/toolchain/gcc/xpack-arm-none-eabi-gcc-13.2.1-1.1-win32-x64/xpack-arm-none-eabi-gcc-13.2.1-1.1/bin/../lib/gcc/arm-none-eabi/13.2.1/thumb/v7-m/nofp\libgcc.a(_arm_truncdfsf2.o)
 .debug_info    0x0000af12       0xca D:/toolchain/gcc/xpack-arm-none-eabi-gcc-13.2.1-1.1-win32-x64/xpack-arm-none-eabi-gcc-13.2.1-1.1/bin/../lib/gcc/arm-none-eabi/13.2.1/thumb/v7-m/nofp\libgcc.a(_arm_addsubsf3.o)
 .debug_info    0x0000afdc       0x57 D:/toolchain/gcc/xpack-arm-none-eabi-gcc-13.2.1-1.1-win32-x64/xpack-arm-none-eabi-gcc-13.2.1-1.1/bin/../lib/gcc/arm-none-eabi/13.2.1/thumb/v7-m/nofp\libgcc.a(_arm_muldivsf3.o)
 .debug_info    0x0000b033       0x3c D:/toolchain/gcc/xpack-arm-none-eabi-gcc-13.2.1-1.1-win32-x64/xpack-arm-none-eabi-gcc-13.2.1-1.1/bin/../lib/gcc/arm-none-eabi/13.2.1/thumb/v7-m/nofp\libgcc.a(_arm_fixunssfsi.o)

.debug_abbrev   0x00000000     0x262c
 .debug_abbrev  0x00000000      0x250 build/main.o
 .debug_abbrev  0x00000250      0x359 build/touch.o
 .debug_abbrev  0x000005a9      0x37c build/lcd.o
 .debug_abbrev  0x00000925      0x202 build/I2C.o
 .debug_abbrev  0x00000b27      0x134 build/delay.o
 .debug_abbrev  0x00000c5b      0x26c build/sys.o
 .debug_abbrev  0x00000ec7      0x14a build/AT24C02.o
 .debug_abbrev  0x00001011      0x187 build/led.o
 .debug_abbrev  0x00001198      0x1b5 build/key.o
 .debug_abbrev  0x0000134d       0x80 build/stm32f1xx_it.o
 .debug_abbrev  0x000013cd       0xe7 build/stm32f1xx_hal_msp.o
 .debug_abbrev  0x000014b4      0x240 build/stm32f1xx_hal_sram.o
 .debug_abbrev  0x000016f4      0x1bd build/stm32f1xx_ll_fsmc.o
 .debug_abbrev  0x000018b1      0x232 build/stm32f1xx_hal.o
 .debug_abbrev  0x00001ae3      0x2b8 build/stm32f1xx_hal_rcc.o
 .debug_abbrev  0x00001d9b      0x222 build/stm32f1xx_hal_gpio.o
 .debug_abbrev  0x00001fbd      0x3aa build/stm32f1xx_hal_cortex.o
 .debug_abbrev  0x00002367      0x140 build/system_stm32f1xx.o
 .debug_abbrev  0x000024a7       0x1d build/startup_stm32f103xe.o
 .debug_abbrev  0x000024c4       0x28 D:/toolchain/gcc/xpack-arm-none-eabi-gcc-13.2.1-1.1-win32-x64/xpack-arm-none-eabi-gcc-13.2.1-1.1/bin/../lib/gcc/arm-none-eabi/13.2.1/thumb/v7-m/nofp\libgcc.a(_arm_addsubdf3.o)
 .debug_abbrev  0x000024ec       0x28 D:/toolchain/gcc/xpack-arm-none-eabi-gcc-13.2.1-1.1-win32-x64/xpack-arm-none-eabi-gcc-13.2.1-1.1/bin/../lib/gcc/arm-none-eabi/13.2.1/thumb/v7-m/nofp\libgcc.a(_arm_muldivdf3.o)
 .debug_abbrev  0x00002514       0x28 D:/toolchain/gcc/xpack-arm-none-eabi-gcc-13.2.1-1.1-win32-x64/xpack-arm-none-eabi-gcc-13.2.1-1.1/bin/../lib/gcc/arm-none-eabi/13.2.1/thumb/v7-m/nofp\libgcc.a(_arm_cmpdf2.o)
 .debug_abbrev  0x0000253c       0x28 D:/toolchain/gcc/xpack-arm-none-eabi-gcc-13.2.1-1.1-win32-x64/xpack-arm-none-eabi-gcc-13.2.1-1.1/bin/../lib/gcc/arm-none-eabi/13.2.1/thumb/v7-m/nofp\libgcc.a(_arm_fixdfsi.o)
 .debug_abbrev  0x00002564       0x28 D:/toolchain/gcc/xpack-arm-none-eabi-gcc-13.2.1-1.1-win32-x64/xpack-arm-none-eabi-gcc-13.2.1-1.1/bin/../lib/gcc/arm-none-eabi/13.2.1/thumb/v7-m/nofp\libgcc.a(_arm_fixunsdfsi.o)
 .debug_abbrev  0x0000258c       0x28 D:/toolchain/gcc/xpack-arm-none-eabi-gcc-13.2.1-1.1-win32-x64/xpack-arm-none-eabi-gcc-13.2.1-1.1/bin/../lib/gcc/arm-none-eabi/13.2.1/thumb/v7-m/nofp\libgcc.a(_arm_truncdfsf2.o)
 .debug_abbrev  0x000025b4       0x28 D:/toolchain/gcc/xpack-arm-none-eabi-gcc-13.2.1-1.1-win32-x64/xpack-arm-none-eabi-gcc-13.2.1-1.1/bin/../lib/gcc/arm-none-eabi/13.2.1/thumb/v7-m/nofp\libgcc.a(_arm_addsubsf3.o)
 .debug_abbrev  0x000025dc       0x28 D:/toolchain/gcc/xpack-arm-none-eabi-gcc-13.2.1-1.1-win32-x64/xpack-arm-none-eabi-gcc-13.2.1-1.1/bin/../lib/gcc/arm-none-eabi/13.2.1/thumb/v7-m/nofp\libgcc.a(_arm_muldivsf3.o)
 .debug_abbrev  0x00002604       0x28 D:/toolchain/gcc/xpack-arm-none-eabi-gcc-13.2.1-1.1-win32-x64/xpack-arm-none-eabi-gcc-13.2.1-1.1/bin/../lib/gcc/arm-none-eabi/13.2.1/thumb/v7-m/nofp\libgcc.a(_arm_fixunssfsi.o)

.debug_loc      0x00000000     0x5ee1
 .debug_loc     0x00000000       0xd6 build/main.o
 .debug_loc     0x000000d6      0xb0d build/touch.o
 .debug_loc     0x00000be3     0x1400 build/lcd.o
 .debug_loc     0x00001fe3      0x353 build/I2C.o
 .debug_loc     0x00002336      0x1b2 build/delay.o
 .debug_loc     0x000024e8      0x117 build/sys.o
 .debug_loc     0x000025ff      0x390 build/AT24C02.o
 .debug_loc     0x0000298f      0x19a build/led.o
 .debug_loc     0x00002b29       0xb2 build/key.o
 .debug_loc     0x00002bdb       0x20 build/stm32f1xx_it.o
 .debug_loc     0x00002bfb       0x41 build/stm32f1xx_hal_msp.o
 .debug_loc     0x00002c3c     0x11d7 build/stm32f1xx_hal_sram.o
 .debug_loc     0x00003e13      0x776 build/stm32f1xx_ll_fsmc.o
 .debug_loc     0x00004589      0x1f9 build/stm32f1xx_hal.o
 .debug_loc     0x00004782      0x824 build/stm32f1xx_hal_rcc.o
 .debug_loc     0x00004fa6      0x56c build/stm32f1xx_hal_gpio.o
 .debug_loc     0x00005512      0x8b4 build/stm32f1xx_hal_cortex.o
 .debug_loc     0x00005dc6      0x11b build/system_stm32f1xx.o

.debug_aranges  0x00000000      0x920
 .debug_aranges
                0x00000000       0x38 build/main.o
 .debug_aranges
                0x00000038       0x98 build/touch.o
 .debug_aranges
                0x000000d0       0xc8 build/lcd.o
 .debug_aranges
                0x00000198       0x70 build/I2C.o
 .debug_aranges
                0x00000208       0x38 build/delay.o
 .debug_aranges
                0x00000240       0x60 build/sys.o
 .debug_aranges
                0x000002a0       0x48 build/AT24C02.o
 .debug_aranges
                0x000002e8       0x38 build/led.o
 .debug_aranges
                0x00000320       0x28 build/key.o
 .debug_aranges
                0x00000348       0x60 build/stm32f1xx_it.o
 .debug_aranges
                0x000003a8       0x20 build/stm32f1xx_hal_msp.o
 .debug_aranges
                0x000003c8       0xb8 build/stm32f1xx_hal_sram.o
 .debug_aranges
                0x00000480       0xa8 build/stm32f1xx_ll_fsmc.o
 .debug_aranges
                0x00000528       0xe0 build/stm32f1xx_hal.o
 .debug_aranges
                0x00000608       0x90 build/stm32f1xx_hal_rcc.o
 .debug_aranges
                0x00000698       0x58 build/stm32f1xx_hal_gpio.o
 .debug_aranges
                0x000006f0       0xc0 build/stm32f1xx_hal_cortex.o
 .debug_aranges
                0x000007b0       0x28 build/system_stm32f1xx.o
 .debug_aranges
                0x000007d8       0x28 build/startup_stm32f103xe.o
 .debug_aranges
                0x00000800       0x20 D:/toolchain/gcc/xpack-arm-none-eabi-gcc-13.2.1-1.1-win32-x64/xpack-arm-none-eabi-gcc-13.2.1-1.1/bin/../lib/gcc/arm-none-eabi/13.2.1/thumb/v7-m/nofp\libgcc.a(_arm_addsubdf3.o)
 .debug_aranges
                0x00000820       0x20 D:/toolchain/gcc/xpack-arm-none-eabi-gcc-13.2.1-1.1-win32-x64/xpack-arm-none-eabi-gcc-13.2.1-1.1/bin/../lib/gcc/arm-none-eabi/13.2.1/thumb/v7-m/nofp\libgcc.a(_arm_muldivdf3.o)
 .debug_aranges
                0x00000840       0x20 D:/toolchain/gcc/xpack-arm-none-eabi-gcc-13.2.1-1.1-win32-x64/xpack-arm-none-eabi-gcc-13.2.1-1.1/bin/../lib/gcc/arm-none-eabi/13.2.1/thumb/v7-m/nofp\libgcc.a(_arm_cmpdf2.o)
 .debug_aranges
                0x00000860       0x20 D:/toolchain/gcc/xpack-arm-none-eabi-gcc-13.2.1-1.1-win32-x64/xpack-arm-none-eabi-gcc-13.2.1-1.1/bin/../lib/gcc/arm-none-eabi/13.2.1/thumb/v7-m/nofp\libgcc.a(_arm_fixdfsi.o)
 .debug_aranges
                0x00000880       0x20 D:/toolchain/gcc/xpack-arm-none-eabi-gcc-13.2.1-1.1-win32-x64/xpack-arm-none-eabi-gcc-13.2.1-1.1/bin/../lib/gcc/arm-none-eabi/13.2.1/thumb/v7-m/nofp\libgcc.a(_arm_fixunsdfsi.o)
 .debug_aranges
                0x000008a0       0x20 D:/toolchain/gcc/xpack-arm-none-eabi-gcc-13.2.1-1.1-win32-x64/xpack-arm-none-eabi-gcc-13.2.1-1.1/bin/../lib/gcc/arm-none-eabi/13.2.1/thumb/v7-m/nofp\libgcc.a(_arm_truncdfsf2.o)
 .debug_aranges
                0x000008c0       0x20 D:/toolchain/gcc/xpack-arm-none-eabi-gcc-13.2.1-1.1-win32-x64/xpack-arm-none-eabi-gcc-13.2.1-1.1/bin/../lib/gcc/arm-none-eabi/13.2.1/thumb/v7-m/nofp\libgcc.a(_arm_addsubsf3.o)
 .debug_aranges
                0x000008e0       0x20 D:/toolchain/gcc/xpack-arm-none-eabi-gcc-13.2.1-1.1-win32-x64/xpack-arm-none-eabi-gcc-13.2.1-1.1/bin/../lib/gcc/arm-none-eabi/13.2.1/thumb/v7-m/nofp\libgcc.a(_arm_muldivsf3.o)
 .debug_aranges
                0x00000900       0x20 D:/toolchain/gcc/xpack-arm-none-eabi-gcc-13.2.1-1.1-win32-x64/xpack-arm-none-eabi-gcc-13.2.1-1.1/bin/../lib/gcc/arm-none-eabi/13.2.1/thumb/v7-m/nofp\libgcc.a(_arm_fixunssfsi.o)

.debug_ranges   0x00000000      0x740
 .debug_ranges  0x00000000       0x28 build/main.o
 .debug_ranges  0x00000028       0xd0 build/touch.o
 .debug_ranges  0x000000f8       0xb8 build/lcd.o
 .debug_ranges  0x000001b0       0x60 build/I2C.o
 .debug_ranges  0x00000210       0x28 build/delay.o
 .debug_ranges  0x00000238       0x50 build/sys.o
 .debug_ranges  0x00000288       0x38 build/AT24C02.o
 .debug_ranges  0x000002c0       0x28 build/led.o
 .debug_ranges  0x000002e8       0x18 build/key.o
 .debug_ranges  0x00000300       0x50 build/stm32f1xx_it.o
 .debug_ranges  0x00000350       0x10 build/stm32f1xx_hal_msp.o
 .debug_ranges  0x00000360       0xa8 build/stm32f1xx_hal_sram.o
 .debug_ranges  0x00000408       0x98 build/stm32f1xx_ll_fsmc.o
 .debug_ranges  0x000004a0       0xd0 build/stm32f1xx_hal.o
 .debug_ranges  0x00000570       0xa0 build/stm32f1xx_hal_rcc.o
 .debug_ranges  0x00000610       0x48 build/stm32f1xx_hal_gpio.o
 .debug_ranges  0x00000658       0xb0 build/stm32f1xx_hal_cortex.o
 .debug_ranges  0x00000708       0x18 build/system_stm32f1xx.o
 .debug_ranges  0x00000720       0x20 build/startup_stm32f103xe.o

.debug_line     0x00000000     0x67ea
 .debug_line    0x00000000      0x333 build/main.o
 .debug_line    0x00000333      0xa0c build/touch.o
 .debug_line    0x00000d3f      0xb53 build/lcd.o
 .debug_line    0x00001892      0x40e build/I2C.o
 .debug_line    0x00001ca0      0x248 build/delay.o
 .debug_line    0x00001ee8      0x3ee build/sys.o
 .debug_line    0x000022d6      0x303 build/AT24C02.o
 .debug_line    0x000025d9      0x261 build/led.o
 .debug_line    0x0000283a      0x316 build/key.o
 .debug_line    0x00002b50      0x136 build/stm32f1xx_it.o
 .debug_line    0x00002c86      0x1b8 build/stm32f1xx_hal_msp.o
 .debug_line    0x00002e3e      0x962 build/stm32f1xx_hal_sram.o
 .debug_line    0x000037a0      0x680 build/stm32f1xx_ll_fsmc.o
 .debug_line    0x00003e20      0x56e build/stm32f1xx_hal.o
 .debug_line    0x0000438e      0xcf8 build/stm32f1xx_hal_rcc.o
 .debug_line    0x00005086      0x638 build/stm32f1xx_hal_gpio.o
 .debug_line    0x000056be      0x6e7 build/stm32f1xx_hal_cortex.o
 .debug_line    0x00005da5      0x280 build/system_stm32f1xx.o
 .debug_line    0x00006025       0x72 build/startup_stm32f103xe.o
 .debug_line    0x00006097      0x16f D:/toolchain/gcc/xpack-arm-none-eabi-gcc-13.2.1-1.1-win32-x64/xpack-arm-none-eabi-gcc-13.2.1-1.1/bin/../lib/gcc/arm-none-eabi/13.2.1/thumb/v7-m/nofp\libgcc.a(_arm_addsubdf3.o)
 .debug_line    0x00006206      0x184 D:/toolchain/gcc/xpack-arm-none-eabi-gcc-13.2.1-1.1-win32-x64/xpack-arm-none-eabi-gcc-13.2.1-1.1/bin/../lib/gcc/arm-none-eabi/13.2.1/thumb/v7-m/nofp\libgcc.a(_arm_muldivdf3.o)
 .debug_line    0x0000638a       0xa6 D:/toolchain/gcc/xpack-arm-none-eabi-gcc-13.2.1-1.1-win32-x64/xpack-arm-none-eabi-gcc-13.2.1-1.1/bin/../lib/gcc/arm-none-eabi/13.2.1/thumb/v7-m/nofp\libgcc.a(_arm_cmpdf2.o)
 .debug_line    0x00006430       0x62 D:/toolchain/gcc/xpack-arm-none-eabi-gcc-13.2.1-1.1-win32-x64/xpack-arm-none-eabi-gcc-13.2.1-1.1/bin/../lib/gcc/arm-none-eabi/13.2.1/thumb/v7-m/nofp\libgcc.a(_arm_fixdfsi.o)
 .debug_line    0x00006492       0x5e D:/toolchain/gcc/xpack-arm-none-eabi-gcc-13.2.1-1.1-win32-x64/xpack-arm-none-eabi-gcc-13.2.1-1.1/bin/../lib/gcc/arm-none-eabi/13.2.1/thumb/v7-m/nofp\libgcc.a(_arm_fixunsdfsi.o)
 .debug_line    0x000064f0       0x76 D:/toolchain/gcc/xpack-arm-none-eabi-gcc-13.2.1-1.1-win32-x64/xpack-arm-none-eabi-gcc-13.2.1-1.1/bin/../lib/gcc/arm-none-eabi/13.2.1/thumb/v7-m/nofp\libgcc.a(_arm_truncdfsf2.o)
 .debug_line    0x00006566      0x103 D:/toolchain/gcc/xpack-arm-none-eabi-gcc-13.2.1-1.1-win32-x64/xpack-arm-none-eabi-gcc-13.2.1-1.1/bin/../lib/gcc/arm-none-eabi/13.2.1/thumb/v7-m/nofp\libgcc.a(_arm_addsubsf3.o)
 .debug_line    0x00006669      0x123 D:/toolchain/gcc/xpack-arm-none-eabi-gcc-13.2.1-1.1-win32-x64/xpack-arm-none-eabi-gcc-13.2.1-1.1/bin/../lib/gcc/arm-none-eabi/13.2.1/thumb/v7-m/nofp\libgcc.a(_arm_muldivsf3.o)
 .debug_line    0x0000678c       0x5e D:/toolchain/gcc/xpack-arm-none-eabi-gcc-13.2.1-1.1-win32-x64/xpack-arm-none-eabi-gcc-13.2.1-1.1/bin/../lib/gcc/arm-none-eabi/13.2.1/thumb/v7-m/nofp\libgcc.a(_arm_fixunssfsi.o)

.debug_str      0x00000000     0x2683
 .debug_str     0x00000000     0x2683 build/main.o
                                0x2f8 (size before relaxing)
 .debug_str     0x00002683      0x53c build/touch.o
 .debug_str     0x00002683      0x8e8 build/lcd.o
 .debug_str     0x00002683      0x2eb build/I2C.o
 .debug_str     0x00002683      0x1d6 build/delay.o
 .debug_str     0x00002683      0x457 build/sys.o
 .debug_str     0x00002683      0x22b build/AT24C02.o
 .debug_str     0x00002683      0x284 build/led.o
 .debug_str     0x00002683      0x283 build/key.o
 .debug_str     0x00002683      0x1db build/stm32f1xx_it.o
 .debug_str     0x00002683      0x1d8 build/stm32f1xx_hal_msp.o
 .debug_str     0x00002683      0x895 build/stm32f1xx_hal_sram.o
 .debug_str     0x00002683      0x6d0 build/stm32f1xx_ll_fsmc.o
 .debug_str     0x00002683      0x8d0 build/stm32f1xx_hal.o
 .debug_str     0x00002683      0x5e9 build/stm32f1xx_hal_rcc.o
 .debug_str     0x00002683      0x3be build/stm32f1xx_hal_gpio.o
 .debug_str     0x00002683      0x975 build/stm32f1xx_hal_cortex.o
 .debug_str     0x00002683      0x20d build/system_stm32f1xx.o
 .debug_str     0x00002683       0x49 build/startup_stm32f103xe.o
 .debug_str     0x00002683      0x1cd D:/toolchain/gcc/xpack-arm-none-eabi-gcc-13.2.1-1.1-win32-x64/xpack-arm-none-eabi-gcc-13.2.1-1.1/bin/../lib/gcc/arm-none-eabi/13.2.1/thumb/v7-m/nofp\libgcc.a(_arm_addsubdf3.o)
 .debug_str     0x00002683      0x14d D:/toolchain/gcc/xpack-arm-none-eabi-gcc-13.2.1-1.1-win32-x64/xpack-arm-none-eabi-gcc-13.2.1-1.1/bin/../lib/gcc/arm-none-eabi/13.2.1/thumb/v7-m/nofp\libgcc.a(_arm_muldivdf3.o)
 .debug_str     0x00002683      0x1d6 D:/toolchain/gcc/xpack-arm-none-eabi-gcc-13.2.1-1.1-win32-x64/xpack-arm-none-eabi-gcc-13.2.1-1.1/bin/../lib/gcc/arm-none-eabi/13.2.1/thumb/v7-m/nofp\libgcc.a(_arm_cmpdf2.o)
 .debug_str     0x00002683      0x138 D:/toolchain/gcc/xpack-arm-none-eabi-gcc-13.2.1-1.1-win32-x64/xpack-arm-none-eabi-gcc-13.2.1-1.1/bin/../lib/gcc/arm-none-eabi/13.2.1/thumb/v7-m/nofp\libgcc.a(_arm_fixdfsi.o)
 .debug_str     0x00002683      0x13c D:/toolchain/gcc/xpack-arm-none-eabi-gcc-13.2.1-1.1-win32-x64/xpack-arm-none-eabi-gcc-13.2.1-1.1/bin/../lib/gcc/arm-none-eabi/13.2.1/thumb/v7-m/nofp\libgcc.a(_arm_fixunsdfsi.o)
 .debug_str     0x00002683      0x13a D:/toolchain/gcc/xpack-arm-none-eabi-gcc-13.2.1-1.1-win32-x64/xpack-arm-none-eabi-gcc-13.2.1-1.1/bin/../lib/gcc/arm-none-eabi/13.2.1/thumb/v7-m/nofp\libgcc.a(_arm_truncdfsf2.o)
 .debug_str     0x00002683      0x1c1 D:/toolchain/gcc/xpack-arm-none-eabi-gcc-13.2.1-1.1-win32-x64/xpack-arm-none-eabi-gcc-13.2.1-1.1/bin/../lib/gcc/arm-none-eabi/13.2.1/thumb/v7-m/nofp\libgcc.a(_arm_addsubsf3.o)
 .debug_str     0x00002683      0x14d D:/toolchain/gcc/xpack-arm-none-eabi-gcc-13.2.1-1.1-win32-x64/xpack-arm-none-eabi-gcc-13.2.1-1.1/bin/../lib/gcc/arm-none-eabi/13.2.1/thumb/v7-m/nofp\libgcc.a(_arm_muldivsf3.o)
 .debug_str     0x00002683      0x13c D:/toolchain/gcc/xpack-arm-none-eabi-gcc-13.2.1-1.1-win32-x64/xpack-arm-none-eabi-gcc-13.2.1-1.1/bin/../lib/gcc/arm-none-eabi/13.2.1/thumb/v7-m/nofp\libgcc.a(_arm_fixunssfsi.o)

.debug_frame    0x00000000     0x15fc
 .debug_frame   0x00000000       0x70 build/main.o
 .debug_frame   0x00000070      0x208 build/touch.o
 .debug_frame   0x00000278      0x28c build/lcd.o
 .debug_frame   0x00000504      0x12c build/I2C.o
 .debug_frame   0x00000630       0x6c build/delay.o
 .debug_frame   0x0000069c       0xc0 build/sys.o
 .debug_frame   0x0000075c       0xb0 build/AT24C02.o
 .debug_frame   0x0000080c       0x7c build/led.o
 .debug_frame   0x00000888       0x50 build/key.o
 .debug_frame   0x000008d8       0xa8 build/stm32f1xx_it.o
 .debug_frame   0x00000980       0x28 build/stm32f1xx_hal_msp.o
 .debug_frame   0x000009a8      0x204 build/stm32f1xx_hal_sram.o
 .debug_frame   0x00000bac      0x170 build/stm32f1xx_ll_fsmc.o
 .debug_frame   0x00000d1c      0x1cc build/stm32f1xx_hal.o
 .debug_frame   0x00000ee8      0x190 build/stm32f1xx_hal_rcc.o
 .debug_frame   0x00001078       0xe4 build/stm32f1xx_hal_gpio.o
 .debug_frame   0x0000115c      0x19c build/stm32f1xx_hal_cortex.o
 .debug_frame   0x000012f8       0x30 build/system_stm32f1xx.o
 .debug_frame   0x00001328       0xac D:/toolchain/gcc/xpack-arm-none-eabi-gcc-13.2.1-1.1-win32-x64/xpack-arm-none-eabi-gcc-13.2.1-1.1/bin/../lib/gcc/arm-none-eabi/13.2.1/thumb/v7-m/nofp\libgcc.a(_arm_addsubdf3.o)
 .debug_frame   0x000013d4       0x50 D:/toolchain/gcc/xpack-arm-none-eabi-gcc-13.2.1-1.1-win32-x64/xpack-arm-none-eabi-gcc-13.2.1-1.1/bin/../lib/gcc/arm-none-eabi/13.2.1/thumb/v7-m/nofp\libgcc.a(_arm_muldivdf3.o)
 .debug_frame   0x00001424       0xc4 D:/toolchain/gcc/xpack-arm-none-eabi-gcc-13.2.1-1.1-win32-x64/xpack-arm-none-eabi-gcc-13.2.1-1.1/bin/../lib/gcc/arm-none-eabi/13.2.1/thumb/v7-m/nofp\libgcc.a(_arm_cmpdf2.o)
 .debug_frame   0x000014e8       0x24 D:/toolchain/gcc/xpack-arm-none-eabi-gcc-13.2.1-1.1-win32-x64/xpack-arm-none-eabi-gcc-13.2.1-1.1/bin/../lib/gcc/arm-none-eabi/13.2.1/thumb/v7-m/nofp\libgcc.a(_arm_fixdfsi.o)
 .debug_frame   0x0000150c       0x24 D:/toolchain/gcc/xpack-arm-none-eabi-gcc-13.2.1-1.1-win32-x64/xpack-arm-none-eabi-gcc-13.2.1-1.1/bin/../lib/gcc/arm-none-eabi/13.2.1/thumb/v7-m/nofp\libgcc.a(_arm_fixunsdfsi.o)
 .debug_frame   0x00001530       0x24 D:/toolchain/gcc/xpack-arm-none-eabi-gcc-13.2.1-1.1-win32-x64/xpack-arm-none-eabi-gcc-13.2.1-1.1/bin/../lib/gcc/arm-none-eabi/13.2.1/thumb/v7-m/nofp\libgcc.a(_arm_truncdfsf2.o)
 .debug_frame   0x00001554       0x4c D:/toolchain/gcc/xpack-arm-none-eabi-gcc-13.2.1-1.1-win32-x64/xpack-arm-none-eabi-gcc-13.2.1-1.1/bin/../lib/gcc/arm-none-eabi/13.2.1/thumb/v7-m/nofp\libgcc.a(_arm_addsubsf3.o)
 .debug_frame   0x000015a0       0x38 D:/toolchain/gcc/xpack-arm-none-eabi-gcc-13.2.1-1.1-win32-x64/xpack-arm-none-eabi-gcc-13.2.1-1.1/bin/../lib/gcc/arm-none-eabi/13.2.1/thumb/v7-m/nofp\libgcc.a(_arm_muldivsf3.o)
 .debug_frame   0x000015d8       0x24 D:/toolchain/gcc/xpack-arm-none-eabi-gcc-13.2.1-1.1-win32-x64/xpack-arm-none-eabi-gcc-13.2.1-1.1/bin/../lib/gcc/arm-none-eabi/13.2.1/thumb/v7-m/nofp\libgcc.a(_arm_fixunssfsi.o)

.debug_line_str
                0x00000000      0x120
 .debug_line_str
                0x00000000      0x120 D:/toolchain/gcc/xpack-arm-none-eabi-gcc-13.2.1-1.1-win32-x64/xpack-arm-none-eabi-gcc-13.2.1-1.1/bin/../lib/gcc/arm-none-eabi/13.2.1/thumb/v7-m/nofp\libgcc.a(_arm_addsubdf3.o)
                                0x113 (size before relaxing)
 .debug_line_str
                0x00000120      0x113 D:/toolchain/gcc/xpack-arm-none-eabi-gcc-13.2.1-1.1-win32-x64/xpack-arm-none-eabi-gcc-13.2.1-1.1/bin/../lib/gcc/arm-none-eabi/13.2.1/thumb/v7-m/nofp\libgcc.a(_arm_muldivdf3.o)
 .debug_line_str
                0x00000120      0x113 D:/toolchain/gcc/xpack-arm-none-eabi-gcc-13.2.1-1.1-win32-x64/xpack-arm-none-eabi-gcc-13.2.1-1.1/bin/../lib/gcc/arm-none-eabi/13.2.1/thumb/v7-m/nofp\libgcc.a(_arm_cmpdf2.o)
 .debug_line_str
                0x00000120      0x113 D:/toolchain/gcc/xpack-arm-none-eabi-gcc-13.2.1-1.1-win32-x64/xpack-arm-none-eabi-gcc-13.2.1-1.1/bin/../lib/gcc/arm-none-eabi/13.2.1/thumb/v7-m/nofp\libgcc.a(_arm_fixdfsi.o)
 .debug_line_str
                0x00000120      0x113 D:/toolchain/gcc/xpack-arm-none-eabi-gcc-13.2.1-1.1-win32-x64/xpack-arm-none-eabi-gcc-13.2.1-1.1/bin/../lib/gcc/arm-none-eabi/13.2.1/thumb/v7-m/nofp\libgcc.a(_arm_fixunsdfsi.o)
 .debug_line_str
                0x00000120      0x113 D:/toolchain/gcc/xpack-arm-none-eabi-gcc-13.2.1-1.1-win32-x64/xpack-arm-none-eabi-gcc-13.2.1-1.1/bin/../lib/gcc/arm-none-eabi/13.2.1/thumb/v7-m/nofp\libgcc.a(_arm_truncdfsf2.o)
 .debug_line_str
                0x00000120      0x113 D:/toolchain/gcc/xpack-arm-none-eabi-gcc-13.2.1-1.1-win32-x64/xpack-arm-none-eabi-gcc-13.2.1-1.1/bin/../lib/gcc/arm-none-eabi/13.2.1/thumb/v7-m/nofp\libgcc.a(_arm_addsubsf3.o)
 .debug_line_str
                0x00000120      0x113 D:/toolchain/gcc/xpack-arm-none-eabi-gcc-13.2.1-1.1-win32-x64/xpack-arm-none-eabi-gcc-13.2.1-1.1/bin/../lib/gcc/arm-none-eabi/13.2.1/thumb/v7-m/nofp\libgcc.a(_arm_muldivsf3.o)
 .debug_line_str
                0x00000120      0x113 D:/toolchain/gcc/xpack-arm-none-eabi-gcc-13.2.1-1.1-win32-x64/xpack-arm-none-eabi-gcc-13.2.1-1.1/bin/../lib/gcc/arm-none-eabi/13.2.1/thumb/v7-m/nofp\libgcc.a(_arm_fixunssfsi.o)

Cross Reference Table

Symbol                                            File
ADC1_2_IRQHandler                                 build/startup_stm32f103xe.o
ADC3_IRQHandler                                   build/startup_stm32f103xe.o
AHBPrescTable                                     build/system_stm32f1xx.o
                                                  build/stm32f1xx_hal_rcc.o
APBPrescTable                                     build/system_stm32f1xx.o
                                                  build/stm32f1xx_hal_rcc.o
AT24C02_Init                                      build/AT24C02.o
                                                  build/touch.o
AT24C02_check                                     build/AT24C02.o
AT24C02_read                                      build/AT24C02.o
                                                  build/touch.o
AT24C02_receiveByte                               build/AT24C02.o
                                                  build/touch.o
AT24C02_write                                     build/AT24C02.o
                                                  build/touch.o
AT24C02_writeByte                                 build/AT24C02.o
                                                  build/touch.o
BusFault_Handler                                  build/stm32f1xx_it.o
CAN1_RX1_IRQHandler                               build/startup_stm32f103xe.o
CAN1_SCE_IRQHandler                               build/startup_stm32f103xe.o
DMA1_Channel1_IRQHandler                          build/startup_stm32f103xe.o
DMA1_Channel2_IRQHandler                          build/startup_stm32f103xe.o
DMA1_Channel3_IRQHandler                          build/startup_stm32f103xe.o
DMA1_Channel4_IRQHandler                          build/startup_stm32f103xe.o
DMA1_Channel5_IRQHandler                          build/startup_stm32f103xe.o
DMA1_Channel6_IRQHandler                          build/startup_stm32f103xe.o
DMA1_Channel7_IRQHandler                          build/startup_stm32f103xe.o
DMA2_Channel1_IRQHandler                          build/startup_stm32f103xe.o
DMA2_Channel2_IRQHandler                          build/startup_stm32f103xe.o
DMA2_Channel3_IRQHandler                          build/startup_stm32f103xe.o
DMA2_Channel4_5_IRQHandler                        build/startup_stm32f103xe.o
DebugMon_Handler                                  build/stm32f1xx_it.o
Default_Handler                                   build/startup_stm32f103xe.o
EXTI0_IRQHandler                                  build/startup_stm32f103xe.o
EXTI15_10_IRQHandler                              build/startup_stm32f103xe.o
EXTI1_IRQHandler                                  build/startup_stm32f103xe.o
EXTI2_IRQHandler                                  build/startup_stm32f103xe.o
EXTI3_IRQHandler                                  build/startup_stm32f103xe.o
EXTI4_IRQHandler                                  build/startup_stm32f103xe.o
EXTI9_5_IRQHandler                                build/startup_stm32f103xe.o
Error_Handler                                     build/main.o
FLASH_IRQHandler                                  build/startup_stm32f103xe.o
FLASH_PageErase                                   build/stm32f1xx_hal_flash_ex.o
                                                  build/stm32f1xx_hal_flash.o
FLASH_WaitForLastOperation                        build/stm32f1xx_hal_flash.o
                                                  build/stm32f1xx_hal_flash_ex.o
FSMC_IRQHandler                                   build/startup_stm32f103xe.o
FSMC_NAND_AttributeSpace_Timing_Init              build/stm32f1xx_ll_fsmc.o
FSMC_NAND_CommonSpace_Timing_Init                 build/stm32f1xx_ll_fsmc.o
FSMC_NAND_DeInit                                  build/stm32f1xx_ll_fsmc.o
FSMC_NAND_ECC_Disable                             build/stm32f1xx_ll_fsmc.o
FSMC_NAND_ECC_Enable                              build/stm32f1xx_ll_fsmc.o
FSMC_NAND_GetECC                                  build/stm32f1xx_ll_fsmc.o
FSMC_NAND_Init                                    build/stm32f1xx_ll_fsmc.o
FSMC_NORSRAM_DeInit                               build/stm32f1xx_ll_fsmc.o
                                                  build/stm32f1xx_hal_sram.o
FSMC_NORSRAM_Extended_Timing_Init                 build/stm32f1xx_ll_fsmc.o
                                                  build/stm32f1xx_hal_sram.o
FSMC_NORSRAM_Init                                 build/stm32f1xx_ll_fsmc.o
                                                  build/stm32f1xx_hal_sram.o
FSMC_NORSRAM_Timing_Init                          build/stm32f1xx_ll_fsmc.o
                                                  build/stm32f1xx_hal_sram.o
FSMC_NORSRAM_WriteOperation_Disable               build/stm32f1xx_ll_fsmc.o
                                                  build/stm32f1xx_hal_sram.o
FSMC_NORSRAM_WriteOperation_Enable                build/stm32f1xx_ll_fsmc.o
                                                  build/stm32f1xx_hal_sram.o
FSMC_PCCARD_AttributeSpace_Timing_Init            build/stm32f1xx_ll_fsmc.o
FSMC_PCCARD_CommonSpace_Timing_Init               build/stm32f1xx_ll_fsmc.o
FSMC_PCCARD_DeInit                                build/stm32f1xx_ll_fsmc.o
FSMC_PCCARD_IOSpace_Timing_Init                   build/stm32f1xx_ll_fsmc.o
FSMC_PCCARD_Init                                  build/stm32f1xx_ll_fsmc.o
HAL_DBGMCU_DisableDBGSleepMode                    build/stm32f1xx_hal.o
HAL_DBGMCU_DisableDBGStandbyMode                  build/stm32f1xx_hal.o
HAL_DBGMCU_DisableDBGStopMode                     build/stm32f1xx_hal.o
HAL_DBGMCU_EnableDBGSleepMode                     build/stm32f1xx_hal.o
HAL_DBGMCU_EnableDBGStandbyMode                   build/stm32f1xx_hal.o
HAL_DBGMCU_EnableDBGStopMode                      build/stm32f1xx_hal.o
HAL_DMA_Abort                                     build/stm32f1xx_hal_dma.o
HAL_DMA_Abort_IT                                  build/stm32f1xx_hal_dma.o
HAL_DMA_DeInit                                    build/stm32f1xx_hal_dma.o
HAL_DMA_GetError                                  build/stm32f1xx_hal_dma.o
HAL_DMA_GetState                                  build/stm32f1xx_hal_dma.o
HAL_DMA_IRQHandler                                build/stm32f1xx_hal_dma.o
HAL_DMA_Init                                      build/stm32f1xx_hal_dma.o
HAL_DMA_PollForTransfer                           build/stm32f1xx_hal_dma.o
HAL_DMA_RegisterCallback                          build/stm32f1xx_hal_dma.o
HAL_DMA_Start                                     build/stm32f1xx_hal_dma.o
HAL_DMA_Start_IT                                  build/stm32f1xx_hal_dma.o
                                                  build/stm32f1xx_hal_sram.o
HAL_DMA_UnRegisterCallback                        build/stm32f1xx_hal_dma.o
HAL_DeInit                                        build/stm32f1xx_hal.o
HAL_Delay                                         build/delay.o
                                                  build/key.o
                                                  build/lcd.o
HAL_EXTI_ClearConfigLine                          build/stm32f1xx_hal_exti.o
HAL_EXTI_ClearPending                             build/stm32f1xx_hal_exti.o
HAL_EXTI_GenerateSWI                              build/stm32f1xx_hal_exti.o
HAL_EXTI_GetConfigLine                            build/stm32f1xx_hal_exti.o
HAL_EXTI_GetHandle                                build/stm32f1xx_hal_exti.o
HAL_EXTI_GetPending                               build/stm32f1xx_hal_exti.o
HAL_EXTI_IRQHandler                               build/stm32f1xx_hal_exti.o
HAL_EXTI_RegisterCallback                         build/stm32f1xx_hal_exti.o
HAL_EXTI_SetConfigLine                            build/stm32f1xx_hal_exti.o
HAL_FLASHEx_Erase                                 build/stm32f1xx_hal_flash_ex.o
HAL_FLASHEx_Erase_IT                              build/stm32f1xx_hal_flash_ex.o
HAL_FLASHEx_OBErase                               build/stm32f1xx_hal_flash_ex.o
HAL_FLASHEx_OBGetConfig                           build/stm32f1xx_hal_flash_ex.o
HAL_FLASHEx_OBGetUserData                         build/stm32f1xx_hal_flash_ex.o
HAL_FLASHEx_OBProgram                             build/stm32f1xx_hal_flash_ex.o
HAL_FLASH_EndOfOperationCallback                  build/stm32f1xx_hal_flash.o
HAL_FLASH_GetError                                build/stm32f1xx_hal_flash.o
HAL_FLASH_IRQHandler                              build/stm32f1xx_hal_flash.o
HAL_FLASH_Lock                                    build/stm32f1xx_hal_flash.o
HAL_FLASH_OB_Launch                               build/stm32f1xx_hal_flash.o
HAL_FLASH_OB_Lock                                 build/stm32f1xx_hal_flash.o
HAL_FLASH_OB_Unlock                               build/stm32f1xx_hal_flash.o
HAL_FLASH_OperationErrorCallback                  build/stm32f1xx_hal_flash.o
HAL_FLASH_Program                                 build/stm32f1xx_hal_flash.o
HAL_FLASH_Program_IT                              build/stm32f1xx_hal_flash.o
HAL_FLASH_Unlock                                  build/stm32f1xx_hal_flash.o
HAL_GPIOEx_ConfigEventout                         build/stm32f1xx_hal_gpio_ex.o
HAL_GPIOEx_DisableEventout                        build/stm32f1xx_hal_gpio_ex.o
HAL_GPIOEx_EnableEventout                         build/stm32f1xx_hal_gpio_ex.o
HAL_GPIO_DeInit                                   build/stm32f1xx_hal_gpio.o
HAL_GPIO_EXTI_Callback                            build/stm32f1xx_hal_gpio.o
HAL_GPIO_EXTI_IRQHandler                          build/stm32f1xx_hal_gpio.o
HAL_GPIO_Init                                     build/stm32f1xx_hal_gpio.o
                                                  build/stm32f1xx_hal_rcc.o
                                                  build/key.o
                                                  build/led.o
                                                  build/I2C.o
                                                  build/lcd.o
                                                  build/touch.o
HAL_GPIO_LockPin                                  build/stm32f1xx_hal_gpio.o
HAL_GPIO_ReadPin                                  build/stm32f1xx_hal_gpio.o
                                                  build/key.o
                                                  build/I2C.o
                                                  build/touch.o
HAL_GPIO_TogglePin                                build/stm32f1xx_hal_gpio.o
                                                  build/led.o
HAL_GPIO_WritePin                                 build/stm32f1xx_hal_gpio.o
                                                  build/key.o
                                                  build/led.o
                                                  build/I2C.o
                                                  build/lcd.o
                                                  build/touch.o
HAL_GetDEVID                                      build/stm32f1xx_hal.o
HAL_GetHalVersion                                 build/stm32f1xx_hal.o
HAL_GetREVID                                      build/stm32f1xx_hal.o
HAL_GetTick                                       build/stm32f1xx_hal.o
                                                  build/stm32f1xx_hal_flash.o
                                                  build/stm32f1xx_hal_dma.o
                                                  build/stm32f1xx_hal_rcc_ex.o
                                                  build/stm32f1xx_hal_rcc.o
                                                  build/stm32f1xx_ll_fsmc.o
HAL_GetTickFreq                                   build/stm32f1xx_hal.o
HAL_GetTickPrio                                   build/stm32f1xx_hal.o
HAL_GetUIDw0                                      build/stm32f1xx_hal.o
HAL_GetUIDw1                                      build/stm32f1xx_hal.o
HAL_GetUIDw2                                      build/stm32f1xx_hal.o
HAL_IncTick                                       build/stm32f1xx_hal.o
                                                  build/stm32f1xx_it.o