Component: ARM Compiler 5.06 update 7 (build 960) Tool: armlink [4d3601]

==============================================================================

Section Cross References

    main.o(i.load_draw_dialog) refers to lcd.o(i.LCD_clear) for LCD_clear
    main.o(i.load_draw_dialog) refers to lcd.o(i.LCD_showString) for LCD_showString
    main.o(i.main) refers to delay.o(i.delay_init) for delay_init
    main.o(i.main) refers to led.o(i.LED_Init) for LED_Init
    main.o(i.main) refers to key.o(i.Key_Init) for Key_Init
    main.o(i.main) refers to serial.o(i.Serial_Init) for Serial_Init
    main.o(i.main) refers to lcd.o(i.LCD_Init) for LCD_Init
    main.o(i.main) refers to at24c02.o(i.AT24C02_Init) for AT24C02_Init
    main.o(i.main) refers to lcd.o(i.LCD_showString) for LCD_showString
    main.o(i.main) refers to delay.o(i.delay_ms) for delay_ms
    main.o(i.main) refers to main.o(i.load_draw_dialog) for load_draw_dialog
    main.o(i.main) refers to main.o(i.rtp_test) for rtp_test
    main.o(i.main) refers to touch.o(.data) for touch_dev
    main.o(i.rtp_test) refers to key.o(i.Key_getValue) for Key_getValue
    main.o(i.rtp_test) refers to main.o(i.load_draw_dialog) for load_draw_dialog
    main.o(i.rtp_test) refers to touch.o(i.touch_drawBigPoint) for touch_drawBigPoint
    main.o(i.rtp_test) refers to delay.o(i.delay_ms) for delay_ms
    main.o(i.rtp_test) refers to lcd.o(i.LCD_clear) for LCD_clear
    main.o(i.rtp_test) refers to touch.o(i.touchAdjust) for touchAdjust
    main.o(i.rtp_test) refers to touch.o(i.touch_saveAdjustData) for touch_saveAdjustData
    main.o(i.rtp_test) refers to led.o(i.LED_Toggle) for LED_Toggle
    main.o(i.rtp_test) refers to touch.o(.data) for touch_dev
    system_stm32f10x.o(i.SetSysClock) refers to system_stm32f10x.o(i.SetSysClockTo72) for SetSysClockTo72
    system_stm32f10x.o(i.SystemCoreClockUpdate) refers to system_stm32f10x.o(.data) for SystemCoreClock
    system_stm32f10x.o(i.SystemInit) refers to system_stm32f10x.o(i.SetSysClock) for SetSysClock
    delay.o(i.delay_init) refers to misc.o(i.SysTick_CLKSourceConfig) for SysTick_CLKSourceConfig
    delay.o(i.delay_init) refers to delay.o(.data) for fac_us
    delay.o(i.delay_ms) refers to delay.o(.data) for fac_ms
    delay.o(i.delay_us) refers to delay.o(.data) for fac_us
    i2c.o(i.I2C_delay) refers to delay.o(i.delay_us) for delay_us
    i2c.o(i.I2C_end) refers to i2c.o(i.SDA) for SDA
    i2c.o(i.I2C_end) refers to i2c.o(i.I2C_delay) for I2C_delay
    i2c.o(i.I2C_end) refers to i2c.o(i.SCL) for SCL
    i2c.o(i.I2C_receiveACK) refers to i2c.o(i.SDA) for SDA
    i2c.o(i.I2C_receiveACK) refers to i2c.o(i.I2C_delay) for I2C_delay
    i2c.o(i.I2C_receiveACK) refers to i2c.o(i.SCL) for SCL
    i2c.o(i.I2C_receiveACK) refers to i2c.o(i.I2C_end) for I2C_end
    i2c.o(i.I2C_receiveACK) refers to stm32f10x_gpio.o(i.GPIO_ReadInputDataBit) for GPIO_ReadInputDataBit
    i2c.o(i.I2C_receiveByte) refers to i2c.o(i.SDA) for SDA
    i2c.o(i.I2C_receiveByte) refers to i2c.o(i.SCL) for SCL
    i2c.o(i.I2C_receiveByte) refers to i2c.o(i.I2C_delay) for I2C_delay
    i2c.o(i.I2C_receiveByte) refers to stm32f10x_gpio.o(i.GPIO_ReadInputDataBit) for GPIO_ReadInputDataBit
    i2c.o(i.I2C_receiveByte) refers to i2c.o(i.I2C_sendACK) for I2C_sendACK
    i2c.o(i.I2C_receiveByte) refers to i2c.o(i.I2C_sendNACK) for I2C_sendNACK
    i2c.o(i.I2C_sendACK) refers to i2c.o(i.SDA) for SDA
    i2c.o(i.I2C_sendACK) refers to i2c.o(i.I2C_delay) for I2C_delay
    i2c.o(i.I2C_sendACK) refers to i2c.o(i.SCL) for SCL
    i2c.o(i.I2C_sendByte) refers to i2c.o(i.SDA) for SDA
    i2c.o(i.I2C_sendByte) refers to i2c.o(i.I2C_delay) for I2C_delay
    i2c.o(i.I2C_sendByte) refers to i2c.o(i.SCL) for SCL
    i2c.o(i.I2C_sendNACK) refers to i2c.o(i.SDA) for SDA
    i2c.o(i.I2C_sendNACK) refers to i2c.o(i.I2C_delay) for I2C_delay
    i2c.o(i.I2C_sendNACK) refers to i2c.o(i.SCL) for SCL
    i2c.o(i.I2C_start) refers to i2c.o(i.SDA) for SDA
    i2c.o(i.I2C_start) refers to i2c.o(i.SCL) for SCL
    i2c.o(i.I2C_start) refers to i2c.o(i.I2C_delay) for I2C_delay
    i2c.o(i.IIC_Init) refers to stm32f10x_rcc.o(i.RCC_APB2PeriphClockCmd) for RCC_APB2PeriphClockCmd
    i2c.o(i.IIC_Init) refers to stm32f10x_gpio.o(i.GPIO_Init) for GPIO_Init
    i2c.o(i.IIC_Init) refers to i2c.o(i.I2C_end) for I2C_end
    i2c.o(i.SCL) refers to stm32f10x_gpio.o(i.GPIO_SetBits) for GPIO_SetBits
    i2c.o(i.SCL) refers to stm32f10x_gpio.o(i.GPIO_ResetBits) for GPIO_ResetBits
    i2c.o(i.SDA) refers to stm32f10x_gpio.o(i.GPIO_SetBits) for GPIO_SetBits
    i2c.o(i.SDA) refers to stm32f10x_gpio.o(i.GPIO_ResetBits) for GPIO_ResetBits
    startup_stm32f10x_hd.o(RESET) refers to startup_stm32f10x_hd.o(STACK) for __initial_sp
    startup_stm32f10x_hd.o(RESET) refers to startup_stm32f10x_hd.o(.text) for Reset_Handler
    startup_stm32f10x_hd.o(RESET) refers to stm32f10x_it.o(i.NMI_Handler) for NMI_Handler
[...]
    Removing stm32f10x_iwdg.o(i.IWDG_GetFlagStatus), (24 bytes).
    Removing stm32f10x_iwdg.o(i.IWDG_ReloadCounter), (16 bytes).
    Removing stm32f10x_iwdg.o(i.IWDG_SetPrescaler), (12 bytes).
    Removing stm32f10x_iwdg.o(i.IWDG_SetReload), (12 bytes).
    Removing stm32f10x_iwdg.o(i.IWDG_WriteAccessCmd), (12 bytes).
    Removing stm32f10x_pwr.o(i.PWR_BackupAccessCmd), (12 bytes).
    Removing stm32f10x_pwr.o(i.PWR_ClearFlag), (20 bytes).
    Removing stm32f10x_pwr.o(i.PWR_DeInit), (22 bytes).
    Removing stm32f10x_pwr.o(i.PWR_EnterSTANDBYMode), (40 bytes).
    Removing stm32f10x_pwr.o(i.PWR_EnterSTOPMode), (64 bytes).
    Removing stm32f10x_pwr.o(i.PWR_GetFlagStatus), (24 bytes).
    Removing stm32f10x_pwr.o(i.PWR_PVDCmd), (12 bytes).
    Removing stm32f10x_pwr.o(i.PWR_PVDLevelConfig), (24 bytes).
    Removing stm32f10x_pwr.o(i.PWR_WakeUpPinCmd), (12 bytes).
    Removing stm32f10x_rcc.o(i.RCC_ADCCLKConfig), (24 bytes).
    Removing stm32f10x_rcc.o(i.RCC_APB1PeriphClockCmd), (32 bytes).
    Removing stm32f10x_rcc.o(i.RCC_APB1PeriphResetCmd), (32 bytes).
    Removing stm32f10x_rcc.o(i.RCC_APB2PeriphResetCmd), (32 bytes).
    Removing stm32f10x_rcc.o(i.RCC_AdjustHSICalibrationValue), (24 bytes).
    Removing stm32f10x_rcc.o(i.RCC_BackupResetCmd), (12 bytes).
    Removing stm32f10x_rcc.o(i.RCC_ClearFlag), (20 bytes).
    Removing stm32f10x_rcc.o(i.RCC_ClearITPendingBit), (12 bytes).
    Removing stm32f10x_rcc.o(i.RCC_ClockSecuritySystemCmd), (12 bytes).
    Removing stm32f10x_rcc.o(i.RCC_DeInit), (76 bytes).
    Removing stm32f10x_rcc.o(i.RCC_GetFlagStatus), (60 bytes).
    Removing stm32f10x_rcc.o(i.RCC_GetITStatus), (24 bytes).
    Removing stm32f10x_rcc.o(i.RCC_GetSYSCLKSource), (16 bytes).
    Removing stm32f10x_rcc.o(i.RCC_HCLKConfig), (24 bytes).
    Removing stm32f10x_rcc.o(i.RCC_HSEConfig), (76 bytes).
    Removing stm32f10x_rcc.o(i.RCC_HSICmd), (12 bytes).
    Removing stm32f10x_rcc.o(i.RCC_ITConfig), (32 bytes).
    Removing stm32f10x_rcc.o(i.RCC_LSEConfig), (52 bytes).
    Removing stm32f10x_rcc.o(i.RCC_LSICmd), (12 bytes).
    Removing stm32f10x_rcc.o(i.RCC_MCOConfig), (12 bytes).
    Removing stm32f10x_rcc.o(i.RCC_PCLK1Config), (24 bytes).
    Removing stm32f10x_rcc.o(i.RCC_PCLK2Config), (24 bytes).
    Removing stm32f10x_rcc.o(i.RCC_PLLCmd), (12 bytes).
    Removing stm32f10x_rcc.o(i.RCC_PLLConfig), (28 bytes).
    Removing stm32f10x_rcc.o(i.RCC_RTCCLKCmd), (12 bytes).
    Removing stm32f10x_rcc.o(i.RCC_RTCCLKConfig), (16 bytes).
    Removing stm32f10x_rcc.o(i.RCC_SYSCLKConfig), (24 bytes).
    Removing stm32f10x_rcc.o(i.RCC_USBCLKConfig), (12 bytes).
    Removing stm32f10x_rcc.o(i.RCC_WaitForHSEStartUp), (56 bytes).
    Removing stm32f10x_rtc.o(i.RTC_ClearFlag), (16 bytes).
    Removing stm32f10x_rtc.o(i.RTC_ClearITPendingBit), (16 bytes).
    Removing stm32f10x_rtc.o(i.RTC_EnterConfigMode), (20 bytes).
    Removing stm32f10x_rtc.o(i.RTC_ExitConfigMode), (20 bytes).
    Removing stm32f10x_rtc.o(i.RTC_GetCounter), (44 bytes).
    Removing stm32f10x_rtc.o(i.RTC_GetDivider), (24 bytes).
    Removing stm32f10x_rtc.o(i.RTC_GetFlagStatus), (24 bytes).
    Removing stm32f10x_rtc.o(i.RTC_GetITStatus), (36 bytes).
    Removing stm32f10x_rtc.o(i.RTC_ITConfig), (32 bytes).
    Removing stm32f10x_rtc.o(i.RTC_SetAlarm), (28 bytes).
    Removing stm32f10x_rtc.o(i.RTC_SetCounter), (28 bytes).
    Removing stm32f10x_rtc.o(i.RTC_SetPrescaler), (32 bytes).
    Removing stm32f10x_rtc.o(i.RTC_WaitForLastTask), (20 bytes).
    Removing stm32f10x_rtc.o(i.RTC_WaitForSynchro), (36 bytes).
    Removing stm32f10x_sdio.o(i.SDIO_CEATAITCmd), (16 bytes).
    Removing stm32f10x_sdio.o(i.SDIO_ClearFlag), (12 bytes).
    Removing stm32f10x_sdio.o(i.SDIO_ClearITPendingBit), (12 bytes).
    Removing stm32f10x_sdio.o(i.SDIO_ClockCmd), (12 bytes).
    Removing stm32f10x_sdio.o(i.SDIO_CmdStructInit), (14 bytes).
    Removing stm32f10x_sdio.o(i.SDIO_CommandCompletionCmd), (12 bytes).
    Removing stm32f10x_sdio.o(i.SDIO_DMACmd), (12 bytes).
    Removing stm32f10x_sdio.o(i.SDIO_DataConfig), (48 bytes).
    Removing stm32f10x_sdio.o(i.SDIO_DataStructInit), (20 bytes).
    Removing stm32f10x_sdio.o(i.SDIO_DeInit), (36 bytes).
    Removing stm32f10x_sdio.o(i.SDIO_GetCommandResponse), (12 bytes).
    Removing stm32f10x_sdio.o(i.SDIO_GetDataCounter), (12 bytes).
    Removing stm32f10x_sdio.o(i.SDIO_GetFIFOCount), (12 bytes).
    Removing stm32f10x_sdio.o(i.SDIO_GetFlagStatus), (24 bytes).
    Removing stm32f10x_sdio.o(i.SDIO_GetITStatus), (24 bytes).
    Removing stm32f10x_sdio.o(i.SDIO_GetPowerState), (16 bytes).
    Removing stm32f10x_sdio.o(i.SDIO_GetResponse), (24 bytes).
    Removing stm32f10x_sdio.o(i.SDIO_ITConfig), (32 bytes).
    Removing stm32f10x_sdio.o(i.SDIO_Init), (48 bytes).
    Removing stm32f10x_sdio.o(i.SDIO_ReadData), (12 bytes).
    Removing stm32f10x_sdio.o(i.SDIO_SendCEATACmd), (12 bytes).
    Removing stm32f10x_sdio.o(i.SDIO_SendCommand), (44 bytes).
    Removing stm32f10x_sdio.o(i.SDIO_SendSDIOSuspendCmd), (12 bytes).
    Removing stm32f10x_sdio.o(i.SDIO_SetPowerState), (12 bytes).
    Removing stm32f10x_sdio.o(i.SDIO_SetSDIOOperation), (12 bytes).
    Removing stm32f10x_sdio.o(i.SDIO_SetSDIOReadWaitMode), (12 bytes).
    Removing stm32f10x_sdio.o(i.SDIO_StartSDIOReadWait), (12 bytes).
    Removing stm32f10x_sdio.o(i.SDIO_StopSDIOReadWait), (12 bytes).
    Removing stm32f10x_sdio.o(i.SDIO_StructInit), (16 bytes).
    Removing stm32f10x_sdio.o(i.SDIO_WriteData), (12 bytes).
    Removing stm32f10x_spi.o(i.I2S_Cmd), (24 bytes).
    Removing stm32f10x_spi.o(i.I2S_Init), (232 bytes).
    Removing stm32f10x_spi.o(i.I2S_StructInit), (20 bytes).
    Removing stm32f10x_spi.o(i.SPI_BiDirectionalLineConfig), (28 bytes).
    Removing stm32f10x_spi.o(i.SPI_CalculateCRC), (24 bytes).
    Removing stm32f10x_spi.o(i.SPI_Cmd), (24 bytes).
    Removing stm32f10x_spi.o(i.SPI_DataSizeConfig), (18 bytes).
    Removing stm32f10x_spi.o(i.SPI_GetCRC), (16 bytes).
    Removing stm32f10x_spi.o(i.SPI_GetCRCPolynomial), (6 bytes).
    Removing stm32f10x_spi.o(i.SPI_I2S_ClearFlag), (6 bytes).
    Removing stm32f10x_spi.o(i.SPI_I2S_ClearITPendingBit), (20 bytes).
    Removing stm32f10x_spi.o(i.SPI_I2S_DMACmd), (18 bytes).
    Removing stm32f10x_spi.o(i.SPI_I2S_DeInit), (88 bytes).
    Removing stm32f10x_spi.o(i.SPI_I2S_GetFlagStatus), (18 bytes).
    Removing stm32f10x_spi.o(i.SPI_I2S_GetITStatus), (52 bytes).
    Removing stm32f10x_spi.o(i.SPI_I2S_ITConfig), (32 bytes).
    Removing stm32f10x_spi.o(i.SPI_I2S_ReceiveData), (6 bytes).
    Removing stm32f10x_spi.o(i.SPI_I2S_SendData), (4 bytes).
    Removing stm32f10x_spi.o(i.SPI_Init), (60 bytes).
    Removing stm32f10x_spi.o(i.SPI_NSSInternalSoftwareConfig), (30 bytes).
    Removing stm32f10x_spi.o(i.SPI_SSOutputCmd), (24 bytes).
    Removing stm32f10x_spi.o(i.SPI_StructInit), (24 bytes).
    Removing stm32f10x_spi.o(i.SPI_TransmitCRC), (10 bytes).
    Removing stm32f10x_tim.o(i.TI1_Config), (128 bytes).
    Removing stm32f10x_tim.o(i.TI2_Config), (152 bytes).
    Removing stm32f10x_tim.o(i.TI3_Config), (144 bytes).
    Removing stm32f10x_tim.o(i.TI4_Config), (152 bytes).
    Removing stm32f10x_tim.o(i.TIM_ARRPreloadConfig), (24 bytes).
    Removing stm32f10x_tim.o(i.TIM_BDTRConfig), (32 bytes).
    Removing stm32f10x_tim.o(i.TIM_BDTRStructInit), (18 bytes).
    Removing stm32f10x_tim.o(i.TIM_CCPreloadControl), (24 bytes).
    Removing stm32f10x_tim.o(i.TIM_CCxCmd), (30 bytes).
    Removing stm32f10x_tim.o(i.TIM_CCxNCmd), (30 bytes).
    Removing stm32f10x_tim.o(i.TIM_ClearFlag), (6 bytes).
    Removing stm32f10x_tim.o(i.TIM_ClearOC1Ref), (18 bytes).
    Removing stm32f10x_tim.o(i.TIM_ClearOC2Ref), (24 bytes).
    Removing stm32f10x_tim.o(i.TIM_ClearOC3Ref), (18 bytes).
    Removing stm32f10x_tim.o(i.TIM_ClearOC4Ref), (24 bytes).
    Removing stm32f10x_tim.o(i.TIM_Cmd), (24 bytes).
    Removing stm32f10x_tim.o(i.TIM_CounterModeConfig), (18 bytes).
    Removing stm32f10x_tim.o(i.TIM_CtrlPWMOutputs), (30 bytes).
    Removing stm32f10x_tim.o(i.TIM_DMACmd), (18 bytes).
    Removing stm32f10x_tim.o(i.TIM_DMAConfig), (10 bytes).
    Removing stm32f10x_tim.o(i.TIM_DeInit), (488 bytes).
    Removing stm32f10x_tim.o(i.TIM_ETRClockMode1Config), (54 bytes).
    Removing stm32f10x_tim.o(i.TIM_ETRClockMode2Config), (32 bytes).
    Removing stm32f10x_tim.o(i.TIM_ETRConfig), (28 bytes).
    Removing stm32f10x_tim.o(i.TIM_EncoderInterfaceConfig), (66 bytes).
    Removing stm32f10x_tim.o(i.TIM_ForcedOC1Config), (18 bytes).
    Removing stm32f10x_tim.o(i.TIM_ForcedOC2Config), (26 bytes).
    Removing stm32f10x_tim.o(i.TIM_ForcedOC3Config), (18 bytes).
    Removing stm32f10x_tim.o(i.TIM_ForcedOC4Config), (26 bytes).
    Removing stm32f10x_tim.o(i.TIM_GenerateEvent), (4 bytes).
    Removing stm32f10x_tim.o(i.TIM_GetCapture1), (6 bytes).
    Removing stm32f10x_tim.o(i.TIM_GetCapture2), (6 bytes).
    Removing stm32f10x_tim.o(i.TIM_GetCapture3), (6 bytes).
    Removing stm32f10x_tim.o(i.TIM_GetCapture4), (8 bytes).
    Removing stm32f10x_tim.o(i.TIM_GetCounter), (6 bytes).
    Removing stm32f10x_tim.o(i.TIM_GetFlagStatus), (18 bytes).
    Removing stm32f10x_tim.o(i.TIM_GetPrescaler), (6 bytes).
    Removing stm32f10x_tim.o(i.TIM_ICInit), (172 bytes).
    Removing stm32f10x_tim.o(i.TIM_ICStructInit), (18 bytes).
    Removing stm32f10x_tim.o(i.TIM_ITConfig), (18 bytes).
    Removing stm32f10x_tim.o(i.TIM_ITRxExternalClockConfig), (24 bytes).
    Removing stm32f10x_tim.o(i.TIM_InternalClockConfig), (12 bytes).
    Removing stm32f10x_tim.o(i.TIM_OC1FastConfig), (18 bytes).
    Removing stm32f10x_tim.o(i.TIM_OC1Init), (152 bytes).
    Removing stm32f10x_tim.o(i.TIM_OC1NPolarityConfig), (18 bytes).
    Removing stm32f10x_tim.o(i.TIM_OC1PolarityConfig), (18 bytes).
    Removing stm32f10x_tim.o(i.TIM_OC1PreloadConfig), (18 bytes).
    Removing stm32f10x_tim.o(i.TIM_OC2FastConfig), (26 bytes).
    Removing stm32f10x_tim.o(i.TIM_OC2Init), (164 bytes).
    Removing stm32f10x_tim.o(i.TIM_OC2NPolarityConfig), (26 bytes).
    Removing stm32f10x_tim.o(i.TIM_OC2PolarityConfig), (26 bytes).
    Removing stm32f10x_tim.o(i.TIM_OC2PreloadConfig), (26 bytes).
    Removing stm32f10x_tim.o(i.TIM_OC3FastConfig), (18 bytes).
    Removing stm32f10x_tim.o(i.TIM_OC3Init), (160 bytes).
    Removing stm32f10x_tim.o(i.TIM_OC3NPolarityConfig), (26 bytes).
    Removing stm32f10x_tim.o(i.TIM_OC3PolarityConfig), (26 bytes).
    Removing stm32f10x_tim.o(i.TIM_OC3PreloadConfig), (18 bytes).
    Removing stm32f10x_tim.o(i.TIM_OC4FastConfig), (26 bytes).
    Removing stm32f10x_tim.o(i.TIM_OC4Init), (124 bytes).
    Removing stm32f10x_tim.o(i.TIM_OC4PolarityConfig), (26 bytes).
    Removing stm32f10x_tim.o(i.TIM_OC4PreloadConfig), (26 bytes).
    Removing stm32f10x_tim.o(i.TIM_OCStructInit), (20 bytes).
    Removing stm32f10x_tim.o(i.TIM_PWMIConfig), (124 bytes).
    Removing stm32f10x_tim.o(i.TIM_PrescalerConfig), (6 bytes).
    Removing stm32f10x_tim.o(i.TIM_SelectCCDMA), (24 bytes).
    Removing stm32f10x_tim.o(i.TIM_SelectCOM), (24 bytes).
    Removing stm32f10x_tim.o(i.TIM_SelectHallSensor), (24 bytes).
    Removing stm32f10x_tim.o(i.TIM_SelectInputTrigger), (18 bytes).
    Removing stm32f10x_tim.o(i.TIM_SelectMasterSlaveMode), (18 bytes).
    Removing stm32f10x_tim.o(i.TIM_SelectOCxM), (82 bytes).
    Removing stm32f10x_tim.o(i.TIM_SelectOnePulseMode), (18 bytes).
    Removing stm32f10x_tim.o(i.TIM_SelectOutputTrigger), (18 bytes).
    Removing stm32f10x_tim.o(i.TIM_SelectSlaveMode), (18 bytes).
    Removing stm32f10x_tim.o(i.TIM_SetAutoreload), (4 bytes).
    Removing stm32f10x_tim.o(i.TIM_SetClockDivision), (18 bytes).
    Removing stm32f10x_tim.o(i.TIM_SetCompare1), (4 bytes).
    Removing stm32f10x_tim.o(i.TIM_SetCompare2), (4 bytes).
    Removing stm32f10x_tim.o(i.TIM_SetCompare3), (4 bytes).
    Removing stm32f10x_tim.o(i.TIM_SetCompare4), (6 bytes).
    Removing stm32f10x_tim.o(i.TIM_SetCounter), (4 bytes).
    Removing stm32f10x_tim.o(i.TIM_SetIC1Prescaler), (18 bytes).
    Removing stm32f10x_tim.o(i.TIM_SetIC2Prescaler), (26 bytes).
    Removing stm32f10x_tim.o(i.TIM_SetIC3Prescaler), (18 bytes).
    Removing stm32f10x_tim.o(i.TIM_SetIC4Prescaler), (26 bytes).
    Removing stm32f10x_tim.o(i.TIM_TIxExternalClockConfig), (62 bytes).
    Removing stm32f10x_tim.o(i.TIM_TimeBaseInit), (164 bytes).
    Removing stm32f10x_tim.o(i.TIM_TimeBaseStructInit), (18 bytes).
    Removing stm32f10x_tim.o(i.TIM_UpdateDisableConfig), (24 bytes).
    Removing stm32f10x_tim.o(i.TIM_UpdateRequestConfig), (24 bytes).
    Removing stm32f10x_usart.o(i.USART_ClearFlag), (18 bytes).
    Removing stm32f10x_usart.o(i.USART_ClearITPendingBit), (30 bytes).
    Removing stm32f10x_usart.o(i.USART_ClockInit), (34 bytes).
    Removing stm32f10x_usart.o(i.USART_ClockStructInit), (12 bytes).
    Removing stm32f10x_usart.o(i.USART_DMACmd), (18 bytes).
    Removing stm32f10x_usart.o(i.USART_DeInit), (156 bytes).
    Removing stm32f10x_usart.o(i.USART_HalfDuplexCmd), (24 bytes).
    Removing stm32f10x_usart.o(i.USART_IrDACmd), (24 bytes).
    Removing stm32f10x_usart.o(i.USART_IrDAConfig), (18 bytes).
    Removing stm32f10x_usart.o(i.USART_LINBreakDetectLengthConfig), (18 bytes).
    Removing stm32f10x_usart.o(i.USART_LINCmd), (24 bytes).
    Removing stm32f10x_usart.o(i.USART_OneBitMethodCmd), (24 bytes).
    Removing stm32f10x_usart.o(i.USART_OverSampling8Cmd), (22 bytes).
    Removing stm32f10x_usart.o(i.USART_ReceiverWakeUpCmd), (24 bytes).
    Removing stm32f10x_usart.o(i.USART_SendBreak), (10 bytes).
    Removing stm32f10x_usart.o(i.USART_SetAddress), (18 bytes).
    Removing stm32f10x_usart.o(i.USART_SetGuardTime), (16 bytes).
    Removing stm32f10x_usart.o(i.USART_SetPrescaler), (16 bytes).
    Removing stm32f10x_usart.o(i.USART_SmartCardCmd), (24 bytes).
    Removing stm32f10x_usart.o(i.USART_SmartCardNACKCmd), (24 bytes).
    Removing stm32f10x_usart.o(i.USART_StructInit), (24 bytes).
    Removing stm32f10x_usart.o(i.USART_WakeUpConfig), (18 bytes).
    Removing stm32f10x_wwdg.o(i.WWDG_ClearFlag), (12 bytes).
    Removing stm32f10x_wwdg.o(i.WWDG_DeInit), (22 bytes).
    Removing stm32f10x_wwdg.o(i.WWDG_Enable), (16 bytes).
    Removing stm32f10x_wwdg.o(i.WWDG_EnableIT), (12 bytes).
    Removing stm32f10x_wwdg.o(i.WWDG_GetFlagStatus), (12 bytes).
    Removing stm32f10x_wwdg.o(i.WWDG_SetCounter), (16 bytes).
    Removing stm32f10x_wwdg.o(i.WWDG_SetPrescaler), (24 bytes).
    Removing stm32f10x_wwdg.o(i.WWDG_SetWindowValue), (40 bytes).
    Removing led.o(i.LED_OFF), (16 bytes).
    Removing led.o(i.LED_ON), (16 bytes).
    Removing serial.o(i.TRACE), (12 bytes).
    Removing serial.o(i.USART1_Printf), (36 bytes).
    Removing serial.o(i.USART1_sendArray), (26 bytes).
    Removing serial.o(i.USART1_sendNum), (88 bytes).
    Removing serial.o(i.USART1_sendString), (26 bytes).
    Removing lcd.o(i.LCD_drawRectangle), (70 bytes).
    Removing lcd.o(i.LCD_drawSlopingLine), (456 bytes).
    Removing lcd.o(i.LCD_fillCircle), (196 bytes).
    Removing lcd.o(i.LCD_writeCommandAndData), (16 bytes).
    Removing at24c02.o(i.AT24C02_check), (52 bytes).
    Removing touch.o(.constdata), (4 bytes).
    Removing touch.o(.conststring), (121 bytes).
    Removing timer.o(i.Timer_Init), (104 bytes).

467 unused section(s) (total 19399 bytes) removed from the image.

==============================================================================

Image Symbol Table

    Local Symbols

    Symbol Name                              Value     Ov Type        Size  Object(Section)

    ../clib/microlib/division.c              0x00000000   Number         0  uidiv.o ABSOLUTE
    ../clib/microlib/division.c              0x00000000   Number         0  uldiv.o ABSOLUTE
    ../clib/microlib/errno.c                 0x00000000   Number         0  errno.o ABSOLUTE
    ../clib/microlib/init/entry.s            0x00000000   Number         0  entry8b.o ABSOLUTE
    ../clib/microlib/init/entry.s            0x00000000   Number         0  entry11a.o ABSOLUTE
    ../clib/microlib/init/entry.s            0x00000000   Number         0  entry11b.o ABSOLUTE
    ../clib/microlib/init/entry.s            0x00000000   Number         0  entry12a.o ABSOLUTE
    ../clib/microlib/init/entry.s            0x00000000   Number         0  entry.o ABSOLUTE
    ../clib/microlib/init/entry.s            0x00000000   Number         0  entry5.o ABSOLUTE
    ../clib/microlib/init/entry.s            0x00000000   Number         0  entry12b.o ABSOLUTE
    ../clib/microlib/init/entry.s            0x00000000   Number         0  entry2.o ABSOLUTE
    ../clib/microlib/init/entry.s            0x00000000   Number         0  entry7a.o ABSOLUTE
    ../clib/microlib/init/entry.s            0x00000000   Number         0  entry9a.o ABSOLUTE
    ../clib/microlib/init/entry.s            0x00000000   Number         0  entry9b.o ABSOLUTE
    ../clib/microlib/init/entry.s            0x00000000   Number         0  entry7b.o ABSOLUTE
    ../clib/microlib/init/entry.s            0x00000000   Number         0  entry10a.o ABSOLUTE
    ../clib/microlib/init/entry.s            0x00000000   Number         0  entry10b.o ABSOLUTE
    ../clib/microlib/init/entry.s            0x00000000   Number         0  entry8a.o ABSOLUTE
    ../clib/microlib/longlong.c              0x00000000   Number         0  llshl.o ABSOLUTE
    ../clib/microlib/longlong.c              0x00000000   Number         0  llushr.o ABSOLUTE
    ../clib/microlib/longlong.c              0x00000000   Number         0  llsshr.o ABSOLUTE
    ../clib/microlib/printf/printf.c         0x00000000   Number         0  printf6.o ABSOLUTE
    ../clib/microlib/printf/printf.c         0x00000000   Number         0  printfa.o ABSOLUTE
    ../clib/microlib/printf/printf.c         0x00000000   Number         0  printf5.o ABSOLUTE
    ../clib/microlib/printf/printf.c         0x00000000   Number         0  printf3.o ABSOLUTE
    ../clib/microlib/printf/printf.c         0x00000000   Number         0  printf1.o ABSOLUTE
    ../clib/microlib/printf/printf.c         0x00000000   Number         0  printf0.o ABSOLUTE
    ../clib/microlib/printf/printf.c         0x00000000   Number         0  printfb.o ABSOLUTE
    ../clib/microlib/printf/printf.c         0x00000000   Number         0  printf2.o ABSOLUTE
    ../clib/microlib/printf/printf.c         0x00000000   Number         0  printf4.o ABSOLUTE
    ../clib/microlib/printf/printf.c         0x00000000   Number         0  printf8.o ABSOLUTE
    ../clib/microlib/printf/printf.c         0x00000000   Number         0  printf7.o ABSOLUTE
    ../clib/microlib/printf/stubs.s          0x00000000   Number         0  stubs.o ABSOLUTE
    ../clib/microlib/stdio/streams.c         0x00000000   Number         0  stdout.o ABSOLUTE
    ../clib/microlib/stubs.s                 0x00000000   Number         0  iusefp.o ABSOLUTE
    ../fplib/microlib/fpadd.c                0x00000000   Number         0  fadd.o ABSOLUTE
    ../fplib/microlib/fpadd.c                0x00000000   Number         0  dadd.o ABSOLUTE
    ../fplib/microlib/fpdiv.c                0x00000000   Number         0  fdiv.o ABSOLUTE
    ../fplib/microlib/fpdiv.c                0x00000000   Number         0  ddiv.o ABSOLUTE
    ../fplib/microlib/fpepilogue.c           0x00000000   Number         0  fepilogue.o ABSOLUTE
    ../fplib/microlib/fpepilogue.c           0x00000000   Number         0  depilogue.o ABSOLUTE
    ../fplib/microlib/fpfix.c                0x00000000   Number         0  dfixul.o ABSOLUTE
    ../fplib/microlib/fpfix.c                0x00000000   Number         0  dfixui.o ABSOLUTE
    ../fplib/microlib/fpfix.c                0x00000000   Number         0  ffixui.o ABSOLUTE
    ../fplib/microlib/fpflt.c                0x00000000   Number         0  dfltui.o ABSOLUTE
    ../fplib/microlib/fpflt.c                0x00000000   Number         0  dflti.o ABSOLUTE
    ../fplib/microlib/fpflt.c                0x00000000   Number         0  fflti.o ABSOLUTE
    ../fplib/microlib/fpmul.c                0x00000000   Number         0  dmul.o ABSOLUTE
    ../fplib/microlib/fpsqrt.c               0x00000000   Number         0  dsqrt.o ABSOLUTE
    ../mathlib/floor.c                       0x00000000   Number         0  floor.o ABSOLUTE
    ../mathlib/sqrt.c                        0x00000000   Number         0  sqrt_x.o ABSOLUTE
    ../mathlib/sqrt.c                        0x00000000   Number         0  sqrt.o ABSOLUTE
    Bsp\Serial\Serial.c                      0x00000000   Number         0  serial.o ABSOLUTE
    Bsp\at24c02\at24c02.c                    0x00000000   Number         0  at24c02.o ABSOLUTE
    Bsp\key\key.c                            0x00000000   Number         0  key.o ABSOLUTE
    Bsp\lcd\lcd.c                            0x00000000   Number         0  lcd.o ABSOLUTE
    Bsp\led\led.c                            0x00000000   Number         0  led.o ABSOLUTE
    Bsp\timer\timer.c                        0x00000000   Number         0  timer.o ABSOLUTE
    Bsp\touch\touch.c                        0x00000000   Number         0  touch.o ABSOLUTE
    Core\\core_cm3.c                         0x00000000   Number         0  core_cm3.o ABSOLUTE
    Core\core_cm3.c                          0x00000000   Number         0  core_cm3.o ABSOLUTE
    Core\startup_stm32f10x_hd.s              0x00000000   Number         0  startup_stm32f10x_hd.o ABSOLUTE
    STM32F10x_FWLib\src\misc.c               0x00000000   Number         0  misc.o ABSOLUTE
    STM32F10x_FWLib\src\stm32f10x_adc.c      0x00000000   Number         0  stm32f10x_adc.o ABSOLUTE
    STM32F10x_FWLib\src\stm32f10x_bkp.c      0x00000000   Number         0  stm32f10x_bkp.o ABSOLUTE
    STM32F10x_FWLib\src\stm32f10x_can.c      0x00000000   Number         0  stm32f10x_can.o ABSOLUTE
    STM32F10x_FWLib\src\stm32f10x_cec.c      0x00000000   Number         0  stm32f10x_cec.o ABSOLUTE
    STM32F10x_FWLib\src\stm32f10x_crc.c      0x00000000   Number         0  stm32f10x_crc.o ABSOLUTE
    STM32F10x_FWLib\src\stm32f10x_dac.c      0x00000000   Number         0  stm32f10x_dac.o ABSOLUTE
    STM32F10x_FWLib\src\stm32f10x_dbgmcu.c   0x00000000   Number         0  stm32f10x_dbgmcu.o ABSOLUTE
    STM32F10x_FWLib\src\stm32f10x_dma.c      0x00000000   Number         0  stm32f10x_dma.o ABSOLUTE
    STM32F10x_FWLib\src\stm32f10x_exti.c     0x00000000   Number         0  stm32f10x_exti.o ABSOLUTE
    STM32F10x_FWLib\src\stm32f10x_flash.c    0x00000000   Number         0  stm32f10x_flash.o ABSOLUTE
    STM32F10x_FWLib\src\stm32f10x_fsmc.c     0x00000000   Number         0  stm32f10x_fsmc.o ABSOLUTE
    STM32F10x_FWLib\src\stm32f10x_gpio.c     0x00000000   Number         0  stm32f10x_gpio.o ABSOLUTE
    STM32F10x_FWLib\src\stm32f10x_i2c.c      0x00000000   Number         0  stm32f10x_i2c.o ABSOLUTE
    STM32F10x_FWLib\src\stm32f10x_iwdg.c     0x00000000   Number         0  stm32f10x_iwdg.o ABSOLUTE
    STM32F10x_FWLib\src\stm32f10x_pwr.c      0x00000000   Number         0  stm32f10x_pwr.o ABSOLUTE
    STM32F10x_FWLib\src\stm32f10x_rcc.c      0x00000000   Number         0  stm32f10x_rcc.o ABSOLUTE
    STM32F10x_FWLib\src\stm32f10x_rtc.c      0x00000000   Number         0  stm32f10x_rtc.o ABSOLUTE
    STM32F10x_FWLib\src\stm32f10x_sdio.c     0x00000000   Number         0  stm32f10x_sdio.o ABSOLUTE
    STM32F10x_FWLib\src\stm32f10x_spi.c      0x00000000   Number         0  stm32f10x_spi.o ABSOLUTE
    STM32F10x_FWLib\src\stm32f10x_tim.c      0x00000000   Number         0  stm32f10x_tim.o ABSOLUTE
    STM32F10x_FWLib\src\stm32f10x_usart.c    0x00000000   Number         0  stm32f10x_usart.o ABSOLUTE
    STM32F10x_FWLib\src\stm32f10x_wwdg.c     0x00000000   Number         0  stm32f10x_wwdg.o ABSOLUTE
    User\Delay.c                             0x00000000   Number         0  delay.o ABSOLUTE
    User\I2C.c                               0x00000000   Number         0  i2c.o ABSOLUTE
    User\main.c                              0x00000000   Number         0  main.o ABSOLUTE
    User\stm32f10x_it.c                      0x00000000   Number         0  stm32f10x_it.o ABSOLUTE
    User\system_stm32f10x.c                  0x00000000   Number         0  system_stm32f10x.o ABSOLUTE
    cdcmple.s                                0x00000000   Number         0  cdcmple.o ABSOLUTE
    cdrcmple.s                               0x00000000   Number         0  cdrcmple.o ABSOLUTE
    dc.s                                     0x00000000   Number         0  dc.o ABSOLUTE
    handlers.s                               0x00000000   Number         0  handlers.o ABSOLUTE
    init.s                                   0x00000000   Number         0  init.o ABSOLUTE
    RESET                                    0x08000000   Section      304  startup_stm32f10x_hd.o(RESET)
    .ARM.Collect$$$$00000000                 0x08000130   Section        0  entry.o(.ARM.Collect$$$$00000000)
    .ARM.Collect$$$$00000001                 0x08000130   Section        4  entry2.o(.ARM.Collect$$$$00000001)
    .ARM.Collect$$$$00000004                 0x08000134   Section        4  entry5.o(.ARM.Collect$$$$00000004)
    .ARM.Collect$$$$00000008                 0x08000138   Section        0  entry7b.o(.ARM.Collect$$$$00000008)
    .ARM.Collect$$$$0000000A                 0x08000138   Section        0  entry8b.o(.ARM.Collect$$$$0000000A)
    .ARM.Collect$$$$0000000B                 0x08000138   Section        8  entry9a.o(.ARM.Collect$$$$0000000B)
    .ARM.Collect$$$$0000000E                 0x08000140   Section        4  entry12b.o(.ARM.Collect$$$$0000000E)
    .ARM.Collect$$$$0000000F                 0x08000144   Section        0  entry10a.o(.ARM.Collect$$$$0000000F)
    .ARM.Collect$$$$00000011                 0x08000144   Section        0  entry11a.o(.ARM.Collect$$$$00000011)
    .ARM.Collect$$$$00002712                 0x08000144   Section        4  entry2.o(.ARM.Collect$$$$00002712)
    __lit__00000000                          0x08000144   Data           4  entry2.o(.ARM.Collect$$$$00002712)
    .text                                    0x08000148   Section       36  startup_stm32f10x_hd.o(.text)
    .text                                    0x0800016c   Section        0  uldiv.o(.text)
    .text                                    0x080001ce   Section        0  fadd.o(.text)
    .text                                    0x0800027e   Section        0  fdiv.o(.text)
    .text                                    0x080002fa   Section        0  dadd.o(.text)
    .text                                    0x08000448   Section        0  dmul.o(.text)
    .text                                    0x0800052c   Section        0  ddiv.o(.text)
    .text                                    0x0800060a   Section        0  fflti.o(.text)
    .text                                    0x0800061c   Section        0  dflti.o(.text)
    .text                                    0x0800063e   Section        0  dfltui.o(.text)
    .text                                    0x08000658   Section        0  ffixui.o(.text)
    .text                                    0x08000680   Section        0  dfixui.o(.text)
    .text                                    0x080006b2   Section        0  dfixul.o(.text)
    .text                                    0x080006e4   Section       48  cdcmple.o(.text)
    .text                                    0x08000714   Section       48  cdrcmple.o(.text)
    .text                                    0x08000744   Section        0  uidiv.o(.text)
    .text                                    0x08000770   Section        0  llshl.o(.text)
    .text                                    0x0800078e   Section        0  llushr.o(.text)
    .text                                    0x080007ae   Section        0  llsshr.o(.text)
    .text                                    0x080007d2   Section        0  fepilogue.o(.text)
    .text                                    0x080007d2   Section        0  iusefp.o(.text)
    .text                                    0x08000840   Section        0  depilogue.o(.text)
    .text                                    0x080008fa   Section        0  dsqrt.o(.text)
    .text                                    0x0800099c   Section       36  init.o(.text)
    i.AT24C02_Init                           0x080009c0   Section        0  at24c02.o(i.AT24C02_Init)
    i.AT24C02_read                           0x080009c8   Section        0  at24c02.o(i.AT24C02_read)
    i.AT24C02_receiveByte                    0x080009f0   Section        0  at24c02.o(i.AT24C02_receiveByte)
    i.AT24C02_write                          0x08000a60   Section        0  at24c02.o(i.AT24C02_write)
    i.AT24C02_writeByte                      0x08000a84   Section        0  at24c02.o(i.AT24C02_writeByte)
    i.BusFault_Handler                       0x08000ac4   Section        0  stm32f10x_it.o(i.BusFault_Handler)
    i.DebugMon_Handler                       0x08000ac8   Section        0  stm32f10x_it.o(i.DebugMon_Handler)
    i.EXTI0_IRQHandler                       0x08000acc   Section        0  key.o(i.EXTI0_IRQHandler)
    i.EXTI2_IRQHandler                       0x08000b00   Section        0  key.o(i.EXTI2_IRQHandler)
    i.EXTI3_IRQHandler                       0x08000b34   Section        0  key.o(i.EXTI3_IRQHandler)
    i.EXTI4_IRQHandler                       0x08000b68   Section        0  key.o(i.EXTI4_IRQHandler)
    i.EXTI_ClearITPendingBit                 0x08000b9c   Section        0  stm32f10x_exti.o(i.EXTI_ClearITPendingBit)
    i.EXTI_Init                              0x08000ba8   Section        0  stm32f10x_exti.o(i.EXTI_Init)
    i.FSMC_NORSRAMCmd                        0x08000c3c   Section        0  stm32f10x_fsmc.o(i.FSMC_NORSRAMCmd)
    i.FSMC_NORSRAMInit                       0x08000c70   Section        0  stm32f10x_fsmc.o(i.FSMC_NORSRAMInit)
    i.GPIO_EXTILineConfig                    0x08000d58   Section        0  stm32f10x_gpio.o(i.GPIO_EXTILineConfig)
    i.GPIO_Init                              0x08000d98   Section        0  stm32f10x_gpio.o(i.GPIO_Init)
    i.GPIO_ReadInputDataBit                  0x08000eae   Section        0  stm32f10x_gpio.o(i.GPIO_ReadInputDataBit)
    i.GPIO_ResetBits                         0x08000ec0   Section        0  stm32f10x_gpio.o(i.GPIO_ResetBits)
    i.GPIO_SetBits                           0x08000ec4   Section        0  stm32f10x_gpio.o(i.GPIO_SetBits)
    i.HardFault_Handler                      0x08000ec8   Section        0  stm32f10x_it.o(i.HardFault_Handler)
    i.I2C_delay                              0x08000ecc   Section        0  i2c.o(i.I2C_delay)
    i.I2C_end                                0x08000ed6   Section        0  i2c.o(i.I2C_end)
    i.I2C_receiveACK                         0x08000ef8   Section        0  i2c.o(i.I2C_receiveACK)
    i.I2C_receiveByte                        0x08000f44   Section        0  i2c.o(i.I2C_receiveByte)
    i.I2C_sendACK                            0x08000f94   Section        0  i2c.o(i.I2C_sendACK)
    i.I2C_sendByte                           0x08000fc0   Section        0  i2c.o(i.I2C_sendByte)
    i.I2C_sendNACK                           0x08000ffa   Section        0  i2c.o(i.I2C_sendNACK)
    i.I2C_start                              0x0800101c   Section        0  i2c.o(i.I2C_start)
    i.IIC_Init                               0x08001044   Section        0  i2c.o(i.IIC_Init)
    i.Key_Init                               0x08001088   Section        0  key.o(i.Key_Init)
    i.Key_getValue                           0x080011bc   Section        0  key.o(i.Key_getValue)
    i.LCD_Init                               0x080011d0   Section        0  lcd.o(i.LCD_Init)
    i.LCD_clear                              0x080012cc   Section        0  lcd.o(i.LCD_clear)
    i.LCD_drawHorizontalLine                 0x080012f8   Section        0  lcd.o(i.LCD_drawHorizontalLine)
    i.LCD_drawPoint                          0x0800132a   Section        0  lcd.o(i.LCD_drawPoint)
    i.LCD_drawVerticalLine                   0x0800134a   Section        0  lcd.o(i.LCD_drawVerticalLine)
    i.LCD_fillRectangle                      0x0800137c   Section        0  lcd.o(i.LCD_fillRectangle)
    i.LCD_prepareWriteRam                    0x080013be   Section        0  lcd.o(i.LCD_prepareWriteRam)
    i.LCD_setDisplayAera                     0x080013c8   Section        0  lcd.o(i.LCD_setDisplayAera)
    i.LCD_showChar                           0x0800140c   Section        0  lcd.o(i.LCD_showChar)
    i.LCD_showNum                            0x08001570   Section        0  lcd.o(i.LCD_showNum)
    i.LCD_showString                         0x08001608   Section        0  lcd.o(i.LCD_showString)
    i.LCD_writeCircle                        0x08001666   Section        0  lcd.o(i.LCD_writeCircle)
    i.LCD_writeCommand                       0x080017e4   Section        0  lcd.o(i.LCD_writeCommand)
    i.LCD_writeData                          0x080017f0   Section        0  lcd.o(i.LCD_writeData)
    i.LED_Init                               0x080017fc   Section        0  led.o(i.LED_Init)
    i.LED_Toggle                             0x08001848   Section        0  led.o(i.LED_Toggle)
    i.MemManage_Handler                      0x0800186c   Section        0  stm32f10x_it.o(i.MemManage_Handler)
    i.NMI_Handler                            0x08001870   Section        0  stm32f10x_it.o(i.NMI_Handler)
    i.NVIC_EnableIRQ                         0x08001872   Section        0  key.o(i.NVIC_EnableIRQ)
    NVIC_EnableIRQ                           0x08001873   Thumb Code    22  key.o(i.NVIC_EnableIRQ)
    i.NVIC_Init                              0x08001888   Section        0  misc.o(i.NVIC_Init)
    i.NVIC_PriorityGroupConfig               0x080018f8   Section        0  misc.o(i.NVIC_PriorityGroupConfig)
    i.PendSV_Handler                         0x0800190c   Section        0  stm32f10x_it.o(i.PendSV_Handler)
    i.RCC_AHBPeriphClockCmd                  0x08001910   Section        0  stm32f10x_rcc.o(i.RCC_AHBPeriphClockCmd)
    i.RCC_APB2PeriphClockCmd                 0x08001930   Section        0  stm32f10x_rcc.o(i.RCC_APB2PeriphClockCmd)
    i.RCC_GetClocksFreq                      0x08001950   Section        0  stm32f10x_rcc.o(i.RCC_GetClocksFreq)
    i.SCL                                    0x08001a24   Section        0  i2c.o(i.SCL)
    i.SDA                                    0x08001a44   Section        0  i2c.o(i.SDA)
    i.SVC_Handler                            0x08001a64   Section        0  stm32f10x_it.o(i.SVC_Handler)
    i.Serial_Init                            0x08001a68   Section        0  serial.o(i.Serial_Init)
    i.SetSysClock                            0x08001b20   Section        0  system_stm32f10x.o(i.SetSysClock)
    SetSysClock                              0x08001b21   Thumb Code     8  system_stm32f10x.o(i.SetSysClock)
    i.SetSysClockTo72                        0x08001b28   Section        0  system_stm32f10x.o(i.SetSysClockTo72)
    SetSysClockTo72                          0x08001b29   Thumb Code   214  system_stm32f10x.o(i.SetSysClockTo72)
    i.SysTick_CLKSourceConfig                0x08001c08   Section        0  misc.o(i.SysTick_CLKSourceConfig)
    i.SysTick_Handler                        0x08001c30   Section        0  stm32f10x_it.o(i.SysTick_Handler)
    i.SystemInit                             0x08001c34   Section        0  system_stm32f10x.o(i.SystemInit)
    i.TIM6_IRQHandler                        0x08001c94   Section        0  timer.o(i.TIM6_IRQHandler)
    i.TIM_ClearITPendingBit                  0x08001cbc   Section        0  stm32f10x_tim.o(i.TIM_ClearITPendingBit)
    i.TIM_GetITStatus                        0x08001cc2   Section        0  stm32f10x_tim.o(i.TIM_GetITStatus)
    i.TOUCH_CS                               0x08001ce4   Section        0  touch.o(i.TOUCH_CS)
    i.TOUCH_MOSI                             0x08001d08   Section        0  touch.o(i.TOUCH_MOSI)
    i.TOUCH_SCK                              0x08001d2c   Section        0  touch.o(i.TOUCH_SCK)
    i.USART1_IRQHandler                      0x08001d4c   Section        0  serial.o(i.USART1_IRQHandler)
    i.USART1_sendByte                        0x08001d98   Section        0  serial.o(i.USART1_sendByte)
    i.USART_Cmd                              0x08001db8   Section        0  stm32f10x_usart.o(i.USART_Cmd)
    i.USART_GetFlagStatus                    0x08001dd0   Section        0  stm32f10x_usart.o(i.USART_GetFlagStatus)
    i.USART_GetITStatus                      0x08001dea   Section        0  stm32f10x_usart.o(i.USART_GetITStatus)
    i.USART_ITConfig                         0x08001e3e   Section        0  stm32f10x_usart.o(i.USART_ITConfig)
    i.USART_Init                             0x08001e88   Section        0  stm32f10x_usart.o(i.USART_Init)
    i.USART_ReceiveData                      0x08001f60   Section        0  stm32f10x_usart.o(i.USART_ReceiveData)
    i.USART_SendData                         0x08001f6a   Section        0  stm32f10x_usart.o(i.USART_SendData)
    i.UsageFault_Handler                     0x08001f72   Section        0  stm32f10x_it.o(i.UsageFault_Handler)
    i.__0printf                              0x08001f78   Section        0  printfa.o(i.__0printf)
    i.__0sprintf                             0x08001f98   Section        0  printfa.o(i.__0sprintf)
    i.__scatterload_copy                     0x08001fc0   Section       14  handlers.o(i.__scatterload_copy)
    i.__scatterload_null                     0x08001fce   Section        2  handlers.o(i.__scatterload_null)
    i.__scatterload_zeroinit                 0x08001fd0   Section       14  handlers.o(i.__scatterload_zeroinit)
    i.__set_errno                            0x08001fe0   Section        0  errno.o(i.__set_errno)
    i._fp_digits                             0x08001fec   Section        0  printfa.o(i._fp_digits)
    _fp_digits                               0x08001fed   Thumb Code   366  printfa.o(i._fp_digits)
    i._printf_core                           0x08002170   Section        0  printfa.o(i._printf_core)
    _printf_core                             0x08002171   Thumb Code  1704  printfa.o(i._printf_core)
    i._printf_post_padding                   0x08002824   Section        0  printfa.o(i._printf_post_padding)
    _printf_post_padding                     0x08002825   Thumb Code    36  printfa.o(i._printf_post_padding)
    i._printf_pre_padding                    0x08002848   Section        0  printfa.o(i._printf_pre_padding)
    _printf_pre_padding                      0x08002849   Thumb Code    46  printfa.o(i._printf_pre_padding)
    i._sputc                                 0x08002876   Section        0  printfa.o(i._sputc)
    _sputc                                   0x08002877   Thumb Code    10  printfa.o(i._sputc)
    i.delay_init                             0x08002880   Section        0  delay.o(i.delay_init)
    i.delay_ms                               0x080028b4   Section        0  delay.o(i.delay_ms)
    i.delay_us                               0x08002900   Section        0  delay.o(i.delay_us)
    i.fputc                                  0x0800294c   Section        0  serial.o(i.fputc)
    i.lcd_ex_st7789_reginit                  0x0800295c   Section        0  lcd.o(i.lcd_ex_st7789_reginit)
    i.load_draw_dialog                       0x08002b04   Section        0  main.o(i.load_draw_dialog)
    i.main                                   0x08002b2c   Section        0  main.o(i.main)
    i.rtp_test                               0x08002bfc   Section        0  main.o(i.rtp_test)
    i.sqrt                                   0x08002c90   Section        0  sqrt.o(i.sqrt)
    i.touchAdjust                            0x08002cdc   Section        0  touch.o(i.touchAdjust)
    i.touchInit                              0x080030f8   Section        0  touch.o(i.touchInit)
    i.touchScan                              0x080031b8   Section        0  touch.o(i.touchScan)
    i.touch_adjustInfoShow                   0x080032c8   Section        0  touch.o(i.touch_adjustInfoShow)
    i.touch_drawBigPoint                     0x080033f0   Section        0  touch.o(i.touch_drawBigPoint)
    i.touch_drawPoint                        0x0800342a   Section        0  touch.o(i.touch_drawPoint)
    i.touch_getAdjustData                    0x08003498   Section        0  touch.o(i.touch_getAdjustData)
    i.touch_readADC                          0x080034c0   Section        0  touch.o(i.touch_readADC)
    i.touch_readXOY                          0x08003548   Section        0  touch.o(i.touch_readXOY)
    i.touch_readXY                           0x080035c4   Section        0  touch.o(i.touch_readXY)
    i.touch_readXY2                          0x080035dc   Section        0  touch.o(i.touch_readXY2)
    i.touch_saveAdjustData                   0x0800368c   Section        0  touch.o(i.touch_saveAdjustData)
    i.touch_writeByte                        0x080036a8   Section        0  touch.o(i.touch_writeByte)
    .constdata                               0x080036e4   Section    12160  lcd.o(.constdata)
    .data                                    0x20000000   Section        4  delay.o(.data)
    fac_us                                   0x20000000   Data           1  delay.o(.data)
    fac_ms                                   0x20000002   Data           2  delay.o(.data)
    .data                                    0x20000004   Section       20  stm32f10x_rcc.o(.data)
    APBAHBPrescTable                         0x20000004   Data          16  stm32f10x_rcc.o(.data)
    ADCPrescTable                            0x20000014   Data           4  stm32f10x_rcc.o(.data)
    .data                                    0x20000018   Section        1  key.o(.data)
    .data                                    0x2000001a   Section        2  serial.o(.data)
    .data                                    0x2000001c   Section       72  touch.o(.data)
    .data                                    0x20000064   Section        4  stdout.o(.data)
    .data                                    0x20000068   Section        4  errno.o(.data)
    _errno                                   0x20000068   Data           4  errno.o(.data)
    .bss                                     0x2000006c   Section     1024  serial.o(.bss)
    STACK                                    0x20000470   Section     1024  startup_stm32f10x_hd.o(STACK)

    Global Symbols

    Symbol Name                              Value     Ov Type        Size  Object(Section)

    BuildAttributes$$THM_ISAv4$P$D$K$B$S$PE$A:L22UL41UL21$X:L11$S22US41US21$IEEE1$IW$USESV6$~STKCKD$USESV7$~SHL$OTIME$ROPI$IEEEJ$EBA8$MICROLIB$REQ8$PRES8$EABIv2 0x00000000   Number         0  anon$$obj.o ABSOLUTE
    __ARM_use_no_argv                        0x00000000   Number         0  main.o ABSOLUTE
    _printf_a                                0x00000000   Number         0  stubs.o ABSOLUTE
    _printf_c                                0x00000000   Number         0  stubs.o ABSOLUTE
    _printf_charcount                        0x00000000   Number         0  stubs.o ABSOLUTE
    _printf_d                                0x00000000   Number         0  stubs.o ABSOLUTE
    _printf_e                                0x00000000   Number         0  stubs.o ABSOLUTE
    _printf_f                                0x00000000   Number         0  stubs.o ABSOLUTE
    _printf_flags                            0x00000000   Number         0  stubs.o ABSOLUTE
    _printf_fp_dec                           0x00000000   Number         0  stubs.o ABSOLUTE
    _printf_fp_hex                           0x00000000   Number         0  stubs.o ABSOLUTE
    _printf_g                                0x00000000   Number         0  stubs.o ABSOLUTE
    _printf_i                                0x00000000   Number         0  stubs.o ABSOLUTE
    _printf_int_dec                          0x00000000   Number         0  stubs.o ABSOLUTE
    _printf_l                                0x00000000   Number         0  stubs.o ABSOLUTE
    _printf_lc                               0x00000000   Number         0  stubs.o ABSOLUTE
    _printf_ll                               0x00000000   Number         0  stubs.o ABSOLUTE
    _printf_lld                              0x00000000   Number         0  stubs.o ABSOLUTE
    _printf_lli                              0x00000000   Number         0  stubs.o ABSOLUTE
    _printf_llo                              0x00000000   Number         0  stubs.o ABSOLUTE
    _printf_llu                              0x00000000   Number         0  stubs.o ABSOLUTE
    _printf_llx                              0x00000000   Number         0  stubs.o ABSOLUTE
    _printf_longlong_dec                     0x00000000   Number         0  stubs.o ABSOLUTE
    _printf_longlong_hex                     0x00000000   Number         0  stubs.o ABSOLUTE
    _printf_longlong_oct                     0x00000000   Number         0  stubs.o ABSOLUTE
    _printf_ls                               0x00000000   Number         0  stubs.o ABSOLUTE
    _printf_mbtowc                           0x00000000   Number         0  stubs.o ABSOLUTE
    _printf_n                                0x00000000   Number         0  stubs.o ABSOLUTE
    _printf_o                                0x00000000   Number         0  stubs.o ABSOLUTE
    _printf_p                                0x00000000   Number         0  stubs.o ABSOLUTE
    _printf_percent                          0x00000000   Number         0  stubs.o ABSOLUTE
    _printf_pre_padding                      0x00000000   Number         0  stubs.o ABSOLUTE
    _printf_return_value                     0x00000000   Number         0  stubs.o ABSOLUTE
    _printf_s                                0x00000000   Number         0  stubs.o ABSOLUTE
    _printf_sizespec                         0x00000000   Number         0  stubs.o ABSOLUTE
    _printf_str                              0x00000000   Number         0  stubs.o ABSOLUTE
    _printf_truncate_signed                  0x00000000   Number         0  stubs.o ABSOLUTE
    _printf_truncate_unsigned                0x00000000   Number         0  stubs.o ABSOLUTE
    _printf_u                                0x00000000   Number         0  stubs.o ABSOLUTE
    _printf_wc                               0x00000000   Number         0  stubs.o ABSOLUTE
    _printf_wctomb                           0x00000000   Number         0  stubs.o ABSOLUTE
    _printf_widthprec                        0x00000000   Number         0  stubs.o ABSOLUTE
    _printf_x                                0x00000000   Number         0  stubs.o ABSOLUTE
    __arm_fini_                               - Undefined Weak Reference
    __cpp_initialize__aeabi_                  - Undefined Weak Reference
    __cxa_finalize                            - Undefined Weak Reference
    __decompress                              - Undefined Weak Reference
    _clock_init                               - Undefined Weak Reference
    _microlib_exit                            - Undefined Weak Reference
    __Vectors_Size                           0x00000130   Number         0  startup_stm32f10x_hd.o ABSOLUTE
    __Vectors                                0x08000000   Data           4  startup_stm32f10x_hd.o(RESET)
    __Vectors_End                            0x08000130   Data           0  startup_stm32f10x_hd.o(RESET)
    __main                                   0x08000131   Thumb Code     0  entry.o(.ARM.Collect$$$$00000000)
    _main_stk                                0x08000131   Thumb Code     0  entry2.o(.ARM.Collect$$$$00000001)
    _main_scatterload                        0x08000135   Thumb Code     0  entry5.o(.ARM.Collect$$$$00000004)
    __main_after_scatterload                 0x08000139   Thumb Code     0  entry5.o(.ARM.Collect$$$$00000004)
    _main_clock                              0x08000139   Thumb Code     0  entry7b.o(.ARM.Collect$$$$00000008)
    _main_cpp_init                           0x08000139   Thumb Code     0  entry8b.o(.ARM.Collect$$$$0000000A)
    _main_init                               0x08000139   Thumb Code     0  entry9a.o(.ARM.Collect$$$$0000000B)
    __rt_lib_shutdown_fini                   0x08000141   Thumb Code     0  entry12b.o(.ARM.Collect$$$$0000000E)
    __rt_final_cpp                           0x08000145   Thumb Code     0  entry10a.o(.ARM.Collect$$$$0000000F)
    __rt_final_exit                          0x08000145   Thumb Code     0  entry11a.o(.ARM.Collect$$$$00000011)
    Reset_Handler                            0x08000149   Thumb Code     8  startup_stm32f10x_hd.o(.text)
    ADC1_2_IRQHandler                        0x08000163   Thumb Code     0  startup_stm32f10x_hd.o(.text)
    ADC3_IRQHandler                          0x08000163   Thumb Code     0  startup_stm32f10x_hd.o(.text)
    CAN1_RX1_IRQHandler                      0x08000163   Thumb Code     0  startup_stm32f10x_hd.o(.text)
    CAN1_SCE_IRQHandler                      0x08000163   Thumb Code     0  startup_stm32f10x_hd.o(.text)
    DMA1_Channel1_IRQHandler                 0x08000163   Thumb Code     0  startup_stm32f10x_hd.o(.text)
    DMA1_Channel2_IRQHandler                 0x08000163   Thumb Code     0  startup_stm32f10x_hd.o(.text)
    DMA1_Channel3_IRQHandler                 0x08000163   Thumb Code     0  startup_stm32f10x_hd.o(.text)
    DMA1_Channel4_IRQHandler                 0x08000163   Thumb Code     0  startup_stm32f10x_hd.o(.text)
    DMA1_Channel5_IRQHandler                 0x08000163   Thumb Code     0  startup_stm32f10x_hd.o(.text)
    DMA1_Channel6_IRQHandler                 0x08000163   Thumb Code     0  startup_stm32f10x_hd.o(.text)
    DMA1_Channel7_IRQHandler                 0x08000163   Thumb Code     0  startup_stm32f10x_hd.o(.text)
    DMA2_Channel1_IRQHandler                 0x08000163   Thumb Code     0  startup_stm32f10x_hd.o(.text)
    DMA2_Channel2_IRQHandler                 0x08000163   Thumb Code     0  startup_stm32f10x_hd.o(.text)
    DMA2_Channel3_IRQHandler                 0x08000163   Thumb Code     0  startup_stm32f10x_hd.o(.text)
    DMA2_Channel4_5_IRQHandler               0x08000163   Thumb Code     0  startup_stm32f10x_hd.o(.text)
    EXTI15_10_IRQHandler                     0x08000163   Thumb Code     0  startup_stm32f10x_hd.o(.text)
    EXTI1_IRQHandler                         0x08000163   Thumb Code     0  startup_stm32f10x_hd.o(.text)
    EXTI9_5_IRQHandler                       0x08000163   Thumb Code     0  startup_stm32f10x_hd.o(.text)
    FLASH_IRQHandler                         0x08000163   Thumb Code     0  startup_stm32f10x_hd.o(.text)
    FSMC_IRQHandler                          0x08000163   Thumb Code     0  startup_stm32f10x_hd.o(.text)
    I2C1_ER_IRQHandler                       0x08000163   Thumb Code     0  startup_stm32f10x_hd.o(.text)
    I2C1_EV_IRQHandler                       0x08000163   Thumb Code     0  startup_stm32f10x_hd.o(.text)
    I2C2_ER_IRQHandler                       0x08000163   Thumb Code     0  startup_stm32f10x_hd.o(.text)
    I2C2_EV_IRQHandler                       0x08000163   Thumb Code     0  startup_stm32f10x_hd.o(.text)
    PVD_IRQHandler                           0x08000163   Thumb Code     0  startup_stm32f10x_hd.o(.text)
    RCC_IRQHandler                           0x08000163   Thumb Code     0  startup_stm32f10x_hd.o(.text)
    RTCAlarm_IRQHandler                      0x08000163   Thumb Code     0  startup_stm32f10x_hd.o(.text)
    RTC_IRQHandler                           0x08000163   Thumb Code     0  startup_stm32f10x_hd.o(.text)
    SDIO_IRQHandler                          0x08000163   Thumb Code     0  startup_stm32f10x_hd.o(.text)
    SPI1_IRQHandler                          0x08000163   Thumb Code     0  startup_stm32f10x_hd.o(.text)
    SPI2_IRQHandler                          0x08000163   Thumb Code     0  startup_stm32f10x_hd.o(.text)
    SPI3_IRQHandler                          0x08000163   Thumb Code     0  startup_stm32f10x_hd.o(.text)
    TAMPER_IRQHandler                        0x08000163   Thumb Code     0  startup_stm32f10x_hd.o(.text)
    TIM1_BRK_IRQHandler                      0x08000163   Thumb Code     0  startup_stm32f10x_hd.o(.text)
    TIM1_CC_IRQHandler                       0x08000163   Thumb Code     0  startup_stm32f10x_hd.o(.text)
    TIM1_TRG_COM_IRQHandler                  0x08000163   Thumb Code     0  startup_stm32f10x_hd.o(.text)
    TIM1_UP_IRQHandler                       0x08000163   Thumb Code     0  startup_stm32f10x_hd.o(.text)
    TIM2_IRQHandler                          0x08000163   Thumb Code     0  startup_stm32f10x_hd.o(.text)
    TIM3_IRQHandler                          0x08000163   Thumb Code     0  startup_stm32f10x_hd.o(.text)
    TIM4_IRQHandler                          0x08000163   Thumb Code     0  startup_stm32f10x_hd.o(.text)
    TIM5_IRQHandler                          0x08000163   Thumb Code     0  startup_stm32f10x_hd.o(.text)
    TIM7_IRQHandler                          0x08000163   Thumb Code     0  startup_stm32f10x_hd.o(.text)
    TIM8_BRK_IRQHandler                      0x08000163   Thumb Code     0  startup_stm32f10x_hd.o(.text)
    TIM8_CC_IRQHandler                       0x08000163   Thumb Code     0  startup_stm32f10x_hd.o(.text)
    TIM8_TRG_COM_IRQHandler                  0x08000163   Thumb Code     0  startup_stm32f10x_hd.o(.text)
    TIM8_UP_IRQHandler                       0x08000163   Thumb Code     0  startup_stm32f10x_hd.o(.text)
    UART4_IRQHandler                         0x08000163   Thumb Code     0  startup_stm32f10x_hd.o(.text)
    UART5_IRQHandler                         0x08000163   Thumb Code     0  startup_stm32f10x_hd.o(.text)
    USART2_IRQHandler                        0x08000163   Thumb Code     0  startup_stm32f10x_hd.o(.text)
    USART3_IRQHandler                        0x08000163   Thumb Code     0  startup_stm32f10x_hd.o(.text)
    USBWakeUp_IRQHandler                     0x08000163   Thumb Code     0  startup_stm32f10x_hd.o(.text)
    USB_HP_CAN1_TX_IRQHandler                0x08000163   Thumb Code     0  startup_stm32f10x_hd.o(.text)
    USB_LP_CAN1_RX0_IRQHandler               0x08000163   Thumb Code     0  startup_stm32f10x_hd.o(.text)
    WWDG_IRQHandler                          0x08000163   Thumb Code     0  startup_stm32f10x_hd.o(.text)
    __aeabi_uldivmod                         0x0800016d   Thumb Code    98  uldiv.o(.text)
    __aeabi_fadd                             0x080001cf   Thumb Code   164  fadd.o(.text)
    __aeabi_fsub                             0x08000273   Thumb Code     6  fadd.o(.text)
    __aeabi_frsub                            0x08000279   Thumb Code     6  fadd.o(.text)
    __aeabi_fdiv                             0x0800027f   Thumb Code   124  fdiv.o(.text)
    __aeabi_dadd                             0x080002fb   Thumb Code   322  dadd.o(.text)
    __aeabi_dsub                             0x0800043d   Thumb Code     6  dadd.o(.text)
    __aeabi_drsub                            0x08000443   Thumb Code     6  dadd.o(.text)
    __aeabi_dmul                             0x08000449   Thumb Code   228  dmul.o(.text)
    __aeabi_ddiv                             0x0800052d   Thumb Code   222  ddiv.o(.text)
    __aeabi_i2f                              0x0800060b   Thumb Code    18  fflti.o(.text)
    __aeabi_i2d                              0x0800061d   Thumb Code    34  dflti.o(.text)
    __aeabi_ui2d                             0x0800063f   Thumb Code    26  dfltui.o(.text)
    __aeabi_f2uiz                            0x08000659   Thumb Code    40  ffixui.o(.text)
    __aeabi_d2uiz                            0x08000681   Thumb Code    50  dfixui.o(.text)
    __aeabi_d2ulz                            0x080006b3   Thumb Code    48  dfixul.o(.text)
    __aeabi_cdcmpeq                          0x080006e5   Thumb Code     0  cdcmple.o(.text)
    __aeabi_cdcmple                          0x080006e5   Thumb Code    48  cdcmple.o(.text)
    __aeabi_cdrcmple                         0x08000715   Thumb Code    48  cdrcmple.o(.text)
    __aeabi_uidiv                            0x08000745   Thumb Code     0  uidiv.o(.text)
    __aeabi_uidivmod                         0x08000745   Thumb Code    44  uidiv.o(.text)
    __aeabi_llsl                             0x08000771   Thumb Code    30  llshl.o(.text)
    _ll_shift_l                              0x08000771   Thumb Code     0  llshl.o(.text)
    __aeabi_llsr                             0x0800078f   Thumb Code    32  llushr.o(.text)
    _ll_ushift_r                             0x0800078f   Thumb Code     0  llushr.o(.text)
    __aeabi_lasr                             0x080007af   Thumb Code    36  llsshr.o(.text)
    _ll_sshift_r                             0x080007af   Thumb Code     0  llsshr.o(.text)
    __I$use$fp                               0x080007d3   Thumb Code     0  iusefp.o(.text)
    _float_round                             0x080007d3   Thumb Code    18  fepilogue.o(.text)
    _float_epilogue                          0x080007e5   Thumb Code    92  fepilogue.o(.text)
    _double_round                            0x08000841   Thumb Code    30  depilogue.o(.text)
    _double_epilogue                         0x0800085f   Thumb Code   156  depilogue.o(.text)
    _dsqrt                                   0x080008fb   Thumb Code   162  dsqrt.o(.text)
    __scatterload                            0x0800099d   Thumb Code    28  init.o(.text)
    __scatterload_rt2                        0x0800099d   Thumb Code     0  init.o(.text)
    AT24C02_Init                             0x080009c1   Thumb Code     8  at24c02.o(i.AT24C02_Init)
    AT24C02_read                             0x080009c9   Thumb Code    38  at24c02.o(i.AT24C02_read)
    AT24C02_receiveByte                      0x080009f1   Thumb Code    86  at24c02.o(i.AT24C02_receiveByte)
    AT24C02_write                            0x08000a61   Thumb Code    36  at24c02.o(i.AT24C02_write)
    AT24C02_writeByte                        0x08000a85   Thumb Code    64  at24c02.o(i.AT24C02_writeByte)
    BusFault_Handler                         0x08000ac5   Thumb Code     4  stm32f10x_it.o(i.BusFault_Handler)
    DebugMon_Handler                         0x08000ac9   Thumb Code     2  stm32f10x_it.o(i.DebugMon_Handler)
    EXTI0_IRQHandler                         0x08000acd   Thumb Code    42  key.o(i.EXTI0_IRQHandler)
    EXTI2_IRQHandler                         0x08000b01   Thumb Code    42  key.o(i.EXTI2_IRQHandler)
    EXTI3_IRQHandler                         0x08000b35   Thumb Code    42  key.o(i.EXTI3_IRQHandler)
    EXTI4_IRQHandler                         0x08000b69   Thumb Code    42  key.o(i.EXTI4_IRQHandler)
    EXTI_ClearITPendingBit                   0x08000b9d   Thumb Code     6  stm32f10x_exti.o(i.EXTI_ClearITPendingBit)
    EXTI_Init                                0x08000ba9   Thumb Code   142  stm32f10x_exti.o(i.EXTI_Init)
    FSMC_NORSRAMCmd                          0x08000c3d   Thumb Code    46  stm32f10x_fsmc.o(i.FSMC_NORSRAMCmd)
    FSMC_NORSRAMInit                         0x08000c71   Thumb Code   230  stm32f10x_fsmc.o(i.FSMC_NORSRAMInit)
    GPIO_EXTILineConfig                      0x08000d59   Thumb Code    60  stm32f10x_gpio.o(i.GPIO_EXTILineConfig)
    GPIO_Init                                0x08000d99   Thumb Code   278  stm32f10x_gpio.o(i.GPIO_Init)
    GPIO_ReadInputDataBit                    0x08000eaf   Thumb Code    18  stm32f10x_gpio.o(i.GPIO_ReadInputDataBit)
    GPIO_ResetBits                           0x08000ec1   Thumb Code     4  stm32f10x_gpio.o(i.GPIO_ResetBits)
    GPIO_SetBits                             0x08000ec5   Thumb Code     4  stm32f10x_gpio.o(i.GPIO_SetBits)
    HardFault_Handler                        0x08000ec9   Thumb Code     4  stm32f10x_it.o(i.HardFault_Handler)
    I2C_delay                                0x08000ecd   Thumb Code    10  i2c.o(i.I2C_delay)
    I2C_end                                  0x08000ed7   Thumb Code    34  i2c.o(i.I2C_end)
    I2C_receiveACK                           0x08000ef9   Thumb Code    72  i2c.o(i.I2C_receiveACK)
    I2C_receiveByte                          0x08000f45   Thumb Code    74  i2c.o(i.I2C_receiveByte)
    I2C_sendACK                              0x08000f95   Thumb Code    44  i2c.o(i.I2C_sendACK)
    I2C_sendByte                             0x08000fc1   Thumb Code    58  i2c.o(i.I2C_sendByte)
    I2C_sendNACK                             0x08000ffb   Thumb Code    34  i2c.o(i.I2C_sendNACK)
    I2C_start                                0x0800101d   Thumb Code    40  i2c.o(i.I2C_start)
    IIC_Init                                 0x08001045   Thumb Code    62  i2c.o(i.IIC_Init)
    Key_Init                                 0x08001089   Thumb Code   300  key.o(i.Key_Init)
    Key_getValue                             0x080011bd   Thumb Code    14  key.o(i.Key_getValue)
    LCD_Init                                 0x080011d1   Thumb Code   234  lcd.o(i.LCD_Init)
    LCD_clear                                0x080012cd   Thumb Code    44  lcd.o(i.LCD_clear)
    LCD_drawHorizontalLine                   0x080012f9   Thumb Code    50  lcd.o(i.LCD_drawHorizontalLine)
    LCD_drawPoint                            0x0800132b   Thumb Code    32  lcd.o(i.LCD_drawPoint)
    LCD_drawVerticalLine                     0x0800134b   Thumb Code    50  lcd.o(i.LCD_drawVerticalLine)
    LCD_fillRectangle                        0x0800137d   Thumb Code    66  lcd.o(i.LCD_fillRectangle)
    LCD_prepareWriteRam                      0x080013bf   Thumb Code    10  lcd.o(i.LCD_prepareWriteRam)
    LCD_setDisplayAera                       0x080013c9   Thumb Code    68  lcd.o(i.LCD_setDisplayAera)
    LCD_showChar                             0x0800140d   Thumb Code   344  lcd.o(i.LCD_showChar)
    LCD_showNum                              0x08001571   Thumb Code   152  lcd.o(i.LCD_showNum)
    LCD_showString                           0x08001609   Thumb Code    94  lcd.o(i.LCD_showString)
    LCD_writeCircle                          0x08001667   Thumb Code   382  lcd.o(i.LCD_writeCircle)
    LCD_writeCommand                         0x080017e5   Thumb Code     6  lcd.o(i.LCD_writeCommand)
    LCD_writeData                            0x080017f1   Thumb Code     6  lcd.o(i.LCD_writeData)
    LED_Init                                 0x080017fd   Thumb Code    68  led.o(i.LED_Init)
    LED_Toggle                               0x08001849   Thumb Code    36  led.o(i.LED_Toggle)
    MemManage_Handler                        0x0800186d   Thumb Code     4  stm32f10x_it.o(i.MemManage_Handler)
    NMI_Handler                              0x08001871   Thumb Code     2  stm32f10x_it.o(i.NMI_Handler)
    NVIC_Init                                0x08001889   Thumb Code   100  misc.o(i.NVIC_Init)
    NVIC_PriorityGroupConfig                 0x080018f9   Thumb Code    10  misc.o(i.NVIC_PriorityGroupConfig)
    PendSV_Handler                           0x0800190d   Thumb Code     2  stm32f10x_it.o(i.PendSV_Handler)
    RCC_AHBPeriphClockCmd                    0x08001911   Thumb Code    26  stm32f10x_rcc.o(i.RCC_AHBPeriphClockCmd)
    RCC_APB2PeriphClockCmd                   0x08001931   Thumb Code    26  stm32f10x_rcc.o(i.RCC_APB2PeriphClockCmd)
    RCC_GetClocksFreq                        0x08001951   Thumb Code   192  stm32f10x_rcc.o(i.RCC_GetClocksFreq)
    SCL                                      0x08001a25   Thumb Code    26  i2c.o(i.SCL)
    SDA                                      0x08001a45   Thumb Code    26  i2c.o(i.SDA)
    SVC_Handler                              0x08001a65   Thumb Code     2  stm32f10x_it.o(i.SVC_Handler)
    Serial_Init                              0x08001a69   Thumb Code   174  serial.o(i.Serial_Init)
    SysTick_CLKSourceConfig                  0x08001c09   Thumb Code    40  misc.o(i.SysTick_CLKSourceConfig)
    SysTick_Handler                          0x08001c31   Thumb Code     2  stm32f10x_it.o(i.SysTick_Handler)
    SystemInit                               0x08001c35   Thumb Code    78  system_stm32f10x.o(i.SystemInit)
    TIM6_IRQHandler                          0x08001c95   Thumb Code    32  timer.o(i.TIM6_IRQHandler)
    TIM_ClearITPendingBit                    0x08001cbd   Thumb Code     6  stm32f10x_tim.o(i.TIM_ClearITPendingBit)
    TIM_GetITStatus                          0x08001cc3   Thumb Code    34  stm32f10x_tim.o(i.TIM_GetITStatus)
    TOUCH_CS                                 0x08001ce5   Thumb Code    30  touch.o(i.TOUCH_CS)
    TOUCH_MOSI                               0x08001d09   Thumb Code    30  touch.o(i.TOUCH_MOSI)
    TOUCH_SCK                                0x08001d2d   Thumb Code    26  touch.o(i.TOUCH_SCK)
    USART1_IRQHandler                        0x08001d4d   Thumb Code    62  serial.o(i.USART1_IRQHandler)
    USART1_sendByte                          0x08001d99   Thumb Code    28  serial.o(i.USART1_sendByte)
    USART_Cmd                                0x08001db9   Thumb Code    24  stm32f10x_usart.o(i.USART_Cmd)
    USART_GetFlagStatus                      0x08001dd1   Thumb Code    26  stm32f10x_usart.o(i.USART_GetFlagStatus)
    USART_GetITStatus                        0x08001deb   Thumb Code    84  stm32f10x_usart.o(i.USART_GetITStatus)
    USART_ITConfig                           0x08001e3f   Thumb Code    74  stm32f10x_usart.o(i.USART_ITConfig)
    USART_Init                               0x08001e89   Thumb Code   210  stm32f10x_usart.o(i.USART_Init)
    USART_ReceiveData                        0x08001f61   Thumb Code    10  stm32f10x_usart.o(i.USART_ReceiveData)
    USART_SendData                           0x08001f6b   Thumb Code     8  stm32f10x_usart.o(i.USART_SendData)
    UsageFault_Handler                       0x08001f73   Thumb Code     4  stm32f10x_it.o(i.UsageFault_Handler)
    __0printf                                0x08001f79   Thumb Code    22  printfa.o(i.__0printf)
    __1printf                                0x08001f79   Thumb Code     0  printfa.o(i.__0printf)
    __2printf                                0x08001f79   Thumb Code     0  printfa.o(i.__0printf)
    __c89printf                              0x08001f79   Thumb Code     0  printfa.o(i.__0printf)
    printf                                   0x08001f79   Thumb Code     0  printfa.o(i.__0printf)
    __0sprintf                               0x08001f99   Thumb Code    34  printfa.o(i.__0sprintf)
    __1sprintf                               0x08001f99   Thumb Code     0  printfa.o(i.__0sprintf)
    __2sprintf                               0x08001f99   Thumb Code     0  printfa.o(i.__0sprintf)
    __c89sprintf                             0x08001f99   Thumb Code     0  printfa.o(i.__0sprintf)
    sprintf                                  0x08001f99   Thumb Code     0  printfa.o(i.__0sprintf)
    __scatterload_copy                       0x08001fc1   Thumb Code    14  handlers.o(i.__scatterload_copy)
    __scatterload_null                       0x08001fcf   Thumb Code     2  handlers.o(i.__scatterload_null)
    __scatterload_zeroinit                   0x08001fd1   Thumb Code    14  handlers.o(i.__scatterload_zeroinit)
    __set_errno                              0x08001fe1   Thumb Code     6  errno.o(i.__set_errno)
    delay_init                               0x08002881   Thumb Code    42  delay.o(i.delay_init)
    delay_ms                                 0x080028b5   Thumb Code    72  delay.o(i.delay_ms)
    delay_us                                 0x08002901   Thumb Code    72  delay.o(i.delay_us)
    fputc                                    0x0800294d   Thumb Code    16  serial.o(i.fputc)
    lcd_ex_st7789_reginit                    0x0800295d   Thumb Code   424  lcd.o(i.lcd_ex_st7789_reginit)
    load_draw_dialog                         0x08002b05   Thumb Code    34  main.o(i.load_draw_dialog)
    main                                     0x08002b2d   Thumb Code   144  main.o(i.main)
    rtp_test                                 0x08002bfd   Thumb Code   140  main.o(i.rtp_test)
    sqrt                                     0x08002c91   Thumb Code    76  sqrt.o(i.sqrt)
    touchAdjust                              0x08002cdd   Thumb Code  1002  touch.o(i.touchAdjust)
    touchInit                                0x080030f9   Thumb Code   178  touch.o(i.touchInit)
    touchScan                                0x080031b9   Thumb Code   254  touch.o(i.touchScan)
    touch_adjustInfoShow                     0x080032c9   Thumb Code   254  touch.o(i.touch_adjustInfoShow)
    touch_drawBigPoint                       0x080033f1   Thumb Code    58  touch.o(i.touch_drawBigPoint)
    touch_drawPoint                          0x0800342b   Thumb Code   110  touch.o(i.touch_drawPoint)
    touch_getAdjustData                      0x08003499   Thumb Code    36  touch.o(i.touch_getAdjustData)
    touch_readADC                            0x080034c1   Thumb Code   130  touch.o(i.touch_readADC)
    touch_readXOY                            0x08003549   Thumb Code   124  touch.o(i.touch_readXOY)
    touch_readXY                             0x080035c5   Thumb Code    24  touch.o(i.touch_readXY)
    touch_readXY2                            0x080035dd   Thumb Code   176  touch.o(i.touch_readXY2)
    touch_saveAdjustData                     0x0800368d   Thumb Code    24  touch.o(i.touch_saveAdjustData)
    touch_writeByte                          0x080036a9   Thumb Code    60  touch.o(i.touch_writeByte)
    ASCII_1608                               0x080036e4   Data        1520  lcd.o(.constdata)
    ASCII_2412                               0x08003cd4   Data        4560  lcd.o(.constdata)
    ASCII_3216                               0x08004ea4   Data        6080  lcd.o(.constdata)
    Region$$Table$$Base                      0x08006664   Number         0  anon$$obj.o(Region$$Table)
    Region$$Table$$Limit                     0x08006684   Number         0  anon$$obj.o(Region$$Table)
    KeyNum                                   0x20000018   Data           1  key.o(.data)
    buffHead                                 0x2000001a   Data           2  serial.o(.data)
    touch_dev                                0x2000001c   Data          72  touch.o(.data)
    __stdout                                 0x20000064   Data           4  stdout.o(.data)
    USART1_ReceiveBuf                        0x2000006c   Data        1024  serial.o(.bss)
    __initial_sp                             0x20000870   Data           0  startup_stm32f10x_hd.o(STACK)



==============================================================================

Memory Map of the image

  Image Entry point : 0x08000131

  Load Region LR_IROM1 (Base: 0x08000000, Size: 0x000066f0, Max: 0x00080000, ABSOLUTE)

    Execution Region ER_IROM1 (Exec base: 0x08000000, Load base: 0x08000000, Size: 0x00006684, Max: 0x00080000, ABSOLUTE)

    Exec Addr    Load Addr    Size         Type   Attr      Idx    E Section Name        Object

    0x08000000   0x08000000   0x00000130   Data   RO          370    RESET               startup_stm32f10x_hd.o
    0x08000130   0x08000130   0x00000000   Code   RO         3845  * .ARM.Collect$$$$00000000  mc_w.l(entry.o)
    0x08000130   0x08000130   0x00000004   Code   RO         4137    .ARM.Collect$$$$00000001  mc_w.l(entry2.o)
    0x08000134   0x08000134   0x00000004   Code   RO         4140    .ARM.Collect$$$$00000004  mc_w.l(entry5.o)
    0x08000138   0x08000138   0x00000000   Code   RO         4142    .ARM.Collect$$$$00000008  mc_w.l(entry7b.o)
    0x08000138   0x08000138   0x00000000   Code   RO         4144    .ARM.Collect$$$$0000000A  mc_w.l(entry8b.o)
    0x08000138   0x08000138   0x00000008   Code   RO         4145    .ARM.Collect$$$$0000000B  mc_w.l(entry9a.o)
    0x08000140   0x08000140   0x00000004   Code   RO         4152    .ARM.Collect$$$$0000000E  mc_w.l(entry12b.o)
    0x08000144   0x08000144   0x00000000   Code   RO         4147    .ARM.Collect$$$$0000000F  mc_w.l(entry10a.o)
    0x08000144   0x08000144   0x00000000   Code   RO         4149    .ARM.Collect$$$$00000011  mc_w.l(entry11a.o)
    0x08000144   0x08000144   0x00000004   Code   RO         4138    .ARM.Collect$$$$00002712  mc_w.l(entry2.o)
    0x08000148   0x08000148   0x00000024   Code   RO          371    .text               startup_stm32f10x_hd.o
    0x0800016c   0x0800016c   0x00000062   Code   RO         3848    .text               mc_w.l(uldiv.o)
    0x080001ce   0x080001ce   0x000000b0   Code   RO         4111    .text               mf_w.l(fadd.o)
    0x0800027e   0x0800027e   0x0000007c   Code   RO         4113    .text               mf_w.l(fdiv.o)
    0x080002fa   0x080002fa   0x0000014e   Code   RO         4115    .text               mf_w.l(dadd.o)
    0x08000448   0x08000448   0x000000e4   Code   RO         4117    .text               mf_w.l(dmul.o)
    0x0800052c   0x0800052c   0x000000de   Code   RO         4119    .text               mf_w.l(ddiv.o)
    0x0800060a   0x0800060a   0x00000012   Code   RO         4121    .text               mf_w.l(fflti.o)
    0x0800061c   0x0800061c   0x00000022   Code   RO         4123    .text               mf_w.l(dflti.o)
    0x0800063e   0x0800063e   0x0000001a   Code   RO         4125    .text               mf_w.l(dfltui.o)
    0x08000658   0x08000658   0x00000028   Code   RO         4127    .text               mf_w.l(ffixui.o)
    0x08000680   0x08000680   0x00000032   Code   RO         4129    .text               mf_w.l(dfixui.o)
    0x080006b2   0x080006b2   0x00000030   Code   RO         4131    .text               mf_w.l(dfixul.o)
    0x080006e2   0x080006e2   0x00000002   PAD
    0x080006e4   0x080006e4   0x00000030   Code   RO         4133    .text               mf_w.l(cdcmple.o)
    0x08000714   0x08000714   0x00000030   Code   RO         4135    .text               mf_w.l(cdrcmple.o)
    0x08000744   0x08000744   0x0000002c   Code   RO         4154    .text               mc_w.l(uidiv.o)
    0x08000770   0x08000770   0x0000001e   Code   RO         4156    .text               mc_w.l(llshl.o)
    0x0800078e   0x0800078e   0x00000020   Code   RO         4158    .text               mc_w.l(llushr.o)
    0x080007ae   0x080007ae   0x00000024   Code   RO         4160    .text               mc_w.l(llsshr.o)
    0x080007d2   0x080007d2   0x00000000   Code   RO         4169    .text               mc_w.l(iusefp.o)
    0x080007d2   0x080007d2   0x0000006e   Code   RO         4170    .text               mf_w.l(fepilogue.o)
    0x08000840   0x08000840   0x000000ba   Code   RO         4172    .text               mf_w.l(depilogue.o)
    0x080008fa   0x080008fa   0x000000a2   Code   RO         4174    .text               mf_w.l(dsqrt.o)
    0x0800099c   0x0800099c   0x00000024   Code   RO         4176    .text               mc_w.l(init.o)
    0x080009c0   0x080009c0   0x00000008   Code   RO         3654    i.AT24C02_Init      at24c02.o
    0x080009c8   0x080009c8   0x00000026   Code   RO         3656    i.AT24C02_read      at24c02.o
    0x080009ee   0x080009ee   0x00000002   PAD
    0x080009f0   0x080009f0   0x00000070   Code   RO         3657    i.AT24C02_receiveByte  at24c02.o
    0x08000a60   0x08000a60   0x00000024   Code   RO         3658    i.AT24C02_write     at24c02.o
    0x08000a84   0x08000a84   0x00000040   Code   RO         3659    i.AT24C02_writeByte  at24c02.o
    0x08000ac4   0x08000ac4   0x00000004   Code   RO          156    i.BusFault_Handler  stm32f10x_it.o
    0x08000ac8   0x08000ac8   0x00000002   Code   RO          157    i.DebugMon_Handler  stm32f10x_it.o
    0x08000aca   0x08000aca   0x00000002   PAD
    0x08000acc   0x08000acc   0x00000034   Code   RO         3368    i.EXTI0_IRQHandler  key.o
    0x08000b00   0x08000b00   0x00000034   Code   RO         3369    i.EXTI2_IRQHandler  key.o
    0x08000b34   0x08000b34   0x00000034   Code   RO         3370    i.EXTI3_IRQHandler  key.o
    0x08000b68   0x08000b68   0x00000034   Code   RO         3371    i.EXTI4_IRQHandler  key.o
    0x08000b9c   0x08000b9c   0x0000000c   Code   RO         1199    i.EXTI_ClearITPendingBit  stm32f10x_exti.o
    0x08000ba8   0x08000ba8   0x00000094   Code   RO         1204    i.EXTI_Init         stm32f10x_exti.o
    0x08000c3c   0x08000c3c   0x00000034   Code   RO         1437    i.FSMC_NORSRAMCmd   stm32f10x_fsmc.o
    0x08000c70   0x08000c70   0x000000e6   Code   RO         1439    i.FSMC_NORSRAMInit  stm32f10x_fsmc.o
    0x08000d56   0x08000d56   0x00000002   PAD
    0x08000d58   0x08000d58   0x00000040   Code   RO         1549    i.GPIO_EXTILineConfig  stm32f10x_gpio.o
    0x08000d98   0x08000d98   0x00000116   Code   RO         1552    i.GPIO_Init         stm32f10x_gpio.o
    0x08000eae   0x08000eae   0x00000012   Code   RO         1556    i.GPIO_ReadInputDataBit  stm32f10x_gpio.o
    0x08000ec0   0x08000ec0   0x00000004   Code   RO         1559    i.GPIO_ResetBits    stm32f10x_gpio.o
    0x08000ec4   0x08000ec4   0x00000004   Code   RO         1560    i.GPIO_SetBits      stm32f10x_gpio.o
    0x08000ec8   0x08000ec8   0x00000004   Code   RO          158    i.HardFault_Handler  stm32f10x_it.o
    0x08000ecc   0x08000ecc   0x0000000a   Code   RO          282    i.I2C_delay         i2c.o
    0x08000ed6   0x08000ed6   0x00000022   Code   RO          283    i.I2C_end           i2c.o
    0x08000ef8   0x08000ef8   0x0000004c   Code   RO          284    i.I2C_receiveACK    i2c.o
    0x08000f44   0x08000f44   0x00000050   Code   RO          285    i.I2C_receiveByte   i2c.o
    0x08000f94   0x08000f94   0x0000002c   Code   RO          286    i.I2C_sendACK       i2c.o
    0x08000fc0   0x08000fc0   0x0000003a   Code   RO          287    i.I2C_sendByte      i2c.o
    0x08000ffa   0x08000ffa   0x00000022   Code   RO          288    i.I2C_sendNACK      i2c.o
    0x0800101c   0x0800101c   0x00000028   Code   RO          289    i.I2C_start         i2c.o
    0x08001044   0x08001044   0x00000044   Code   RO          290    i.IIC_Init          i2c.o
    0x08001088   0x08001088   0x00000134   Code   RO         3372    i.Key_Init          key.o
    0x080011bc   0x080011bc   0x00000014   Code   RO         3373    i.Key_getValue      key.o
    0x080011d0   0x080011d0   0x000000fc   Code   RO         3525    i.LCD_Init          lcd.o
    0x080012cc   0x080012cc   0x0000002c   Code   RO         3526    i.LCD_clear         lcd.o
    0x080012f8   0x080012f8   0x00000032   Code   RO         3527    i.LCD_drawHorizontalLine  lcd.o
    0x0800132a   0x0800132a   0x00000020   Code   RO         3528    i.LCD_drawPoint     lcd.o
    0x0800134a   0x0800134a   0x00000032   Code   RO         3531    i.LCD_drawVerticalLine  lcd.o
    0x0800137c   0x0800137c   0x00000042   Code   RO         3533    i.LCD_fillRectangle  lcd.o
    0x080013be   0x080013be   0x0000000a   Code   RO         3534    i.LCD_prepareWriteRam  lcd.o
    0x080013c8   0x080013c8   0x00000044   Code   RO         3535    i.LCD_setDisplayAera  lcd.o
    0x0800140c   0x0800140c   0x00000164   Code   RO         3536    i.LCD_showChar      lcd.o
    0x08001570   0x08001570   0x00000098   Code   RO         3537    i.LCD_showNum       lcd.o
    0x08001608   0x08001608   0x0000005e   Code   RO         3538    i.LCD_showString    lcd.o
    0x08001666   0x08001666   0x0000017e   Code   RO         3539    i.LCD_writeCircle   lcd.o
    0x080017e4   0x080017e4   0x0000000c   Code   RO         3540    i.LCD_writeCommand  lcd.o
    0x080017f0   0x080017f0   0x0000000c   Code   RO         3542    i.LCD_writeData     lcd.o
    0x080017fc   0x080017fc   0x0000004c   Code   RO         3425    i.LED_Init          led.o
    0x08001848   0x08001848   0x00000024   Code   RO         3428    i.LED_Toggle        led.o
    0x0800186c   0x0800186c   0x00000004   Code   RO          159    i.MemManage_Handler  stm32f10x_it.o
    0x08001870   0x08001870   0x00000002   Code   RO          160    i.NMI_Handler       stm32f10x_it.o
    0x08001872   0x08001872   0x00000016   Code   RO         3374    i.NVIC_EnableIRQ    key.o
    0x08001888   0x08001888   0x00000070   Code   RO          375    i.NVIC_Init         misc.o
    0x080018f8   0x080018f8   0x00000014   Code   RO          376    i.NVIC_PriorityGroupConfig  misc.o
    0x0800190c   0x0800190c   0x00000002   Code   RO          161    i.PendSV_Handler    stm32f10x_it.o
    0x0800190e   0x0800190e   0x00000002   PAD
    0x08001910   0x08001910   0x00000020   Code   RO         1967    i.RCC_AHBPeriphClockCmd  stm32f10x_rcc.o
    0x08001930   0x08001930   0x00000020   Code   RO         1970    i.RCC_APB2PeriphClockCmd  stm32f10x_rcc.o
    0x08001950   0x08001950   0x000000d4   Code   RO         1978    i.RCC_GetClocksFreq  stm32f10x_rcc.o
    0x08001a24   0x08001a24   0x00000020   Code   RO          291    i.SCL               i2c.o
    0x08001a44   0x08001a44   0x00000020   Code   RO          292    i.SDA               i2c.o
    0x08001a64   0x08001a64   0x00000002   Code   RO          162    i.SVC_Handler       stm32f10x_it.o
    0x08001a66   0x08001a66   0x00000002   PAD
    0x08001a68   0x08001a68   0x000000b8   Code   RO         3458    i.Serial_Init       serial.o
    0x08001b20   0x08001b20   0x00000008   Code   RO          219    i.SetSysClock       system_stm32f10x.o
    0x08001b28   0x08001b28   0x000000e0   Code   RO          220    i.SetSysClockTo72   system_stm32f10x.o
    0x08001c08   0x08001c08   0x00000028   Code   RO          379    i.SysTick_CLKSourceConfig  misc.o
    0x08001c30   0x08001c30   0x00000002   Code   RO          163    i.SysTick_Handler   stm32f10x_it.o
    0x08001c32   0x08001c32   0x00000002   PAD
    0x08001c34   0x08001c34   0x00000060   Code   RO          222    i.SystemInit        system_stm32f10x.o
    0x08001c94   0x08001c94   0x00000028   Code   RO         3812    i.TIM6_IRQHandler   timer.o
    0x08001cbc   0x08001cbc   0x00000006   Code   RO         2597    i.TIM_ClearITPendingBit  stm32f10x_tim.o
    0x08001cc2   0x08001cc2   0x00000022   Code   RO         2623    i.TIM_GetITStatus   stm32f10x_tim.o
    0x08001ce4   0x08001ce4   0x00000024   Code   RO         3699    i.TOUCH_CS          touch.o
    0x08001d08   0x08001d08   0x00000024   Code   RO         3700    i.TOUCH_MOSI        touch.o
    0x08001d2c   0x08001d2c   0x00000020   Code   RO         3701    i.TOUCH_SCK         touch.o
    0x08001d4c   0x08001d4c   0x0000004c   Code   RO         3460    i.USART1_IRQHandler  serial.o
    0x08001d98   0x08001d98   0x00000020   Code   RO         3463    i.USART1_sendByte   serial.o
    0x08001db8   0x08001db8   0x00000018   Code   RO         3138    i.USART_Cmd         stm32f10x_usart.o
    0x08001dd0   0x08001dd0   0x0000001a   Code   RO         3141    i.USART_GetFlagStatus  stm32f10x_usart.o
    0x08001dea   0x08001dea   0x00000054   Code   RO         3142    i.USART_GetITStatus  stm32f10x_usart.o
    0x08001e3e   0x08001e3e   0x0000004a   Code   RO         3144    i.USART_ITConfig    stm32f10x_usart.o
    0x08001e88   0x08001e88   0x000000d8   Code   RO         3145    i.USART_Init        stm32f10x_usart.o
    0x08001f60   0x08001f60   0x0000000a   Code   RO         3152    i.USART_ReceiveData  stm32f10x_usart.o
    0x08001f6a   0x08001f6a   0x00000008   Code   RO         3155    i.USART_SendData    stm32f10x_usart.o
    0x08001f72   0x08001f72   0x00000004   Code   RO          164    i.UsageFault_Handler  stm32f10x_it.o
    0x08001f76   0x08001f76   0x00000002   PAD
    0x08001f78   0x08001f78   0x00000020   Code   RO         4083    i.__0printf         mc_w.l(printfa.o)
    0x08001f98   0x08001f98   0x00000028   Code   RO         4085    i.__0sprintf        mc_w.l(printfa.o)
    0x08001fc0   0x08001fc0   0x0000000e   Code   RO         4180    i.__scatterload_copy  mc_w.l(handlers.o)
    0x08001fce   0x08001fce   0x00000002   Code   RO         4181    i.__scatterload_null  mc_w.l(handlers.o)
    0x08001fd0   0x08001fd0   0x0000000e   Code   RO         4182    i.__scatterload_zeroinit  mc_w.l(handlers.o)
    0x08001fde   0x08001fde   0x00000002   PAD
    0x08001fe0   0x08001fe0   0x0000000c   Code   RO         4164    i.__set_errno       mc_w.l(errno.o)
    0x08001fec   0x08001fec   0x00000184   Code   RO         4090    i._fp_digits        mc_w.l(printfa.o)
    0x08002170   0x08002170   0x000006b4   Code   RO         4091    i._printf_core      mc_w.l(printfa.o)
    0x08002824   0x08002824   0x00000024   Code   RO         4092    i._printf_post_padding  mc_w.l(printfa.o)
    0x08002848   0x08002848   0x0000002e   Code   RO         4093    i._printf_pre_padding  mc_w.l(printfa.o)
    0x08002876   0x08002876   0x0000000a   Code   RO         4095    i._sputc            mc_w.l(printfa.o)
    0x08002880   0x08002880   0x00000034   Code   RO          253    i.delay_init        delay.o
    0x080028b4   0x080028b4   0x0000004c   Code   RO          254    i.delay_ms          delay.o
    0x08002900   0x08002900   0x0000004c   Code   RO          255    i.delay_us          delay.o
    0x0800294c   0x0800294c   0x00000010   Code   RO         3466    i.fputc             serial.o
    0x0800295c   0x0800295c   0x000001a8   Code   RO         3543    i.lcd_ex_st7789_reginit  lcd.o
    0x08002b04   0x08002b04   0x00000028   Code   RO            1    i.load_draw_dialog  main.o
    0x08002b2c   0x08002b2c   0x000000d0   Code   RO            2    i.main              main.o
    0x08002bfc   0x08002bfc   0x00000094   Code   RO            3    i.rtp_test          main.o
    0x08002c90   0x08002c90   0x0000004c   Code   RO         3838    i.sqrt              m_ws.l(sqrt.o)
    0x08002cdc   0x08002cdc   0x0000041c   Code   RO         3702    i.touchAdjust       touch.o
    0x080030f8   0x080030f8   0x000000c0   Code   RO         3703    i.touchInit         touch.o
    0x080031b8   0x080031b8   0x00000110   Code   RO         3704    i.touchScan         touch.o
    0x080032c8   0x080032c8   0x00000128   Code   RO         3705    i.touch_adjustInfoShow  touch.o
    0x080033f0   0x080033f0   0x0000003a   Code   RO         3706    i.touch_drawBigPoint  touch.o
    0x0800342a   0x0800342a   0x0000006e   Code   RO         3707    i.touch_drawPoint   touch.o
    0x08003498   0x08003498   0x00000028   Code   RO         3708    i.touch_getAdjustData  touch.o
    0x080034c0   0x080034c0   0x00000088   Code   RO         3709    i.touch_readADC     touch.o
    0x08003548   0x08003548   0x0000007c   Code   RO         3710    i.touch_readXOY     touch.o
    0x080035c4   0x080035c4   0x00000018   Code   RO         3711    i.touch_readXY      touch.o
    0x080035dc   0x080035dc   0x000000b0   Code   RO         3712    i.touch_readXY2     touch.o
    0x0800368c   0x0800368c   0x0000001c   Code   RO         3713    i.touch_saveAdjustData  touch.o
    0x080036a8   0x080036a8   0x0000003c   Code   RO         3714    i.touch_writeByte   touch.o
    0x080036e4   0x080036e4   0x00002f80   Data   RO         3544    .constdata          lcd.o
    0x08006664   0x08006664   0x00000020   Data   RO         4178    Region$$Table       anon$$obj.o


    Execution Region RW_IRAM1 (Exec base: 0x20000000, Load base: 0x08006684, Size: 0x00000870, Max: 0x00010000, ABSOLUTE)

    Exec Addr    Load Addr    Size         Type   Attr      Idx    E Section Name        Object

    0x20000000   0x08006684   0x00000004   Data   RW          256    .data               delay.o
    0x20000004   0x08006688   0x00000014   Data   RW         1998    .data               stm32f10x_rcc.o
    0x20000018   0x0800669c   0x00000001   Data   RW         3375    .data               key.o
    0x20000019   0x0800669d   0x00000001   PAD
    0x2000001a   0x0800669e   0x00000002   Data   RW         3468    .data               serial.o
    0x2000001c   0x080066a0   0x00000048   Data   RW         3717    .data               touch.o
    0x20000064   0x080066e8   0x00000004   Data   RW         4153    .data               mc_w.l(stdout.o)
    0x20000068   0x080066ec   0x00000004   Data   RW         4165    .data               mc_w.l(errno.o)
    0x2000006c        -       0x00000400   Zero   RW         3467    .bss                serial.o
    0x2000046c   0x080066f0   0x00000004   PAD
    0x20000470        -       0x00000400   Zero   RW          368    STACK               startup_stm32f10x_hd.o


==============================================================================

Image component sizes


      Code (inc. data)   RO Data    RW Data    ZI Data      Debug   Object Name

       258         26          0          0          0       3088   at24c02.o
         0          0          0          0          0         32   core_cm3.o
       204         18          0          4          0       1507   delay.o
       508         28          0          0          0       5000   i2c.o
       558         54          0          1          0      18346   key.o
      2004         42      12160          0          0      11620   lcd.o
       112          8          0          0          0       1304   led.o
       396         78          0          0          0     263589   main.o
       172         22          0          0          0     210433   misc.o
       308         28          0          2       1024       2665   serial.o
        36          8        304          0       1024        756   startup_stm32f10x_hd.o
       160         12          0          0          0       1501   stm32f10x_exti.o
       282          6          0          0          0       1817   stm32f10x_fsmc.o
       368          4          0          0          0       4162   stm32f10x_gpio.o
        26          0          0          0          0       3494   stm32f10x_it.o
       276         32          0         20          0       4357   stm32f10x_rcc.o
        40          0          0          0          0       1754   stm32f10x_tim.o
       442          6          0          0          0       5981   stm32f10x_usart.o
       328         28          0          0          0       1825   system_stm32f10x.o
        40          8          0          0          0        422   timer.o
      2672        162          0         72          0      11336   touch.o

    ----------------------------------------------------------------------
      9204        570      12496        100       2052     554989   Object Totals
         0          0         32          0          0          0   (incl. Generated)
        14          0          0          1          4          0   (incl. Padding)

    ----------------------------------------------------------------------

      Code (inc. data)   RO Data    RW Data    ZI Data      Debug   Library Member Name

        76          0          0          0          0         84   sqrt.o
         0          0          0          0          0          0   entry.o
         0          0          0          0          0          0   entry10a.o
         0          0          0          0          0          0   entry11a.o
         4          0          0          0          0          0   entry12b.o
         8          4          0          0          0          0   entry2.o
         4          0          0          0          0          0   entry5.o
         0          0          0          0          0          0   entry7b.o
         0          0          0          0          0          0   entry8b.o
         8          4          0          0          0          0   entry9a.o
        12          6          0          4          0         68   errno.o
        30          0          0          0          0          0   handlers.o
        36          8          0          0          0         68   init.o
         0          0          0          0          0          0   iusefp.o
        30          0          0          0          0         68   llshl.o
        36          0          0          0          0         68   llsshr.o
        32          0          0          0          0         68   llushr.o
      2268         96          0          0          0        616   printfa.o
         0          0          0          4          0          0   stdout.o
        44          0          0          0          0         80   uidiv.o
        98          0          0          0          0         92   uldiv.o
        48          0          0          0          0         68   cdcmple.o
        48          0          0          0          0         68   cdrcmple.o
       334          0          0          0          0        148   dadd.o
       222          0          0          0          0        100   ddiv.o
       186          0          0          0          0        176   depilogue.o
        50          0          0          0          0         76   dfixui.o
        48          0          0          0          0         68   dfixul.o
        34          0          0          0          0         76   dflti.o
        26          0          0          0          0         76   dfltui.o
       228          0          0          0          0         96   dmul.o
       162          0          0          0          0        100   dsqrt.o
       176          0          0          0          0        140   fadd.o
       124          0          0          0          0         88   fdiv.o
       110          0          0          0          0        168   fepilogue.o
        40          0          0          0          0         68   ffixui.o
        18          0          0          0          0         68   fflti.o

    ----------------------------------------------------------------------
      4544        118          0          8          0       2796   Library Totals
         4          0          0          0          0          0   (incl. Padding)

    ----------------------------------------------------------------------

      Code (inc. data)   RO Data    RW Data    ZI Data      Debug   Library Name

        76          0          0          0          0         84   m_ws.l
      2610        118          0          8          0       1128   mc_w.l
      1854          0          0          0          0       1584   mf_w.l

    ----------------------------------------------------------------------
      4544        118          0          8          0       2796   Library Totals

    ----------------------------------------------------------------------

==============================================================================


      Code (inc. data)   RO Data    RW Data    ZI Data      Debug   

     13748        688      12496        108       2052     551229   Grand Totals
     13748        688      12496        108       2052     551229   ELF Image Totals
     13748        688      12496        108          0          0   ROM Totals

==============================================================================

    Total RO  Size (Code + RO Data)                26244 (  25.63kB)
    Total RW  Size (RW Data + ZI Data)              2160 (   2.11kB)
    Total ROM Size (Code + RO Data + RW Data)      26352 (  25.73kB)

==============================================================================

